Archive member included to satisfy reference by file (symbol)

c:/program files (x86)/atollic/truestudio for stm32 9.3.0/armtools/bin/../lib/gcc/arm-atollic-eabi/6.3.1/../../../../arm-atollic-eabi/lib/armv7e-m/fpu\libc_nano.a(lib_a-init.o)
                              src\startup_stm32f40xx.o (__libc_init_array)
c:/program files (x86)/atollic/truestudio for stm32 9.3.0/armtools/bin/../lib/gcc/arm-atollic-eabi/6.3.1/../../../../arm-atollic-eabi/lib/armv7e-m/fpu\libc_nano.a(lib_a-strlen.o)
                              src\tiny_printf.o (strlen)
c:/program files (x86)/atollic/truestudio for stm32 9.3.0/armtools/bin/../lib/gcc/arm-atollic-eabi/6.3.1/armv7e-m/fpu\libgcc.a(_arm_addsubdf3.o)
                              src\main.o (__aeabi_dadd)
c:/program files (x86)/atollic/truestudio for stm32 9.3.0/armtools/bin/../lib/gcc/arm-atollic-eabi/6.3.1/armv7e-m/fpu\libgcc.a(_arm_muldivdf3.o)
                              src\main.o (__aeabi_dmul)
c:/program files (x86)/atollic/truestudio for stm32 9.3.0/armtools/bin/../lib/gcc/arm-atollic-eabi/6.3.1/armv7e-m/fpu\libgcc.a(_arm_fixunsdfsi.o)
                              src\main.o (__aeabi_d2uiz)
c:/program files (x86)/atollic/truestudio for stm32 9.3.0/armtools/bin/../lib/gcc/arm-atollic-eabi/6.3.1/armv7e-m/fpu\libgcc.a(_aeabi_ldivmod.o)
                              src\main.o (__aeabi_ldivmod)
c:/program files (x86)/atollic/truestudio for stm32 9.3.0/armtools/bin/../lib/gcc/arm-atollic-eabi/6.3.1/armv7e-m/fpu\libgcc.a(_udivmoddi4.o)
                              c:/program files (x86)/atollic/truestudio for stm32 9.3.0/armtools/bin/../lib/gcc/arm-atollic-eabi/6.3.1/armv7e-m/fpu\libgcc.a(_aeabi_ldivmod.o) (__udivmoddi4)
c:/program files (x86)/atollic/truestudio for stm32 9.3.0/armtools/bin/../lib/gcc/arm-atollic-eabi/6.3.1/armv7e-m/fpu\libgcc.a(_dvmd_tls.o)
                              c:/program files (x86)/atollic/truestudio for stm32 9.3.0/armtools/bin/../lib/gcc/arm-atollic-eabi/6.3.1/armv7e-m/fpu\libgcc.a(_aeabi_ldivmod.o) (__aeabi_ldiv0)
c:/program files (x86)/atollic/truestudio for stm32 9.3.0/armtools/bin/../lib/gcc/arm-atollic-eabi/6.3.1/../../../../arm-atollic-eabi/lib/armv7e-m/fpu\libnosys.a(write.o)
                              src\tiny_printf.o (_write)
c:/program files (x86)/atollic/truestudio for stm32 9.3.0/armtools/bin/../lib/gcc/arm-atollic-eabi/6.3.1/../../../../arm-atollic-eabi/lib/armv7e-m/fpu\libnosys.a(errno.o)
                              c:/program files (x86)/atollic/truestudio for stm32 9.3.0/armtools/bin/../lib/gcc/arm-atollic-eabi/6.3.1/../../../../arm-atollic-eabi/lib/armv7e-m/fpu\libnosys.a(write.o) (errno)

Allocating common symbols
Common symbol       size              file

acc                 0x8               src\main.o
gDipConfig          0x1               src\main.o
ADC_result          0x4               src\main.o
errno               0x4               c:/program files (x86)/atollic/truestudio for stm32 9.3.0/armtools/bin/../lib/gcc/arm-atollic-eabi/6.3.1/../../../../arm-atollic-eabi/lib/armv7e-m/fpu\libnosys.a(errno.o)
DisplayUpdateFlags  0x1               src\main.o
average_array       0x500             src\main.o
AddData             0x20              src\main.o
average_index       0x80              src\main.o
divider             0x4               src\main.o
offset              0x4               src\main.o
Steps               0x200             src\main.o
RCC_Clocks          0x10              src\main.o

Memory Configuration

Name             Origin             Length             Attributes
FLASH            0x08000000         0x00100000         xr
RAM              0x20000000         0x00020000         xrw
MEMORY_B1        0x60000000         0x00000000         xr
CCMRAM           0x10000000         0x00010000         rw
*default*        0x00000000         0xffffffff

Linker script and memory map

LOAD c:/program files (x86)/atollic/truestudio for stm32 9.3.0/armtools/bin/../lib/gcc/arm-atollic-eabi/6.3.1/armv7e-m/fpu/crti.o
LOAD c:/program files (x86)/atollic/truestudio for stm32 9.3.0/armtools/bin/../lib/gcc/arm-atollic-eabi/6.3.1/armv7e-m/fpu/crtbegin.o
LOAD Libraries\STM32F4xx_StdPeriph_Driver\src\misc.o
LOAD Libraries\STM32F4xx_StdPeriph_Driver\src\stm32f4xx_adc.o
LOAD Libraries\STM32F4xx_StdPeriph_Driver\src\stm32f4xx_can.o
LOAD Libraries\STM32F4xx_StdPeriph_Driver\src\stm32f4xx_crc.o
LOAD Libraries\STM32F4xx_StdPeriph_Driver\src\stm32f4xx_cryp.o
LOAD Libraries\STM32F4xx_StdPeriph_Driver\src\stm32f4xx_cryp_aes.o
LOAD Libraries\STM32F4xx_StdPeriph_Driver\src\stm32f4xx_cryp_des.o
LOAD Libraries\STM32F4xx_StdPeriph_Driver\src\stm32f4xx_cryp_tdes.o
LOAD Libraries\STM32F4xx_StdPeriph_Driver\src\stm32f4xx_dac.o
LOAD Libraries\STM32F4xx_StdPeriph_Driver\src\stm32f4xx_dbgmcu.o
LOAD Libraries\STM32F4xx_StdPeriph_Driver\src\stm32f4xx_dcmi.o
LOAD Libraries\STM32F4xx_StdPeriph_Driver\src\stm32f4xx_dma.o
LOAD Libraries\STM32F4xx_StdPeriph_Driver\src\stm32f4xx_exti.o
LOAD Libraries\STM32F4xx_StdPeriph_Driver\src\stm32f4xx_flash.o
LOAD Libraries\STM32F4xx_StdPeriph_Driver\src\stm32f4xx_fsmc.o
LOAD Libraries\STM32F4xx_StdPeriph_Driver\src\stm32f4xx_gpio.o
LOAD Libraries\STM32F4xx_StdPeriph_Driver\src\stm32f4xx_hash.o
LOAD Libraries\STM32F4xx_StdPeriph_Driver\src\stm32f4xx_hash_md5.o
LOAD Libraries\STM32F4xx_StdPeriph_Driver\src\stm32f4xx_hash_sha1.o
LOAD Libraries\STM32F4xx_StdPeriph_Driver\src\stm32f4xx_i2c.o
LOAD Libraries\STM32F4xx_StdPeriph_Driver\src\stm32f4xx_iwdg.o
LOAD Libraries\STM32F4xx_StdPeriph_Driver\src\stm32f4xx_pwr.o
LOAD Libraries\STM32F4xx_StdPeriph_Driver\src\stm32f4xx_rcc.o
LOAD Libraries\STM32F4xx_StdPeriph_Driver\src\stm32f4xx_rng.o
LOAD Libraries\STM32F4xx_StdPeriph_Driver\src\stm32f4xx_rtc.o
LOAD Libraries\STM32F4xx_StdPeriph_Driver\src\stm32f4xx_sdio.o
LOAD Libraries\STM32F4xx_StdPeriph_Driver\src\stm32f4xx_spi.o
LOAD Libraries\STM32F4xx_StdPeriph_Driver\src\stm32f4xx_syscfg.o
LOAD Libraries\STM32F4xx_StdPeriph_Driver\src\stm32f4xx_tim.o
LOAD Libraries\STM32F4xx_StdPeriph_Driver\src\stm32f4xx_usart.o
LOAD Libraries\STM32F4xx_StdPeriph_Driver\src\stm32f4xx_wwdg.o
LOAD src\CAT25512.o
LOAD src\HC165.o
LOAD src\MAX5135.o
LOAD src\adc_pots_selector.o
LOAD src\dip_config.o
LOAD src\expander.o
LOAD src\leds_modes.o
LOAD src\leds_step.o
LOAD src\main.o
LOAD src\startup_stm32f40xx.o
LOAD src\stm32f4xx_it.o
LOAD src\system_stm32f4xx.o
LOAD src\tiny_printf.o
                0x00001000                malloc_getpagesize_P = 0x1000
START GROUP
LOAD c:/program files (x86)/atollic/truestudio for stm32 9.3.0/armtools/bin/../lib/gcc/arm-atollic-eabi/6.3.1/../../../../arm-atollic-eabi/lib/armv7e-m/fpu\libc_nano.a
LOAD c:/program files (x86)/atollic/truestudio for stm32 9.3.0/armtools/bin/../lib/gcc/arm-atollic-eabi/6.3.1/../../../../arm-atollic-eabi/lib/armv7e-m/fpu\libm.a
END GROUP
START GROUP
LOAD c:/program files (x86)/atollic/truestudio for stm32 9.3.0/armtools/bin/../lib/gcc/arm-atollic-eabi/6.3.1/armv7e-m/fpu\libgcc.a
LOAD c:/program files (x86)/atollic/truestudio for stm32 9.3.0/armtools/bin/../lib/gcc/arm-atollic-eabi/6.3.1/../../../../arm-atollic-eabi/lib/armv7e-m/fpu\libc_nano.a
END GROUP
START GROUP
LOAD c:/program files (x86)/atollic/truestudio for stm32 9.3.0/armtools/bin/../lib/gcc/arm-atollic-eabi/6.3.1/armv7e-m/fpu\libgcc.a
LOAD c:/program files (x86)/atollic/truestudio for stm32 9.3.0/armtools/bin/../lib/gcc/arm-atollic-eabi/6.3.1/../../../../arm-atollic-eabi/lib/armv7e-m/fpu\libc_nano.a
LOAD c:/program files (x86)/atollic/truestudio for stm32 9.3.0/armtools/bin/../lib/gcc/arm-atollic-eabi/6.3.1/../../../../arm-atollic-eabi/lib/armv7e-m/fpu\libnosys.a
END GROUP
START GROUP
LOAD c:/program files (x86)/atollic/truestudio for stm32 9.3.0/armtools/bin/../lib/gcc/arm-atollic-eabi/6.3.1/armv7e-m/fpu\libgcc.a
LOAD c:/program files (x86)/atollic/truestudio for stm32 9.3.0/armtools/bin/../lib/gcc/arm-atollic-eabi/6.3.1/../../../../arm-atollic-eabi/lib/armv7e-m/fpu\libc_nano.a
LOAD c:/program files (x86)/atollic/truestudio for stm32 9.3.0/armtools/bin/../lib/gcc/arm-atollic-eabi/6.3.1/../../../../arm-atollic-eabi/lib/armv7e-m/fpu\libnosys.a
END GROUP
LOAD c:/program files (x86)/atollic/truestudio for stm32 9.3.0/armtools/bin/../lib/gcc/arm-atollic-eabi/6.3.1/armv7e-m/fpu/crtend.o
LOAD c:/program files (x86)/atollic/truestudio for stm32 9.3.0/armtools/bin/../lib/gcc/arm-atollic-eabi/6.3.1/armv7e-m/fpu/crtn.o
                0x20020000                _estack = 0x20020000
                0x00000000                _Min_Heap_Size = 0x0
                0x00000400                _Min_Stack_Size = 0x400

.isr_vector     0x08000000      0x188
                0x08000000                . = ALIGN (0x4)
 *(.isr_vector)
 .isr_vector    0x08000000      0x188 src\startup_stm32f40xx.o
                0x08000000                g_pfnVectors
                0x08000188                . = ALIGN (0x4)

.text           0x08000188     0xc620
                0x08000188                . = ALIGN (0x4)
 *(.text)
 .text          0x08000188        0x0 c:/program files (x86)/atollic/truestudio for stm32 9.3.0/armtools/bin/../lib/gcc/arm-atollic-eabi/6.3.1/armv7e-m/fpu/crti.o
 .text          0x08000188       0x40 c:/program files (x86)/atollic/truestudio for stm32 9.3.0/armtools/bin/../lib/gcc/arm-atollic-eabi/6.3.1/armv7e-m/fpu/crtbegin.o
 .text          0x080001c8       0xd4 Libraries\STM32F4xx_StdPeriph_Driver\src\misc.o
                0x080001c8                NVIC_PriorityGroupConfig
                0x080001dc                NVIC_Init
                0x0800024c                NVIC_SetVectorTable
                0x08000260                NVIC_SystemLPConfig
                0x0800027c                SysTick_CLKSourceConfig
 .text          0x0800029c      0x3dc Libraries\STM32F4xx_StdPeriph_Driver\src\stm32f4xx_adc.o
                0x0800029c                ADC_DeInit
                0x080002b4                ADC_Init
                0x08000304                ADC_StructInit
                0x08000318                ADC_CommonInit
                0x08000344                ADC_CommonStructInit
                0x08000350                ADC_Cmd
                0x08000366                ADC_AnalogWatchdogCmd
                0x08000376                ADC_AnalogWatchdogThresholdsConfig
                0x0800037c                ADC_AnalogWatchdogSingleChannelConfig
                0x08000388                ADC_TempSensorVrefintCmd
                0x080003a8                ADC_VBATCmd
                0x080003c8                ADC_RegularChannelConfig
                0x08000458                ADC_SoftwareStartConv
                0x08000462                ADC_GetSoftwareStartConvStatus
                0x08000472                ADC_EOCOnEachRegularChannelCmd
                0x08000488                ADC_ContinuousModeCmd
                0x0800049e                ADC_DiscModeChannelCountConfig
                0x080004ae                ADC_DiscModeCmd
                0x080004c4                ADC_GetConversionValue
                0x080004ca                ADC_GetMultiModeConversionValue
                0x080004d4                ADC_DMACmd
                0x080004ea                ADC_DMARequestAfterLastTransferCmd
                0x08000500                ADC_MultiModeDMARequestAfterLastTransferCmd
                0x08000520                ADC_InjectedChannelConfig
                0x0800057a                ADC_InjectedSequencerLengthConfig
                0x0800058a                ADC_SetInjectedOffset
                0x080005a0                ADC_ExternalTrigInjectedConvConfig
                0x080005ac                ADC_ExternalTrigInjectedConvEdgeConfig
                0x080005b8                ADC_SoftwareStartInjectedConv
                0x080005c2                ADC_GetSoftwareStartInjectedConvCmdStatus
                0x080005d2                ADC_AutoInjectedConvCmd
                0x080005e8                ADC_InjectedDiscModeCmd
                0x080005fe                ADC_GetInjectedConversionValue
                0x08000618                ADC_ITConfig
                0x08000634                ADC_GetFlagStatus
                0x08000642                ADC_ClearFlag
                0x08000648                ADC_GetITStatus
                0x0800066e                ADC_ClearITPendingBit
 .text          0x08000678      0x8a4 Libraries\STM32F4xx_StdPeriph_Driver\src\stm32f4xx_can.o
                0x08000684                CAN_DeInit
                0x080006bc                CAN_Init
                0x080007ca                CAN_FilterInit
                0x080008c4                CAN_StructInit
                0x080008e4                CAN_SlaveStartBank
                0x08000920                CAN_DBGFreeze
                0x08000936                CAN_TTComModeCmd
                0x08000994                CAN_Transmit
                0x08000a64                CAN_TransmitStatus
                0x08000ad4                CAN_CancelTransmit
                0x08000afe                CAN_Receive
                0x08000ba4                CAN_FIFORelease
                0x08000bba                CAN_MessagePending
                0x08000bd4                CAN_OperatingModeRequest
                0x08000c74                CAN_Sleep
                0x08000c92                CAN_WakeUp
                0x08000cbe                CAN_GetLastErrorCode
                0x08000cc6                CAN_GetReceiveErrorCounter
                0x08000ccc                CAN_GetLSBTransmitErrorCounter
                0x08000cd4                CAN_ITConfig
                0x08000ce8                CAN_GetFlagStatus
                0x08000d5a                CAN_ClearFlag
                0x08000d90                CAN_GetITStatus
                0x08000e7c                CAN_ClearITPendingBit
 .text          0x08000f1c       0x68 Libraries\STM32F4xx_StdPeriph_Driver\src\stm32f4xx_crc.o
                0x08000f1c                CRC_ResetDR
                0x08000f28                CRC_CalcCRC
                0x08000f34                CRC_CalcBlockCRC
                0x08000f60                CRC_GetCRC
                0x08000f6c                CRC_SetIDRegister
                0x08000f78                CRC_GetIDRegister
 .text          0x08000f84      0x348 Libraries\STM32F4xx_StdPeriph_Driver\src\stm32f4xx_cryp.o
                0x08000f84                CRYP_DeInit
                0x08000f98                CRYP_Init
                0x08000ff8                CRYP_StructInit
                0x08001004                CRYP_KeyInit
                0x0800102c                CRYP_KeyStructInit
                0x08001040                CRYP_IVInit
                0x08001058                CRYP_IVStructInit
                0x08001064                CRYP_PhaseConfig
                0x08001078                CRYP_FIFOFlush
                0x08001088                CRYP_Cmd
                0x080010a8                CRYP_DataIn
                0x080010b4                CRYP_DataOut
                0x080010c0                CRYP_SaveContext
                0x080011b4                CRYP_RestoreContext
                0x08001240                CRYP_DMACmd
                0x08001260                CRYP_ITConfig
                0x08001280                CRYP_GetITStatus
                0x08001294                CRYP_GetCmdStatus
                0x080012ac                CRYP_GetFlagStatus
 .text          0x080012cc      0xf82 Libraries\STM32F4xx_StdPeriph_Driver\src\stm32f4xx_cryp_aes.o
                0x080012cc                CRYP_AES_ECB
                0x08001470                CRYP_AES_CBC
                0x08001638                CRYP_AES_CTR
                0x080017ba                CRYP_AES_GCM
                0x08001c52                CRYP_AES_CCM
 .text          0x0800224e      0x18c Libraries\STM32F4xx_StdPeriph_Driver\src\stm32f4xx_cryp_des.o
                0x0800224e                CRYP_DES_ECB
                0x08002308                CRYP_DES_CBC
 .text          0x080023da      0x1bc Libraries\STM32F4xx_StdPeriph_Driver\src\stm32f4xx_cryp_tdes.o
                0x080023da                CRYP_TDES_ECB
                0x080024ac                CRYP_TDES_CBC
 *fill*         0x08002596        0x2 
 .text          0x08002598      0x200 Libraries\STM32F4xx_StdPeriph_Driver\src\stm32f4xx_dac.o
                0x08002598                DAC_DeInit
                0x080025b0                DAC_Init
                0x080025e0                DAC_StructInit
                0x080025ec                DAC_Cmd
                0x08002614                DAC_SoftwareTriggerCmd
                0x08002640                DAC_DualSoftwareTriggerCmd
                0x08002660                DAC_WaveGenerationCmd
                0x08002680                DAC_SetChannel1Data
                0x080026a0                DAC_SetChannel2Data
                0x080026c0                DAC_SetDualChannelData
                0x080026d8                DAC_GetDataOutputValue
                0x080026fc                DAC_DMACmd
                0x08002728                DAC_ITConfig
                0x08002748                DAC_GetFlagStatus
                0x08002760                DAC_ClearFlag
                0x0800276c                DAC_GetITStatus
                0x0800278c                DAC_ClearITPendingBit
 .text          0x08002798       0x70 Libraries\STM32F4xx_StdPeriph_Driver\src\stm32f4xx_dbgmcu.o
                0x08002798                DBGMCU_GetREVID
                0x080027a4                DBGMCU_GetDEVID
                0x080027b4                DBGMCU_Config
                0x080027d0                DBGMCU_APB1PeriphConfig
                0x080027ec                DBGMCU_APB2PeriphConfig
 .text          0x08002808      0x1b0 Libraries\STM32F4xx_StdPeriph_Driver\src\stm32f4xx_dcmi.o
                0x08002808                DCMI_DeInit
                0x08002824                DCMI_Init
                0x08002868                DCMI_StructInit
                0x0800287a                DCMI_CROPConfig
                0x08002898                DCMI_CROPCmd
                0x080028b8                DCMI_SetEmbeddedSynchroCodes
                0x080028d8                DCMI_JPEGCmd
                0x080028f8                DCMI_Cmd
                0x08002918                DCMI_CaptureCmd
                0x08002938                DCMI_ReadData
                0x08002944                DCMI_ITConfig
                0x08002964                DCMI_GetFlagStatus
                0x0800298c                DCMI_ClearFlag
                0x08002998                DCMI_GetITStatus
                0x080029ac                DCMI_ClearITPendingBit
 .text          0x080029b8      0x3b8 Libraries\STM32F4xx_StdPeriph_Driver\src\stm32f4xx_dma.o
                0x080029b8                DMA_DeInit
                0x08002b10                DMA_Init
                0x08002b68                DMA_StructInit
                0x08002b8a                DMA_Cmd
                0x08002ba0                DMA_PeriphIncOffsetSizeConfig
                0x08002bb6                DMA_FlowControllerConfig
                0x08002bcc                DMA_SetCurrDataCounter
                0x08002bd0                DMA_GetCurrDataCounter
                0x08002bd6                DMA_DoubleBufferModeConfig
                0x08002bee                DMA_DoubleBufferModeCmd
                0x08002c04                DMA_MemoryTargetConfig
                0x08002c0e                DMA_GetCurrentMemoryTarget
                0x08002c1e                DMA_GetCmdStatus
                0x08002c2e                DMA_GetFIFOStatus
                0x08002c36                DMA_GetFlagStatus
                0x08002c6c                DMA_ClearFlag
                0x08002ca0                DMA_ITConfig
                0x08002cda                DMA_GetITStatus
                0x08002d3c                DMA_ClearITPendingBit
 .text          0x08002d70      0x114 Libraries\STM32F4xx_StdPeriph_Driver\src\stm32f4xx_exti.o
                0x08002d70                EXTI_DeInit
                0x08002d8c                EXTI_Init
                0x08002e1c                EXTI_StructInit
                0x08002e2a                EXTI_GenerateSWInterrupt
                0x08002e38                EXTI_GetFlagStatus
                0x08002e4c                EXTI_ClearFlag
                0x08002e58                EXTI_GetITStatus
                0x08002e78                EXTI_ClearITPendingBit
 .text          0x08002e84      0x490 Libraries\STM32F4xx_StdPeriph_Driver\src\stm32f4xx_flash.o
                0x08002e84                FLASH_SetLatency
                0x08002e90                FLASH_PrefetchBufferCmd
                0x08002eb0                FLASH_InstructionCacheCmd
                0x08002ed0                FLASH_DataCacheCmd
                0x08002ef0                FLASH_InstructionCacheReset
                0x08002f00                FLASH_DataCacheReset
                0x08002f10                FLASH_Unlock
                0x08002f30                FLASH_Lock
                0x08002f40                FLASH_OB_Unlock
                0x08002f60                FLASH_OB_Lock
                0x08002f70                FLASH_OB_BORConfig
                0x08002f88                FLASH_OB_GetUser
                0x08002f98                FLASH_OB_GetWRP
                0x08002fa4                FLASH_OB_GetWRP1
                0x08002fb0                FLASH_OB_GetRDP
                0x08002fc8                FLASH_OB_GetBOR
                0x08002fd8                FLASH_ITConfig
                0x08002ff4                FLASH_GetFlagStatus
                0x08003008                FLASH_ClearFlag
                0x08003014                FLASH_GetStatus
                0x08003054                FLASH_WaitForLastOperation
                0x08003084                FLASH_EraseSector
                0x080030f4                FLASH_EraseAllSectors
                0x08003154                FLASH_ProgramDoubleWord
                0x08003198                FLASH_ProgramWord
                0x080031d8                FLASH_ProgramHalfWord
                0x08003218                FLASH_ProgramByte
                0x08003254                FLASH_OB_WRPConfig
                0x08003288                FLASH_OB_WRP1Config
                0x080032bc                FLASH_OB_RDPConfig
                0x080032d4                FLASH_OB_UserConfig
                0x080032fc                FLASH_OB_Launch
 .text          0x08003314      0x54c Libraries\STM32F4xx_StdPeriph_Driver\src\stm32f4xx_fsmc.o
                0x08003314                FSMC_NORSRAMDeInit
                0x0800334a                FSMC_NORSRAMInit
                0x08003418                FSMC_NORSRAMStructInit
                0x08003482                FSMC_NORSRAMCmd
                0x080034ac                FSMC_NANDDeInit
                0x080034e0                FSMC_NANDInit
                0x08003550                FSMC_NANDStructInit
                0x08003586                FSMC_NANDCmd
                0x080035cc                FSMC_NANDECCCmd
                0x08003614                FSMC_GetECC
                0x0800362c                FSMC_PCCARDDeInit
                0x08003648                FSMC_PCCARDInit
                0x080036b4                FSMC_PCCARDStructInit
                0x080036f0                FSMC_PCCARDCmd
                0x08003714                FSMC_ITConfig
                0x08003778                FSMC_GetFlagStatus
                0x080037ac                FSMC_ClearFlag
                0x080037e8                FSMC_GetITStatus
                0x08003824                FSMC_ClearITPendingBit
 .text          0x08003860      0x238 Libraries\STM32F4xx_StdPeriph_Driver\src\stm32f4xx_gpio.o
                0x08003860                GPIO_DeInit
                0x08003964                GPIO_Init
                0x080039ee                GPIO_StructInit
                0x08003a00                GPIO_PinLockConfig
                0x08003a24                GPIO_ReadInputDataBit
                0x08003a32                GPIO_ReadInputData
                0x08003a38                GPIO_ReadOutputDataBit
                0x08003a46                GPIO_ReadOutputData
                0x08003a4c                GPIO_SetBits
                0x08003a50                GPIO_ResetBits
                0x08003a54                GPIO_WriteBit
                0x08003a5e                GPIO_Write
                0x08003a62                GPIO_ToggleBits
                0x08003a6a                GPIO_PinAFConfig
 .text          0x08003a98      0x218 Libraries\STM32F4xx_StdPeriph_Driver\src\stm32f4xx_hash.o
                0x08003a98                HASH_DeInit
                0x08003aac                HASH_Init
                0x08003afc                HASH_StructInit
                0x08003b08                HASH_Reset
                0x08003b18                HASH_SetLastWordValidBitsNbr
                0x08003b30                HASH_DataIn
                0x08003b3c                HASH_GetInFIFOWordsNbr
                0x08003b4c                HASH_GetDigest
                0x08003b7c                HASH_StartDigest
                0x08003b8c                HASH_SaveContext
                0x08003bc0                HASH_RestoreContext
                0x08003c04                HASH_AutoStartDigest
                0x08003c24                HASH_DMACmd
                0x08003c44                HASH_ITConfig
                0x08003c60                HASH_GetFlagStatus
                0x08003c80                HASH_ClearFlag
                0x08003c8c                HASH_GetITStatus
                0x08003ca4                HASH_ClearITPendingBit
 .text          0x08003cb0      0x1d4 Libraries\STM32F4xx_StdPeriph_Driver\src\stm32f4xx_hash_md5.o
                0x08003cb0                HASH_MD5
                0x08003d42                HMAC_MD5
 .text          0x08003e84      0x1dc Libraries\STM32F4xx_StdPeriph_Driver\src\stm32f4xx_hash_sha1.o
                0x08003e84                HASH_SHA1
                0x08003f1a                HMAC_SHA1
 .text          0x08004060      0x478 Libraries\STM32F4xx_StdPeriph_Driver\src\stm32f4xx_i2c.o
                0x08004060                I2C_DeInit
                0x080040c4                I2C_Init
                0x080041a0                I2C_StructInit
                0x080041bc                I2C_Cmd
                0x080041d8                I2C_AnalogFilterCmd
                0x080041f4                I2C_DigitalFilterConfig
                0x08004206                I2C_GenerateSTART
                0x08004222                I2C_GenerateSTOP
                0x0800423e                I2C_Send7bitAddress
                0x08004250                I2C_AcknowledgeConfig
                0x0800426c                I2C_OwnAddress2Config
                0x0800427e                I2C_DualAddressCmd
                0x0800429a                I2C_GeneralCallCmd
                0x080042b6                I2C_SoftwareResetCmd
                0x080042d2                I2C_StretchClockCmd
                0x080042ee                I2C_FastModeDutyCycleConfig
                0x0800430e                I2C_NACKPositionConfig
                0x0800432e                I2C_SMBusAlertConfig
                0x0800434e                I2C_ARPCmd
                0x0800436a                I2C_SendData
                0x0800436e                I2C_ReceiveData
                0x08004374                I2C_TransmitPEC
                0x08004390                I2C_PECPositionConfig
                0x080043b0                I2C_CalculatePEC
                0x080043cc                I2C_GetPEC
                0x080043d4                I2C_DMACmd
                0x080043f0                I2C_DMALastTransferCmd
                0x0800440c                I2C_ReadRegister
                0x08004424                I2C_ITConfig
                0x0800443c                I2C_CheckEvent
                0x08004458                I2C_GetLastEvent
                0x08004468                I2C_GetFlagStatus
                0x080044a0                I2C_ClearFlag
                0x080044ac                I2C_GetITStatus
                0x080044cc                I2C_ClearITPendingBit
 .text          0x080044d8       0x58 Libraries\STM32F4xx_StdPeriph_Driver\src\stm32f4xx_iwdg.o
                0x080044d8                IWDG_WriteAccessCmd
                0x080044e4                IWDG_SetPrescaler
                0x080044f0                IWDG_SetReload
                0x080044fc                IWDG_ReloadCounter
                0x0800450c                IWDG_Enable
                0x0800451c                IWDG_GetFlagStatus
 .text          0x08004530       0xfc Libraries\STM32F4xx_StdPeriph_Driver\src\stm32f4xx_pwr.o
                0x08004530                PWR_DeInit
                0x08004548                PWR_BackupAccessCmd
                0x08004554                PWR_PVDLevelConfig
                0x08004568                PWR_PVDCmd
                0x08004574                PWR_WakeUpPinCmd
                0x08004580                PWR_BackupRegulatorCmd
                0x0800458c                PWR_MainRegulatorModeConfig
                0x080045a0                PWR_FlashPowerDownCmd
                0x080045ac                PWR_EnterSTOPMode
                0x080045e0                PWR_EnterSTANDBYMode
                0x08004608                PWR_GetFlagStatus
                0x0800461c                PWR_ClearFlag
 .text          0x0800462c      0x4f4 Libraries\STM32F4xx_StdPeriph_Driver\src\stm32f4xx_rcc.o
                0x0800462c                RCC_DeInit
                0x08004668                RCC_HSEConfig
                0x08004678                RCC_AdjustHSICalibrationValue
                0x0800468c                RCC_HSICmd
                0x08004698                RCC_LSEConfig
                0x080046c0                RCC_LSICmd
                0x080046cc                RCC_PLLConfig
                0x080046ec                RCC_PLLCmd
                0x080046f8                RCC_PLLI2SConfig
                0x0800470c                RCC_PLLI2SCmd
                0x08004718                RCC_ClockSecuritySystemCmd
                0x08004724                RCC_MCO1Config
                0x08004738                RCC_MCO2Config
                0x0800474c                RCC_SYSCLKConfig
                0x08004760                RCC_GetSYSCLKSource
                0x08004770                RCC_HCLKConfig
                0x08004784                RCC_PCLK1Config
                0x08004798                RCC_PCLK2Config
                0x080047ac                RCC_GetClocksFreq
                0x08004864                RCC_RTCCLKConfig
                0x08004898                RCC_RTCCLKCmd
                0x080048a4                RCC_BackupResetCmd
                0x080048b0                RCC_I2SCLKConfig
                0x080048bc                RCC_TIMCLKPresConfig
                0x080048c8                RCC_AHB1PeriphClockCmd
                0x080048e4                RCC_AHB2PeriphClockCmd
                0x08004900                RCC_AHB3PeriphClockCmd
                0x0800491c                RCC_APB1PeriphClockCmd
                0x08004938                RCC_APB2PeriphClockCmd
                0x08004954                RCC_AHB1PeriphResetCmd
                0x08004970                RCC_AHB2PeriphResetCmd
                0x0800498c                RCC_AHB3PeriphResetCmd
                0x080049a8                RCC_APB1PeriphResetCmd
                0x080049c4                RCC_APB2PeriphResetCmd
                0x080049e0                RCC_AHB1PeriphClockLPModeCmd
                0x080049fc                RCC_AHB2PeriphClockLPModeCmd
                0x08004a18                RCC_AHB3PeriphClockLPModeCmd
                0x08004a34                RCC_APB1PeriphClockLPModeCmd
                0x08004a50                RCC_APB2PeriphClockLPModeCmd
                0x08004a6c                RCC_ITConfig
                0x08004a88                RCC_GetFlagStatus
                0x08004abc                RCC_WaitForHSEStartUp
                0x08004af0                RCC_ClearFlag
                0x08004b00                RCC_GetITStatus
                0x08004b14                RCC_ClearITPendingBit
 .text          0x08004b20       0xa8 Libraries\STM32F4xx_StdPeriph_Driver\src\stm32f4xx_rng.o
                0x08004b20                RNG_DeInit
                0x08004b34                RNG_Cmd
                0x08004b54                RNG_GetRandomNumber
                0x08004b60                RNG_ITConfig
                0x08004b80                RNG_GetFlagStatus
                0x08004b94                RNG_ClearFlag
                0x08004ba4                RNG_GetITStatus
                0x08004bb8                RNG_ClearITPendingBit
 .text          0x08004bc8      0xb90 Libraries\STM32F4xx_StdPeriph_Driver\src\stm32f4xx_rtc.o
                0x08004bf4                RTC_StructInit
                0x08004c02                RTC_WriteProtectionCmd
                0x08004c1c                RTC_EnterInitMode
                0x08004c6c                RTC_ExitInitMode
                0x08004c7c                RTC_Init
                0x08004cc8                RTC_WaitForSynchro
                0x08004d18                RTC_DeInit
                0x08004db4                RTC_RefClockCmd
                0x08004df8                RTC_BypassShadowCmd
                0x08004e28                RTC_SetTime
                0x08004ed0                RTC_TimeStructInit
                0x08004edc                RTC_GetTime
                0x08004f28                RTC_GetSubSecond
                0x08004f34                RTC_SetDate
                0x08004fd0                RTC_DateStructInit
                0x08004fde                RTC_GetDate
                0x08005024                RTC_SetAlarm
                0x080050c8                RTC_AlarmStructInit
                0x080050dc                RTC_GetAlarm
                0x08005148                RTC_AlarmCmd
                0x080051a8                RTC_AlarmSubSecondConfig
                0x080051d4                RTC_GetAlarmSubSecond
                0x080051f4                RTC_WakeUpClockConfig
                0x08005218                RTC_SetWakeUpCounter
                0x08005230                RTC_GetWakeUpCounter
                0x0800523c                RTC_WakeUpCmd
                0x080052a0                RTC_DayLightSavingConfig
                0x080052c4                RTC_GetStoreOperation
                0x080052d4                RTC_OutputConfig
                0x080052f8                RTC_CoarseCalibConfig
                0x0800532c                RTC_CoarseCalibCmd
                0x08005370                RTC_CalibOutputCmd
                0x080053a0                RTC_CalibOutputConfig
                0x080053c4                RTC_SmoothCalibConfig
                0x08005418                RTC_TimeStampCmd
                0x08005448                RTC_GetTimeStamp
                0x080054c4                RTC_GetTimeStampSubSecond
                0x080054d0                RTC_TamperTriggerConfig
                0x080054f0                RTC_TamperCmd
                0x0800550c                RTC_TamperFilterConfig
                0x08005524                RTC_TamperSamplingFreqConfig
                0x0800553c                RTC_TamperPinsPrechargeDuration
                0x08005554                RTC_TimeStampOnTamperDetectionCmd
                0x08005574                RTC_TamperPullUpCmd
                0x08005594                RTC_WriteBackupRegister
                0x080055b4                RTC_ReadBackupRegister
                0x080055d4                RTC_TamperPinSelection
                0x080055ec                RTC_TimeStampPinSelection
                0x08005604                RTC_OutputTypeConfig
                0x0800561c                RTC_SynchroShiftConfig
                0x08005684                RTC_ITConfig
                0x080056cc                RTC_GetFlagStatus
                0x080056f0                RTC_ClearFlag
                0x0800570c                RTC_GetITStatus
                0x0800573c                RTC_ClearITPendingBit
 .text          0x08005758      0x22c Libraries\STM32F4xx_StdPeriph_Driver\src\stm32f4xx_sdio.o
                0x08005758                SDIO_DeInit
                0x08005770                SDIO_Init
                0x080057a4                SDIO_StructInit
                0x080057b4                SDIO_ClockCmd
                0x080057c0                SDIO_SetPowerState
                0x080057cc                SDIO_GetPowerState
                0x080057dc                SDIO_SendCommand
                0x0800580c                SDIO_CmdStructInit
                0x0800581a                SDIO_GetCommandResponse
                0x08005828                SDIO_GetResponse
                0x08005840                SDIO_DataConfig
                0x08005870                SDIO_DataStructInit
                0x08005884                SDIO_GetDataCounter
                0x08005890                SDIO_ReadData
                0x0800589c                SDIO_WriteData
                0x080058a8                SDIO_GetFIFOCount
                0x080058b4                SDIO_StartSDIOReadWait
                0x080058c0                SDIO_StopSDIOReadWait
                0x080058cc                SDIO_SetSDIOReadWaitMode
                0x080058d8                SDIO_SetSDIOOperation
                0x080058e4                SDIO_SendSDIOSuspendCmd
                0x080058f0                SDIO_CommandCompletionCmd
                0x080058fc                SDIO_CEATAITCmd
                0x08005910                SDIO_SendCEATACmd
                0x0800591c                SDIO_DMACmd
                0x08005928                SDIO_ITConfig
                0x08005944                SDIO_GetFlagStatus
                0x08005958                SDIO_ClearFlag
                0x08005964                SDIO_GetITStatus
                0x08005978                SDIO_ClearITPendingBit
 .text          0x08005984      0x410 Libraries\STM32F4xx_StdPeriph_Driver\src\stm32f4xx_spi.o
                0x08005984                SPI_I2S_DeInit
                0x08005a48                SPI_Init
                0x08005a94                I2S_Init
                0x08005b80                SPI_StructInit
                0x08005b98                I2S_StructInit
                0x08005baa                SPI_Cmd
                0x08005bc6                I2S_Cmd
                0x08005be2                SPI_DataSizeConfig
                0x08005bf8                SPI_BiDirectionalLineConfig
                0x08005c18                SPI_NSSInternalSoftwareConfig
                0x08005c3a                SPI_SSOutputCmd
                0x08005c56                SPI_TIModeCmd
                0x08005c72                I2S_FullDuplexConfig
                0x08005cbc                SPI_I2S_ReceiveData
                0x08005cc2                SPI_I2S_SendData
                0x08005cc6                SPI_CalculateCRC
                0x08005ce2                SPI_TransmitCRC
                0x08005cee                SPI_GetCRC
                0x08005cfe                SPI_GetCRCPolynomial
                0x08005d04                SPI_I2S_DMACmd
                0x08005d1c                SPI_I2S_ITConfig
                0x08005d3c                SPI_I2S_GetFlagStatus
                0x08005d4a                SPI_I2S_ClearFlag
                0x08005d52                SPI_I2S_GetITStatus
                0x08005d82                SPI_I2S_ClearITPendingBit
 .text          0x08005d94       0x88 Libraries\STM32F4xx_StdPeriph_Driver\src\stm32f4xx_syscfg.o
                0x08005d94                SYSCFG_DeInit
                0x08005dac                SYSCFG_MemoryRemapConfig
                0x08005db8                SYSCFG_EXTILineConfig
                0x08005dec                SYSCFG_ETH_MediaInterfaceConfig
                0x08005df8                SYSCFG_CompensationCellCmd
                0x08005e04                SYSCFG_GetCompensationCellStatus
 .text          0x08005e1c      0xb90 Libraries\STM32F4xx_StdPeriph_Driver\src\stm32f4xx_tim.o
                0x08005f06                TIM_DeInit
                0x080060a0                TIM_TimeBaseInit
                0x0800611c                TIM_TimeBaseStructInit
                0x0800612e                TIM_PrescalerConfig
                0x08006134                TIM_CounterModeConfig
                0x08006142                TIM_SetCounter
                0x08006146                TIM_SetAutoreload
                0x0800614a                TIM_GetCounter
                0x0800614e                TIM_GetPrescaler
                0x08006154                TIM_UpdateDisableConfig
                0x08006170                TIM_UpdateRequestConfig
                0x0800618c                TIM_ARRPreloadConfig
                0x080061a8                TIM_SelectOnePulseMode
                0x080061be                TIM_SetClockDivision
                0x080061d4                TIM_Cmd
                0x080061f0                TIM_OC1Init
                0x0800625c                TIM_OC2Init
                0x080062e4                TIM_OC3Init
                0x08006368                TIM_OC4Init
                0x080063d0                TIM_OCStructInit
                0x080063e4                TIM_SelectOCxM
                0x08006436                TIM_SetCompare1
                0x0800643a                TIM_SetCompare2
                0x0800643e                TIM_SetCompare3
                0x08006442                TIM_SetCompare4
                0x08006446                TIM_ForcedOC1Config
                0x08006454                TIM_ForcedOC2Config
                0x08006466                TIM_ForcedOC3Config
                0x08006474                TIM_ForcedOC4Config
                0x08006486                TIM_OC1PreloadConfig
                0x08006494                TIM_OC2PreloadConfig
                0x080064a6                TIM_OC3PreloadConfig
                0x080064b4                TIM_OC4PreloadConfig
                0x080064c6                TIM_OC1FastConfig
                0x080064d4                TIM_OC2FastConfig
                0x080064e6                TIM_OC3FastConfig
                0x080064f4                TIM_OC4FastConfig
                0x08006506                TIM_ClearOC1Ref
                0x08006514                TIM_ClearOC2Ref
                0x08006524                TIM_ClearOC3Ref
                0x08006532                TIM_ClearOC4Ref
                0x08006542                TIM_OC1PolarityConfig
                0x08006550                TIM_OC1NPolarityConfig
                0x0800655e                TIM_OC2PolarityConfig
                0x08006570                TIM_OC2NPolarityConfig
                0x08006582                TIM_OC3PolarityConfig
                0x08006594                TIM_OC3NPolarityConfig
                0x080065a6                TIM_OC4PolarityConfig
                0x080065b8                TIM_CCxCmd
                0x080065dc                TIM_CCxNCmd
                0x08006600                TIM_ICStructInit
                0x08006610                TIM_GetCapture1
                0x08006614                TIM_GetCapture2
                0x08006618                TIM_GetCapture3
                0x0800661c                TIM_GetCapture4
                0x08006620                TIM_SetIC1Prescaler
                0x08006636                TIM_SetIC2Prescaler
                0x08006650                TIM_PWMIConfig
                0x080066bc                TIM_SetIC3Prescaler
                0x080066d2                TIM_SetIC4Prescaler
                0x080066ec                TIM_ICInit
                0x0800674e                TIM_BDTRConfig
                0x08006774                TIM_BDTRStructInit
                0x08006786                TIM_CtrlPWMOutputs
                0x080067aa                TIM_SelectCOM
                0x080067c6                TIM_CCPreloadControl
                0x080067e2                TIM_ITConfig
                0x080067fa                TIM_GenerateEvent
                0x080067fe                TIM_GetFlagStatus
                0x0800680c                TIM_ClearFlag
                0x08006814                TIM_GetITStatus
                0x0800682c                TIM_ClearITPendingBit
                0x08006834                TIM_DMAConfig
                0x0800683c                TIM_DMACmd
                0x08006854                TIM_SelectCCDMA
                0x08006870                TIM_InternalClockConfig
                0x0800687e                TIM_SelectInputTrigger
                0x0800688c                TIM_ITRxExternalClockConfig
                0x080068a0                TIM_TIxExternalClockConfig
                0x080068ce                TIM_SelectOutputTrigger
                0x080068e4                TIM_SelectSlaveMode
                0x080068fa                TIM_SelectMasterSlaveMode
                0x08006910                TIM_ETRConfig
                0x08006928                TIM_ETRClockMode1Config
                0x0800693c                TIM_ETRClockMode2Config
                0x08006950                TIM_EncoderInterfaceConfig
                0x0800698a                TIM_SelectHallSensor
                0x080069a6                TIM_RemapConfig
 .text          0x080069ac      0x46c Libraries\STM32F4xx_StdPeriph_Driver\src\stm32f4xx_usart.o
                0x080069ac                USART_DeInit
                0x08006aa8                USART_Init
                0x08006b78                USART_StructInit
                0x08006b8e                USART_ClockInit
                0x08006bb0                USART_ClockStructInit
                0x08006bbc                USART_Cmd
                0x08006bd8                USART_SetPrescaler
                0x08006bea                USART_OverSampling8Cmd
                0x08006c06                USART_OneBitMethodCmd
                0x08006c22                USART_SendData
                0x08006c2a                USART_ReceiveData
                0x08006c32                USART_SetAddress
                0x08006c48                USART_ReceiverWakeUpCmd
                0x08006c64                USART_WakeUpConfig
                0x08006c7a                USART_LINBreakDetectLengthConfig
                0x08006c90                USART_LINCmd
                0x08006cac                USART_SendBreak
                0x08006cb8                USART_HalfDuplexCmd
                0x08006cd4                USART_SetGuardTime
                0x08006ce6                USART_SmartCardCmd
                0x08006d02                USART_SmartCardNACKCmd
                0x08006d1e                USART_IrDAConfig
                0x08006d34                USART_IrDACmd
                0x08006d50                USART_DMACmd
                0x08006d68                USART_ITConfig
                0x08006da2                USART_GetFlagStatus
                0x08006db0                USART_ClearFlag
                0x08006db8                USART_GetITStatus
                0x08006e06                USART_ClearITPendingBit
 .text          0x08006e18       0xa0 Libraries\STM32F4xx_StdPeriph_Driver\src\stm32f4xx_wwdg.o
                0x08006e18                WWDG_DeInit
                0x08006e30                WWDG_SetPrescaler
                0x08006e44                WWDG_SetWindowValue
                0x08006e6c                WWDG_EnableIT
                0x08006e78                WWDG_SetCounter
                0x08006e88                WWDG_Enable
                0x08006e98                WWDG_GetFlagStatus
                0x08006eac                WWDG_ClearFlag
 .text          0x08006eb8      0x3a4 src\CAT25512.o
                0x08006eb8                CAT25512_SendByte
                0x08006ee8                CAT25512_RecieveData
                0x08006f18                CAT25512_init
                0x0800701c                CAT25512_ReadStatusRegister
                0x08007050                CAT25512_WriteStatusRegister
                0x08007084                CAT25512_WREN
                0x080070ac                CAT25512_WRDI
                0x080070d4                CAT25512_WriteByte
                0x08007110                CAT25512_ReadByte
                0x0800714c                CAT25512_write_block
                0x08007214                CAT25512_read_block
 .text          0x0800725c      0x16c src\HC165.o
                0x0800725c                init_HC165
                0x080072b4                HC165_LatchUp
                0x080072e4                HC165_GetByte
                0x08007350                HC165_GetDWord
                0x08007376                HC165_GetDWord1
                0x08007392                GetButton
 .text          0x080073c8      0x190 src\MAX5135.o
                0x080073c8                SendData
                0x080073f8                MAX5135_SendPack
                0x08007428                MAX5135init
                0x080074f8                MAX5135_DAC_send
 .text          0x08007558       0xc8 src\adc_pots_selector.o
                0x08007558                ADC_POTS_selector_init
                0x08007590                ADC_POTS_selector_SendByte
                0x080075d0                ADC_POTS_selector_SendDWord
                0x08007608                ADC_POTS_selector_Ch
 .text          0x08007620       0x78 src\dip_config.o
                0x08007620                DipConfig_init
                0x08007654                GetDipConfig
 .text          0x08007698       0x48 src\expander.o
                0x08007698                Init_Expander_GPIO
                0x080076cc                Is_Expander_Present
 .text          0x080076e0       0xf0 src\leds_modes.o
                0x080076e0                LEDS_modes_init
                0x08007718                LEDS_modes_SendByte
                0x08007764                LEDS_modes_SendDWord
                0x0800779c                LEDS_modes_SendStruct
 .text          0x080077d0      0x11c src\leds_step.o
                0x080077d0                LED_STEP_init
                0x08007808                LED_STEP_SendByte
                0x0800785c                LED_STEP_SendWord
                0x0800788c                LED_STEP_LightStep
 *fill*         0x080078ec        0x4 
 .text          0x080078f0     0x3dd0 src\main.o
                0x080078f0                mADC_init
                0x08007a4c                ADCPause
                0x08007a5c                ADCResume
                0x08007a6c                mInterruptInit
                0x08007b5c                EXTI0_IRQHandler
                0x08007bb8                InitStart_1_SignalTimer
                0x08007bf4                InitStart_2_SignalTimer
                0x08007c30                InitClear_Timer
                0x08007c70                EXTI1_IRQHandler
                0x08007ccc                SaveSequence
                0x08007d48                LoadSequence
                0x08007e48                GetStepWidth
                0x08007fe0                GetStepVoltage
                0x08008290                GetNextStep
                0x08008334                EXTI9_5_IRQHandler
                0x08008548                TIM4_IRQHandler
                0x0800895c                TIM5_IRQHandler
                0x08008da8                mTimersInit
                0x08008f1c                TIM8_UP_TIM13_IRQHandler
                0x08008f64                TIM8_TRG_COM_TIM14_IRQHandler
                0x08008fb0                TIM3_IRQHandler
                0x08009068                TIM7_IRQHandler
                0x0800911c                PulsesInit
                0x080091b0                DisplayLedsIOInit
                0x080091e4                InternalDACInit
                0x08009258                keyb_proc
                0x0800a408                UpdateModeSection
                0x0800a894                UpdateStepSection
                0x0800a908                Calibration
                0x0800aa80                delay_ms
                0x0800aab4                TIM6_DAC_IRQHandler
                0x0800acc0                main
                0x0800b150                delay_us
                0x0800b184                ADC_IRQHandler
                0x0800b680                delay_ns
 .text          0x0800b6c0       0x14 src\startup_stm32f40xx.o
 .text          0x0800b6d4       0x12 src\stm32f4xx_it.o
                0x0800b6d4                NMI_Handler
                0x0800b6d6                HardFault_Handler
                0x0800b6d8                MemManage_Handler
                0x0800b6da                BusFault_Handler
                0x0800b6dc                UsageFault_Handler
                0x0800b6de                SVC_Handler
                0x0800b6e0                DebugMon_Handler
                0x0800b6e2                PendSV_Handler
                0x0800b6e4                SysTick_Handler
 *fill*         0x0800b6e6        0x2 
 .text          0x0800b6e8      0x1b0 src\system_stm32f4xx.o
                0x0800b7ac                SystemInit
                0x0800b7fc                SystemCoreClockUpdate
 .text          0x0800b898      0x2e4 src\tiny_printf.o
                0x0800b898                ts_itoa
                0x0800b8d8                ts_formatstring
                0x0800b9b4                ts_formatlength
                0x0800ba42                sprintf
                0x0800ba42                siprintf
                0x0800ba5e                fiprintf
                0x0800ba5e                fprintf
                0x0800baa8                printf
                0x0800baa8                iprintf
                0x0800baee                fputs
                0x0800bb2c                puts
                0x0800bb64                fwrite
 .text          0x0800bb7c        0x0 c:/program files (x86)/atollic/truestudio for stm32 9.3.0/armtools/bin/../lib/gcc/arm-atollic-eabi/6.3.1/../../../../arm-atollic-eabi/lib/armv7e-m/fpu\libc_nano.a(lib_a-init.o)
 .text          0x0800bb7c       0x10 c:/program files (x86)/atollic/truestudio for stm32 9.3.0/armtools/bin/../lib/gcc/arm-atollic-eabi/6.3.1/../../../../arm-atollic-eabi/lib/armv7e-m/fpu\libc_nano.a(lib_a-strlen.o)
                0x0800bb7c                strlen
 .text          0x0800bb8c      0x370 c:/program files (x86)/atollic/truestudio for stm32 9.3.0/armtools/bin/../lib/gcc/arm-atollic-eabi/6.3.1/armv7e-m/fpu\libgcc.a(_arm_addsubdf3.o)
                0x0800bb8c                __aeabi_drsub
                0x0800bb94                __aeabi_dsub
                0x0800bb94                __subdf3
                0x0800bb98                __aeabi_dadd
                0x0800bb98                __adddf3
                0x0800be10                __floatunsidf
                0x0800be10                __aeabi_ui2d
                0x0800be30                __floatsidf
                0x0800be30                __aeabi_i2d
                0x0800be54                __aeabi_f2d
                0x0800be54                __extendsfdf2
                0x0800be90                __floatundidf
                0x0800be90                __aeabi_ul2d
                0x0800bea0                __floatdidf
                0x0800bea0                __aeabi_l2d
 .text          0x0800befc      0x424 c:/program files (x86)/atollic/truestudio for stm32 9.3.0/armtools/bin/../lib/gcc/arm-atollic-eabi/6.3.1/armv7e-m/fpu\libgcc.a(_arm_muldivdf3.o)
                0x0800befc                __aeabi_dmul
                0x0800befc                __muldf3
                0x0800c150                __divdf3
                0x0800c150                __aeabi_ddiv
 .text          0x0800c320       0x40 c:/program files (x86)/atollic/truestudio for stm32 9.3.0/armtools/bin/../lib/gcc/arm-atollic-eabi/6.3.1/armv7e-m/fpu\libgcc.a(_arm_fixunsdfsi.o)
                0x0800c320                __aeabi_d2uiz
                0x0800c320                __fixunsdfsi
 .text          0x0800c360       0xa0 c:/program files (x86)/atollic/truestudio for stm32 9.3.0/armtools/bin/../lib/gcc/arm-atollic-eabi/6.3.1/armv7e-m/fpu\libgcc.a(_aeabi_ldivmod.o)
                0x0800c360                __aeabi_ldivmod
 .text          0x0800c400      0x2dc c:/program files (x86)/atollic/truestudio for stm32 9.3.0/armtools/bin/../lib/gcc/arm-atollic-eabi/6.3.1/armv7e-m/fpu\libgcc.a(_udivmoddi4.o)
                0x0800c400                __udivmoddi4
 .text          0x0800c6dc        0x4 c:/program files (x86)/atollic/truestudio for stm32 9.3.0/armtools/bin/../lib/gcc/arm-atollic-eabi/6.3.1/armv7e-m/fpu\libgcc.a(_dvmd_tls.o)
                0x0800c6dc                __aeabi_idiv0
                0x0800c6dc                __aeabi_ldiv0
 .text          0x0800c6e0        0x0 c:/program files (x86)/atollic/truestudio for stm32 9.3.0/armtools/bin/../lib/gcc/arm-atollic-eabi/6.3.1/../../../../arm-atollic-eabi/lib/armv7e-m/fpu\libnosys.a(write.o)
 .text          0x0800c6e0        0x0 c:/program files (x86)/atollic/truestudio for stm32 9.3.0/armtools/bin/../lib/gcc/arm-atollic-eabi/6.3.1/../../../../arm-atollic-eabi/lib/armv7e-m/fpu\libnosys.a(errno.o)
 .text          0x0800c6e0        0x0 c:/program files (x86)/atollic/truestudio for stm32 9.3.0/armtools/bin/../lib/gcc/arm-atollic-eabi/6.3.1/armv7e-m/fpu/crtend.o
 .text          0x0800c6e0        0x0 c:/program files (x86)/atollic/truestudio for stm32 9.3.0/armtools/bin/../lib/gcc/arm-atollic-eabi/6.3.1/armv7e-m/fpu/crtn.o
 *(.text*)
 .text.Reset_Handler
                0x0800c6e0       0x50 src\startup_stm32f40xx.o
                0x0800c6e0                Reset_Handler
 .text.Default_Handler
                0x0800c730        0x2 src\startup_stm32f40xx.o
                0x0800c730                RTC_Alarm_IRQHandler
                0x0800c730                HASH_RNG_IRQHandler
                0x0800c730                EXTI2_IRQHandler
                0x0800c730                TIM8_CC_IRQHandler
                0x0800c730                TIM1_CC_IRQHandler
                0x0800c730                DMA2_Stream5_IRQHandler
                0x0800c730                DMA1_Stream5_IRQHandler
                0x0800c730                PVD_IRQHandler
                0x0800c730                SDIO_IRQHandler
                0x0800c730                TAMP_STAMP_IRQHandler
                0x0800c730                CAN2_RX1_IRQHandler
                0x0800c730                EXTI3_IRQHandler
                0x0800c730                TIM1_UP_TIM10_IRQHandler
                0x0800c730                I2C3_ER_IRQHandler
                0x0800c730                I2C2_EV_IRQHandler
                0x0800c730                DMA1_Stream2_IRQHandler
                0x0800c730                CAN1_RX0_IRQHandler
                0x0800c730                FPU_IRQHandler
                0x0800c730                OTG_HS_WKUP_IRQHandler
                0x0800c730                CAN2_SCE_IRQHandler
                0x0800c730                DMA2_Stream2_IRQHandler
                0x0800c730                SPI1_IRQHandler
                0x0800c730                TIM1_BRK_TIM9_IRQHandler
                0x0800c730                DCMI_IRQHandler
                0x0800c730                CAN2_RX0_IRQHandler
                0x0800c730                DMA2_Stream3_IRQHandler
                0x0800c730                USART6_IRQHandler
                0x0800c730                USART3_IRQHandler
                0x0800c730                CRYP_IRQHandler
                0x0800c730                CAN1_RX1_IRQHandler
                0x0800c730                UART5_IRQHandler
                0x0800c730                DMA2_Stream0_IRQHandler
                0x0800c730                I2C1_EV_IRQHandler
                0x0800c730                DMA1_Stream6_IRQHandler
                0x0800c730                DMA1_Stream1_IRQHandler
                0x0800c730                UART4_IRQHandler
                0x0800c730                RCC_IRQHandler
                0x0800c730                TIM8_BRK_TIM12_IRQHandler
                0x0800c730                Default_Handler
                0x0800c730                EXTI15_10_IRQHandler
                0x0800c730                DMA1_Stream7_IRQHandler
                0x0800c730                CAN2_TX_IRQHandler
                0x0800c730                DMA2_Stream7_IRQHandler
                0x0800c730                I2C3_EV_IRQHandler
                0x0800c730                RTC_WKUP_IRQHandler
                0x0800c730                ETH_WKUP_IRQHandler
                0x0800c730                SPI2_IRQHandler
                0x0800c730                OTG_HS_EP1_IN_IRQHandler
                0x0800c730                DMA1_Stream0_IRQHandler
                0x0800c730                CAN1_TX_IRQHandler
                0x0800c730                EXTI4_IRQHandler
                0x0800c730                FSMC_IRQHandler
                0x0800c730                ETH_IRQHandler
                0x0800c730                OTG_HS_EP1_OUT_IRQHandler
                0x0800c730                WWDG_IRQHandler
                0x0800c730                TIM2_IRQHandler
                0x0800c730                OTG_FS_WKUP_IRQHandler
                0x0800c730                TIM1_TRG_COM_TIM11_IRQHandler
                0x0800c730                OTG_HS_IRQHandler
                0x0800c730                USART2_IRQHandler
                0x0800c730                I2C2_ER_IRQHandler
                0x0800c730                DMA2_Stream1_IRQHandler
                0x0800c730                CAN1_SCE_IRQHandler
                0x0800c730                FLASH_IRQHandler
                0x0800c730                DMA2_Stream4_IRQHandler
                0x0800c730                USART1_IRQHandler
                0x0800c730                OTG_FS_IRQHandler
                0x0800c730                SPI3_IRQHandler
                0x0800c730                DMA1_Stream4_IRQHandler
                0x0800c730                I2C1_ER_IRQHandler
                0x0800c730                DMA2_Stream6_IRQHandler
                0x0800c730                DMA1_Stream3_IRQHandler
 *fill*         0x0800c732        0x2 
 .text.__libc_init_array
                0x0800c734       0x48 c:/program files (x86)/atollic/truestudio for stm32 9.3.0/armtools/bin/../lib/gcc/arm-atollic-eabi/6.3.1/../../../../arm-atollic-eabi/lib/armv7e-m/fpu\libc_nano.a(lib_a-init.o)
                0x0800c734                __libc_init_array
 .text._write   0x0800c77c       0x10 c:/program files (x86)/atollic/truestudio for stm32 9.3.0/armtools/bin/../lib/gcc/arm-atollic-eabi/6.3.1/../../../../arm-atollic-eabi/lib/armv7e-m/fpu\libnosys.a(write.o)
                0x0800c77c                _write
 *(.glue_7)
 .glue_7        0x0800c78c        0x0 linker stubs
 *(.glue_7t)
 .glue_7t       0x0800c78c        0x0 linker stubs
 *(.eh_frame)
 .eh_frame      0x0800c78c        0x0 c:/program files (x86)/atollic/truestudio for stm32 9.3.0/armtools/bin/../lib/gcc/arm-atollic-eabi/6.3.1/armv7e-m/fpu/crtbegin.o
 .eh_frame      0x0800c78c        0x4 c:/program files (x86)/atollic/truestudio for stm32 9.3.0/armtools/bin/../lib/gcc/arm-atollic-eabi/6.3.1/armv7e-m/fpu/crtend.o
 *(.init)
 .init          0x0800c790        0x4 c:/program files (x86)/atollic/truestudio for stm32 9.3.0/armtools/bin/../lib/gcc/arm-atollic-eabi/6.3.1/armv7e-m/fpu/crti.o
                0x0800c790                _init
 .init          0x0800c794        0x8 c:/program files (x86)/atollic/truestudio for stm32 9.3.0/armtools/bin/../lib/gcc/arm-atollic-eabi/6.3.1/armv7e-m/fpu/crtn.o
 *(.fini)
 .fini          0x0800c79c        0x4 c:/program files (x86)/atollic/truestudio for stm32 9.3.0/armtools/bin/../lib/gcc/arm-atollic-eabi/6.3.1/armv7e-m/fpu/crti.o
                0x0800c79c                _fini
 .fini          0x0800c7a0        0x8 c:/program files (x86)/atollic/truestudio for stm32 9.3.0/armtools/bin/../lib/gcc/arm-atollic-eabi/6.3.1/armv7e-m/fpu/crtn.o
                0x0800c7a8                . = ALIGN (0x4)
                0x0800c7a8                _etext = .

.vfp11_veneer   0x0800c7a8        0x0
 .vfp11_veneer  0x0800c7a8        0x0 linker stubs

.v4_bx          0x0800c7a8        0x0
 .v4_bx         0x0800c7a8        0x0 linker stubs

.iplt           0x0800c7a8        0x0
 .iplt          0x0800c7a8        0x0 c:/program files (x86)/atollic/truestudio for stm32 9.3.0/armtools/bin/../lib/gcc/arm-atollic-eabi/6.3.1/armv7e-m/fpu/crtbegin.o

.rodata         0x0800c7a8        0x4
                0x0800c7a8                . = ALIGN (0x4)
 *(.rodata)
 *(.rodata*)
 .rodata.str1.4
                0x0800c7a8        0x4 src\tiny_printf.o
                                  0x2 (size before relaxing)
                0x0800c7ac                . = ALIGN (0x4)

.ARM.extab      0x0800c7ac        0x0
 *(.ARM.extab* .gnu.linkonce.armextab.*)
 .ARM.extab     0x0800c7ac        0x0 c:/program files (x86)/atollic/truestudio for stm32 9.3.0/armtools/bin/../lib/gcc/arm-atollic-eabi/6.3.1/armv7e-m/fpu\libgcc.a(_udivmoddi4.o)

.ARM            0x0800c7ac        0x8
                0x0800c7ac                __exidx_start = .
 *(.ARM.exidx*)
 .ARM.exidx     0x0800c7ac        0x8 c:/program files (x86)/atollic/truestudio for stm32 9.3.0/armtools/bin/../lib/gcc/arm-atollic-eabi/6.3.1/armv7e-m/fpu\libgcc.a(_udivmoddi4.o)
                0x0800c7b4                __exidx_end = .

.rel.dyn        0x0800c7b4        0x0
 .rel.iplt      0x0800c7b4        0x0 c:/program files (x86)/atollic/truestudio for stm32 9.3.0/armtools/bin/../lib/gcc/arm-atollic-eabi/6.3.1/armv7e-m/fpu/crtbegin.o

.preinit_array  0x0800c7b4        0x0
                0x0800c7b4                PROVIDE (__preinit_array_start, .)
 *(.preinit_array*)
                0x0800c7b4                PROVIDE (__preinit_array_end, .)

.init_array     0x0800c7b4        0x4
                0x0800c7b4                PROVIDE (__init_array_start, .)
 *(SORT(.init_array.*))
 *(.init_array*)
 .init_array    0x0800c7b4        0x4 c:/program files (x86)/atollic/truestudio for stm32 9.3.0/armtools/bin/../lib/gcc/arm-atollic-eabi/6.3.1/armv7e-m/fpu/crtbegin.o
                0x0800c7b8                PROVIDE (__init_array_end, .)

.fini_array     0x0800c7b8        0x4
                [!provide]                PROVIDE (__fini_array_start, .)
 *(SORT(.fini_array.*))
 *(.fini_array*)
 .fini_array    0x0800c7b8        0x4 c:/program files (x86)/atollic/truestudio for stm32 9.3.0/armtools/bin/../lib/gcc/arm-atollic-eabi/6.3.1/armv7e-m/fpu/crtbegin.o
                [!provide]                PROVIDE (__fini_array_end, .)
                0x0800c7bc                _sidata = LOADADDR (.data)

.data           0x20000000      0x698 load address 0x0800c7bc
                0x20000000                . = ALIGN (0x4)
                0x20000000                _sdata = .
 *(.data)
 .data          0x20000000        0x0 c:/program files (x86)/atollic/truestudio for stm32 9.3.0/armtools/bin/../lib/gcc/arm-atollic-eabi/6.3.1/armv7e-m/fpu/crti.o
 .data          0x20000000        0x4 c:/program files (x86)/atollic/truestudio for stm32 9.3.0/armtools/bin/../lib/gcc/arm-atollic-eabi/6.3.1/armv7e-m/fpu/crtbegin.o
                0x20000000                __dso_handle
 .data          0x20000004        0x0 Libraries\STM32F4xx_StdPeriph_Driver\src\misc.o
 .data          0x20000004        0x0 Libraries\STM32F4xx_StdPeriph_Driver\src\stm32f4xx_adc.o
 .data          0x20000004        0x0 Libraries\STM32F4xx_StdPeriph_Driver\src\stm32f4xx_can.o
 .data          0x20000004        0x0 Libraries\STM32F4xx_StdPeriph_Driver\src\stm32f4xx_crc.o
 .data          0x20000004        0x0 Libraries\STM32F4xx_StdPeriph_Driver\src\stm32f4xx_cryp.o
 .data          0x20000004        0x0 Libraries\STM32F4xx_StdPeriph_Driver\src\stm32f4xx_cryp_aes.o
 .data          0x20000004        0x0 Libraries\STM32F4xx_StdPeriph_Driver\src\stm32f4xx_cryp_des.o
 .data          0x20000004        0x0 Libraries\STM32F4xx_StdPeriph_Driver\src\stm32f4xx_cryp_tdes.o
 .data          0x20000004        0x0 Libraries\STM32F4xx_StdPeriph_Driver\src\stm32f4xx_dac.o
 .data          0x20000004        0x0 Libraries\STM32F4xx_StdPeriph_Driver\src\stm32f4xx_dbgmcu.o
 .data          0x20000004        0x0 Libraries\STM32F4xx_StdPeriph_Driver\src\stm32f4xx_dcmi.o
 .data          0x20000004        0x0 Libraries\STM32F4xx_StdPeriph_Driver\src\stm32f4xx_dma.o
 .data          0x20000004        0x0 Libraries\STM32F4xx_StdPeriph_Driver\src\stm32f4xx_exti.o
 .data          0x20000004        0x0 Libraries\STM32F4xx_StdPeriph_Driver\src\stm32f4xx_flash.o
 .data          0x20000004        0x0 Libraries\STM32F4xx_StdPeriph_Driver\src\stm32f4xx_fsmc.o
 .data          0x20000004        0x0 Libraries\STM32F4xx_StdPeriph_Driver\src\stm32f4xx_gpio.o
 .data          0x20000004        0x0 Libraries\STM32F4xx_StdPeriph_Driver\src\stm32f4xx_hash.o
 .data          0x20000004        0x0 Libraries\STM32F4xx_StdPeriph_Driver\src\stm32f4xx_hash_md5.o
 .data          0x20000004        0x0 Libraries\STM32F4xx_StdPeriph_Driver\src\stm32f4xx_hash_sha1.o
 .data          0x20000004        0x0 Libraries\STM32F4xx_StdPeriph_Driver\src\stm32f4xx_i2c.o
 .data          0x20000004        0x0 Libraries\STM32F4xx_StdPeriph_Driver\src\stm32f4xx_iwdg.o
 .data          0x20000004        0x0 Libraries\STM32F4xx_StdPeriph_Driver\src\stm32f4xx_pwr.o
 .data          0x20000004       0x10 Libraries\STM32F4xx_StdPeriph_Driver\src\stm32f4xx_rcc.o
 .data          0x20000014        0x0 Libraries\STM32F4xx_StdPeriph_Driver\src\stm32f4xx_rng.o
 .data          0x20000014        0x0 Libraries\STM32F4xx_StdPeriph_Driver\src\stm32f4xx_rtc.o
 .data          0x20000014        0x0 Libraries\STM32F4xx_StdPeriph_Driver\src\stm32f4xx_sdio.o
 .data          0x20000014        0x0 Libraries\STM32F4xx_StdPeriph_Driver\src\stm32f4xx_spi.o
 .data          0x20000014        0x0 Libraries\STM32F4xx_StdPeriph_Driver\src\stm32f4xx_syscfg.o
 .data          0x20000014        0x0 Libraries\STM32F4xx_StdPeriph_Driver\src\stm32f4xx_tim.o
 .data          0x20000014        0x0 Libraries\STM32F4xx_StdPeriph_Driver\src\stm32f4xx_usart.o
 .data          0x20000014        0x0 Libraries\STM32F4xx_StdPeriph_Driver\src\stm32f4xx_wwdg.o
 .data          0x20000014        0x0 src\CAT25512.o
 .data          0x20000014        0x0 src\HC165.o
 .data          0x20000014        0x0 src\MAX5135.o
 *fill*         0x20000014        0x4 
 .data          0x20000018      0x240 src\adc_pots_selector.o
                0x20000018                ChSelData
 .data          0x20000258        0x0 src\dip_config.o
 .data          0x20000258        0x0 src\expander.o
 .data          0x20000258        0x0 src\leds_modes.o
 .data          0x20000258        0x0 src\leds_step.o
 .data          0x20000258      0x42c src\main.o
                0x20000258                bank
                0x2000025c                CalConstants
                0x2000027c                pots_step
                0x20000280                previous_step
                0x20000284                mSin
 .data          0x20000684        0x0 src\startup_stm32f40xx.o
 .data          0x20000684        0x0 src\stm32f4xx_it.o
 .data          0x20000684       0x14 src\system_stm32f4xx.o
                0x20000684                SystemCoreClock
                0x20000688                AHBPrescTable
 .data          0x20000698        0x0 src\tiny_printf.o
 .data          0x20000698        0x0 c:/program files (x86)/atollic/truestudio for stm32 9.3.0/armtools/bin/../lib/gcc/arm-atollic-eabi/6.3.1/../../../../arm-atollic-eabi/lib/armv7e-m/fpu\libc_nano.a(lib_a-init.o)
 .data          0x20000698        0x0 c:/program files (x86)/atollic/truestudio for stm32 9.3.0/armtools/bin/../lib/gcc/arm-atollic-eabi/6.3.1/../../../../arm-atollic-eabi/lib/armv7e-m/fpu\libc_nano.a(lib_a-strlen.o)
 .data          0x20000698        0x0 c:/program files (x86)/atollic/truestudio for stm32 9.3.0/armtools/bin/../lib/gcc/arm-atollic-eabi/6.3.1/armv7e-m/fpu\libgcc.a(_arm_addsubdf3.o)
 .data          0x20000698        0x0 c:/program files (x86)/atollic/truestudio for stm32 9.3.0/armtools/bin/../lib/gcc/arm-atollic-eabi/6.3.1/armv7e-m/fpu\libgcc.a(_arm_muldivdf3.o)
 .data          0x20000698        0x0 c:/program files (x86)/atollic/truestudio for stm32 9.3.0/armtools/bin/../lib/gcc/arm-atollic-eabi/6.3.1/armv7e-m/fpu\libgcc.a(_arm_fixunsdfsi.o)
 .data          0x20000698        0x0 c:/program files (x86)/atollic/truestudio for stm32 9.3.0/armtools/bin/../lib/gcc/arm-atollic-eabi/6.3.1/armv7e-m/fpu\libgcc.a(_aeabi_ldivmod.o)
 .data          0x20000698        0x0 c:/program files (x86)/atollic/truestudio for stm32 9.3.0/armtools/bin/../lib/gcc/arm-atollic-eabi/6.3.1/armv7e-m/fpu\libgcc.a(_udivmoddi4.o)
 .data          0x20000698        0x0 c:/program files (x86)/atollic/truestudio for stm32 9.3.0/armtools/bin/../lib/gcc/arm-atollic-eabi/6.3.1/armv7e-m/fpu\libgcc.a(_dvmd_tls.o)
 .data          0x20000698        0x0 c:/program files (x86)/atollic/truestudio for stm32 9.3.0/armtools/bin/../lib/gcc/arm-atollic-eabi/6.3.1/../../../../arm-atollic-eabi/lib/armv7e-m/fpu\libnosys.a(write.o)
 .data          0x20000698        0x0 c:/program files (x86)/atollic/truestudio for stm32 9.3.0/armtools/bin/../lib/gcc/arm-atollic-eabi/6.3.1/../../../../arm-atollic-eabi/lib/armv7e-m/fpu\libnosys.a(errno.o)
 .data          0x20000698        0x0 c:/program files (x86)/atollic/truestudio for stm32 9.3.0/armtools/bin/../lib/gcc/arm-atollic-eabi/6.3.1/armv7e-m/fpu/crtend.o
 .data          0x20000698        0x0 c:/program files (x86)/atollic/truestudio for stm32 9.3.0/armtools/bin/../lib/gcc/arm-atollic-eabi/6.3.1/armv7e-m/fpu/crtn.o
 *(.data*)
                0x20000698                . = ALIGN (0x4)
                0x20000698                _edata = .
                0x0800ce54                _siccmram = LOADADDR (.ccmram)

.igot.plt       0x20000698        0x0 load address 0x0800ce54
 .igot.plt      0x20000698        0x0 c:/program files (x86)/atollic/truestudio for stm32 9.3.0/armtools/bin/../lib/gcc/arm-atollic-eabi/6.3.1/armv7e-m/fpu/crtbegin.o

.ccmram         0x10000000        0x0 load address 0x0800ce54
                0x10000000                . = ALIGN (0x4)
                0x10000000                _sccmram = .
 *(.ccmram)
 *(.ccmram*)
                0x10000000                . = ALIGN (0x4)
                0x10000000                _eccmram = .
                0x10000000                . = ALIGN (0x4)

.bss            0x20000698      0x830
                0x20000698                _sbss = .
                0x20000698                __bss_start__ = _sbss
 *(.bss)
 .bss           0x20000698        0x0 c:/program files (x86)/atollic/truestudio for stm32 9.3.0/armtools/bin/../lib/gcc/arm-atollic-eabi/6.3.1/armv7e-m/fpu/crti.o
 .bss           0x20000698       0x1c c:/program files (x86)/atollic/truestudio for stm32 9.3.0/armtools/bin/../lib/gcc/arm-atollic-eabi/6.3.1/armv7e-m/fpu/crtbegin.o
 .bss           0x200006b4        0x0 Libraries\STM32F4xx_StdPeriph_Driver\src\misc.o
 .bss           0x200006b4        0x0 Libraries\STM32F4xx_StdPeriph_Driver\src\stm32f4xx_adc.o
 .bss           0x200006b4        0x0 Libraries\STM32F4xx_StdPeriph_Driver\src\stm32f4xx_can.o
 .bss           0x200006b4        0x0 Libraries\STM32F4xx_StdPeriph_Driver\src\stm32f4xx_crc.o
 .bss           0x200006b4        0x0 Libraries\STM32F4xx_StdPeriph_Driver\src\stm32f4xx_cryp.o
 .bss           0x200006b4        0x0 Libraries\STM32F4xx_StdPeriph_Driver\src\stm32f4xx_cryp_aes.o
 .bss           0x200006b4        0x0 Libraries\STM32F4xx_StdPeriph_Driver\src\stm32f4xx_cryp_des.o
 .bss           0x200006b4        0x0 Libraries\STM32F4xx_StdPeriph_Driver\src\stm32f4xx_cryp_tdes.o
 .bss           0x200006b4        0x0 Libraries\STM32F4xx_StdPeriph_Driver\src\stm32f4xx_dac.o
 .bss           0x200006b4        0x0 Libraries\STM32F4xx_StdPeriph_Driver\src\stm32f4xx_dbgmcu.o
 .bss           0x200006b4        0x0 Libraries\STM32F4xx_StdPeriph_Driver\src\stm32f4xx_dcmi.o
 .bss           0x200006b4        0x0 Libraries\STM32F4xx_StdPeriph_Driver\src\stm32f4xx_dma.o
 .bss           0x200006b4        0x0 Libraries\STM32F4xx_StdPeriph_Driver\src\stm32f4xx_exti.o
 .bss           0x200006b4        0x0 Libraries\STM32F4xx_StdPeriph_Driver\src\stm32f4xx_flash.o
 .bss           0x200006b4        0x0 Libraries\STM32F4xx_StdPeriph_Driver\src\stm32f4xx_fsmc.o
 .bss           0x200006b4        0x0 Libraries\STM32F4xx_StdPeriph_Driver\src\stm32f4xx_gpio.o
 .bss           0x200006b4        0x0 Libraries\STM32F4xx_StdPeriph_Driver\src\stm32f4xx_hash.o
 .bss           0x200006b4        0x0 Libraries\STM32F4xx_StdPeriph_Driver\src\stm32f4xx_hash_md5.o
 .bss           0x200006b4        0x0 Libraries\STM32F4xx_StdPeriph_Driver\src\stm32f4xx_hash_sha1.o
 .bss           0x200006b4        0x0 Libraries\STM32F4xx_StdPeriph_Driver\src\stm32f4xx_i2c.o
 .bss           0x200006b4        0x0 Libraries\STM32F4xx_StdPeriph_Driver\src\stm32f4xx_iwdg.o
 .bss           0x200006b4        0x0 Libraries\STM32F4xx_StdPeriph_Driver\src\stm32f4xx_pwr.o
 .bss           0x200006b4        0x0 Libraries\STM32F4xx_StdPeriph_Driver\src\stm32f4xx_rcc.o
 .bss           0x200006b4        0x0 Libraries\STM32F4xx_StdPeriph_Driver\src\stm32f4xx_rng.o
 .bss           0x200006b4        0x0 Libraries\STM32F4xx_StdPeriph_Driver\src\stm32f4xx_rtc.o
 .bss           0x200006b4        0x0 Libraries\STM32F4xx_StdPeriph_Driver\src\stm32f4xx_sdio.o
 .bss           0x200006b4        0x0 Libraries\STM32F4xx_StdPeriph_Driver\src\stm32f4xx_spi.o
 .bss           0x200006b4        0x0 Libraries\STM32F4xx_StdPeriph_Driver\src\stm32f4xx_syscfg.o
 .bss           0x200006b4        0x0 Libraries\STM32F4xx_StdPeriph_Driver\src\stm32f4xx_tim.o
 .bss           0x200006b4        0x0 Libraries\STM32F4xx_StdPeriph_Driver\src\stm32f4xx_usart.o
 .bss           0x200006b4        0x0 Libraries\STM32F4xx_StdPeriph_Driver\src\stm32f4xx_wwdg.o
 .bss           0x200006b4        0x0 src\CAT25512.o
 .bss           0x200006b4        0x0 src\HC165.o
 .bss           0x200006b4        0x0 src\MAX5135.o
 .bss           0x200006b4        0x0 src\adc_pots_selector.o
 .bss           0x200006b4        0x0 src\dip_config.o
 .bss           0x200006b4        0x0 src\expander.o
 .bss           0x200006b4        0x0 src\leds_modes.o
 .bss           0x200006b4        0x0 src\leds_step.o
 .bss           0x200006b4       0x3f src\main.o
                0x200006b4                ADC_POT_sel_cnt
                0x200006b5                gSequencerMode_1
                0x200006b6                gPrevSequencerMode_1
                0x200006b7                gSequencerMode_2
                0x200006b8                gPrevSequencerMode_2
                0x200006b9                gSequenceStepNumber_1
                0x200006ba                gSequenceStepNumber_2
                0x200006bb                gDisplayMode
                0x200006bc                PreviousStep
                0x200006c4                PreviousStep_2
                0x200006d4                gEditModeStepNum
[...]
TIM_SetClockDivision                              Libraries\STM32F4xx_StdPeriph_Driver\src\stm32f4xx_tim.o
TIM_SetCompare1                                   Libraries\STM32F4xx_StdPeriph_Driver\src\stm32f4xx_tim.o
TIM_SetCompare2                                   Libraries\STM32F4xx_StdPeriph_Driver\src\stm32f4xx_tim.o
                                                  src\main.o
TIM_SetCompare3                                   Libraries\STM32F4xx_StdPeriph_Driver\src\stm32f4xx_tim.o
TIM_SetCompare4                                   Libraries\STM32F4xx_StdPeriph_Driver\src\stm32f4xx_tim.o
TIM_SetCounter                                    Libraries\STM32F4xx_StdPeriph_Driver\src\stm32f4xx_tim.o
                                                  src\main.o
TIM_SetIC1Prescaler                               Libraries\STM32F4xx_StdPeriph_Driver\src\stm32f4xx_tim.o
TIM_SetIC2Prescaler                               Libraries\STM32F4xx_StdPeriph_Driver\src\stm32f4xx_tim.o
TIM_SetIC3Prescaler                               Libraries\STM32F4xx_StdPeriph_Driver\src\stm32f4xx_tim.o
TIM_SetIC4Prescaler                               Libraries\STM32F4xx_StdPeriph_Driver\src\stm32f4xx_tim.o
TIM_TIxExternalClockConfig                        Libraries\STM32F4xx_StdPeriph_Driver\src\stm32f4xx_tim.o
TIM_TimeBaseInit                                  Libraries\STM32F4xx_StdPeriph_Driver\src\stm32f4xx_tim.o
                                                  src\main.o
TIM_TimeBaseStructInit                            Libraries\STM32F4xx_StdPeriph_Driver\src\stm32f4xx_tim.o
                                                  src\main.o
TIM_UpdateDisableConfig                           Libraries\STM32F4xx_StdPeriph_Driver\src\stm32f4xx_tim.o
TIM_UpdateRequestConfig                           Libraries\STM32F4xx_StdPeriph_Driver\src\stm32f4xx_tim.o
UART4_IRQHandler                                  src\startup_stm32f40xx.o
UART5_IRQHandler                                  src\startup_stm32f40xx.o
USART1_IRQHandler                                 src\startup_stm32f40xx.o
USART2_IRQHandler                                 src\startup_stm32f40xx.o
USART3_IRQHandler                                 src\startup_stm32f40xx.o
USART6_IRQHandler                                 src\startup_stm32f40xx.o
USART_ClearFlag                                   Libraries\STM32F4xx_StdPeriph_Driver\src\stm32f4xx_usart.o
USART_ClearITPendingBit                           Libraries\STM32F4xx_StdPeriph_Driver\src\stm32f4xx_usart.o
USART_ClockInit                                   Libraries\STM32F4xx_StdPeriph_Driver\src\stm32f4xx_usart.o
USART_ClockStructInit                             Libraries\STM32F4xx_StdPeriph_Driver\src\stm32f4xx_usart.o
USART_Cmd                                         Libraries\STM32F4xx_StdPeriph_Driver\src\stm32f4xx_usart.o
USART_DMACmd                                      Libraries\STM32F4xx_StdPeriph_Driver\src\stm32f4xx_usart.o
USART_DeInit                                      Libraries\STM32F4xx_StdPeriph_Driver\src\stm32f4xx_usart.o
USART_GetFlagStatus                               Libraries\STM32F4xx_StdPeriph_Driver\src\stm32f4xx_usart.o
USART_GetITStatus                                 Libraries\STM32F4xx_StdPeriph_Driver\src\stm32f4xx_usart.o
USART_HalfDuplexCmd                               Libraries\STM32F4xx_StdPeriph_Driver\src\stm32f4xx_usart.o
USART_ITConfig                                    Libraries\STM32F4xx_StdPeriph_Driver\src\stm32f4xx_usart.o
USART_Init                                        Libraries\STM32F4xx_StdPeriph_Driver\src\stm32f4xx_usart.o
USART_IrDACmd                                     Libraries\STM32F4xx_StdPeriph_Driver\src\stm32f4xx_usart.o
USART_IrDAConfig                                  Libraries\STM32F4xx_StdPeriph_Driver\src\stm32f4xx_usart.o
USART_LINBreakDetectLengthConfig                  Libraries\STM32F4xx_StdPeriph_Driver\src\stm32f4xx_usart.o
USART_LINCmd                                      Libraries\STM32F4xx_StdPeriph_Driver\src\stm32f4xx_usart.o
USART_OneBitMethodCmd                             Libraries\STM32F4xx_StdPeriph_Driver\src\stm32f4xx_usart.o
USART_OverSampling8Cmd                            Libraries\STM32F4xx_StdPeriph_Driver\src\stm32f4xx_usart.o
USART_ReceiveData                                 Libraries\STM32F4xx_StdPeriph_Driver\src\stm32f4xx_usart.o
USART_ReceiverWakeUpCmd                           Libraries\STM32F4xx_StdPeriph_Driver\src\stm32f4xx_usart.o
USART_SendBreak                                   Libraries\STM32F4xx_StdPeriph_Driver\src\stm32f4xx_usart.o
USART_SendData                                    Libraries\STM32F4xx_StdPeriph_Driver\src\stm32f4xx_usart.o
USART_SetAddress                                  Libraries\STM32F4xx_StdPeriph_Driver\src\stm32f4xx_usart.o
USART_SetGuardTime                                Libraries\STM32F4xx_StdPeriph_Driver\src\stm32f4xx_usart.o
USART_SetPrescaler                                Libraries\STM32F4xx_StdPeriph_Driver\src\stm32f4xx_usart.o
USART_SmartCardCmd                                Libraries\STM32F4xx_StdPeriph_Driver\src\stm32f4xx_usart.o
USART_SmartCardNACKCmd                            Libraries\STM32F4xx_StdPeriph_Driver\src\stm32f4xx_usart.o
USART_StructInit                                  Libraries\STM32F4xx_StdPeriph_Driver\src\stm32f4xx_usart.o
USART_WakeUpConfig                                Libraries\STM32F4xx_StdPeriph_Driver\src\stm32f4xx_usart.o
UpdateModeSection                                 src\main.o
UpdateStepSection                                 src\main.o
UsageFault_Handler                                src\stm32f4xx_it.o
                                                  src\startup_stm32f40xx.o
WWDG_ClearFlag                                    Libraries\STM32F4xx_StdPeriph_Driver\src\stm32f4xx_wwdg.o
WWDG_DeInit                                       Libraries\STM32F4xx_StdPeriph_Driver\src\stm32f4xx_wwdg.o
WWDG_Enable                                       Libraries\STM32F4xx_StdPeriph_Driver\src\stm32f4xx_wwdg.o
WWDG_EnableIT                                     Libraries\STM32F4xx_StdPeriph_Driver\src\stm32f4xx_wwdg.o
WWDG_GetFlagStatus                                Libraries\STM32F4xx_StdPeriph_Driver\src\stm32f4xx_wwdg.o
WWDG_IRQHandler                                   src\startup_stm32f40xx.o
WWDG_SetCounter                                   Libraries\STM32F4xx_StdPeriph_Driver\src\stm32f4xx_wwdg.o
WWDG_SetPrescaler                                 Libraries\STM32F4xx_StdPeriph_Driver\src\stm32f4xx_wwdg.o
WWDG_SetWindowValue                               Libraries\STM32F4xx_StdPeriph_Driver\src\stm32f4xx_wwdg.o
__adddf3                                          c:/program files (x86)/atollic/truestudio for stm32 9.3.0/armtools/bin/../lib/gcc/arm-atollic-eabi/6.3.1/armv7e-m/fpu\libgcc.a(_arm_addsubdf3.o)
__aeabi_d2uiz                                     c:/program files (x86)/atollic/truestudio for stm32 9.3.0/armtools/bin/../lib/gcc/arm-atollic-eabi/6.3.1/armv7e-m/fpu\libgcc.a(_arm_fixunsdfsi.o)
                                                  src\main.o
__aeabi_dadd                                      c:/program files (x86)/atollic/truestudio for stm32 9.3.0/armtools/bin/../lib/gcc/arm-atollic-eabi/6.3.1/armv7e-m/fpu\libgcc.a(_arm_addsubdf3.o)
                                                  src\main.o
__aeabi_ddiv                                      c:/program files (x86)/atollic/truestudio for stm32 9.3.0/armtools/bin/../lib/gcc/arm-atollic-eabi/6.3.1/armv7e-m/fpu\libgcc.a(_arm_muldivdf3.o)
                                                  src\main.o
__aeabi_dmul                                      c:/program files (x86)/atollic/truestudio for stm32 9.3.0/armtools/bin/../lib/gcc/arm-atollic-eabi/6.3.1/armv7e-m/fpu\libgcc.a(_arm_muldivdf3.o)
                                                  src\main.o
__aeabi_drsub                                     c:/program files (x86)/atollic/truestudio for stm32 9.3.0/armtools/bin/../lib/gcc/arm-atollic-eabi/6.3.1/armv7e-m/fpu\libgcc.a(_arm_addsubdf3.o)
__aeabi_dsub                                      c:/program files (x86)/atollic/truestudio for stm32 9.3.0/armtools/bin/../lib/gcc/arm-atollic-eabi/6.3.1/armv7e-m/fpu\libgcc.a(_arm_addsubdf3.o)
__aeabi_f2d                                       c:/program files (x86)/atollic/truestudio for stm32 9.3.0/armtools/bin/../lib/gcc/arm-atollic-eabi/6.3.1/armv7e-m/fpu\libgcc.a(_arm_addsubdf3.o)
__aeabi_i2d                                       c:/program files (x86)/atollic/truestudio for stm32 9.3.0/armtools/bin/../lib/gcc/arm-atollic-eabi/6.3.1/armv7e-m/fpu\libgcc.a(_arm_addsubdf3.o)
__aeabi_idiv0                                     c:/program files (x86)/atollic/truestudio for stm32 9.3.0/armtools/bin/../lib/gcc/arm-atollic-eabi/6.3.1/armv7e-m/fpu\libgcc.a(_dvmd_tls.o)
__aeabi_l2d                                       c:/program files (x86)/atollic/truestudio for stm32 9.3.0/armtools/bin/../lib/gcc/arm-atollic-eabi/6.3.1/armv7e-m/fpu\libgcc.a(_arm_addsubdf3.o)
__aeabi_ldiv0                                     c:/program files (x86)/atollic/truestudio for stm32 9.3.0/armtools/bin/../lib/gcc/arm-atollic-eabi/6.3.1/armv7e-m/fpu\libgcc.a(_dvmd_tls.o)
                                                  c:/program files (x86)/atollic/truestudio for stm32 9.3.0/armtools/bin/../lib/gcc/arm-atollic-eabi/6.3.1/armv7e-m/fpu\libgcc.a(_aeabi_ldivmod.o)
__aeabi_ldivmod                                   c:/program files (x86)/atollic/truestudio for stm32 9.3.0/armtools/bin/../lib/gcc/arm-atollic-eabi/6.3.1/armv7e-m/fpu\libgcc.a(_aeabi_ldivmod.o)
                                                  src\main.o
__aeabi_ui2d                                      c:/program files (x86)/atollic/truestudio for stm32 9.3.0/armtools/bin/../lib/gcc/arm-atollic-eabi/6.3.1/armv7e-m/fpu\libgcc.a(_arm_addsubdf3.o)
                                                  src\main.o
__aeabi_ul2d                                      c:/program files (x86)/atollic/truestudio for stm32 9.3.0/armtools/bin/../lib/gcc/arm-atollic-eabi/6.3.1/armv7e-m/fpu\libgcc.a(_arm_addsubdf3.o)
__deregister_frame_info                           c:/program files (x86)/atollic/truestudio for stm32 9.3.0/armtools/bin/../lib/gcc/arm-atollic-eabi/6.3.1/armv7e-m/fpu/crtbegin.o
__divdf3                                          c:/program files (x86)/atollic/truestudio for stm32 9.3.0/armtools/bin/../lib/gcc/arm-atollic-eabi/6.3.1/armv7e-m/fpu\libgcc.a(_arm_muldivdf3.o)
__dso_handle                                      c:/program files (x86)/atollic/truestudio for stm32 9.3.0/armtools/bin/../lib/gcc/arm-atollic-eabi/6.3.1/armv7e-m/fpu/crtbegin.o
__extendsfdf2                                     c:/program files (x86)/atollic/truestudio for stm32 9.3.0/armtools/bin/../lib/gcc/arm-atollic-eabi/6.3.1/armv7e-m/fpu\libgcc.a(_arm_addsubdf3.o)
__fixunsdfsi                                      c:/program files (x86)/atollic/truestudio for stm32 9.3.0/armtools/bin/../lib/gcc/arm-atollic-eabi/6.3.1/armv7e-m/fpu\libgcc.a(_arm_fixunsdfsi.o)
__floatdidf                                       c:/program files (x86)/atollic/truestudio for stm32 9.3.0/armtools/bin/../lib/gcc/arm-atollic-eabi/6.3.1/armv7e-m/fpu\libgcc.a(_arm_addsubdf3.o)
__floatsidf                                       c:/program files (x86)/atollic/truestudio for stm32 9.3.0/armtools/bin/../lib/gcc/arm-atollic-eabi/6.3.1/armv7e-m/fpu\libgcc.a(_arm_addsubdf3.o)
__floatundidf                                     c:/program files (x86)/atollic/truestudio for stm32 9.3.0/armtools/bin/../lib/gcc/arm-atollic-eabi/6.3.1/armv7e-m/fpu\libgcc.a(_arm_addsubdf3.o)
__floatunsidf                                     c:/program files (x86)/atollic/truestudio for stm32 9.3.0/armtools/bin/../lib/gcc/arm-atollic-eabi/6.3.1/armv7e-m/fpu\libgcc.a(_arm_addsubdf3.o)
__init_array_end                                  c:/program files (x86)/atollic/truestudio for stm32 9.3.0/armtools/bin/../lib/gcc/arm-atollic-eabi/6.3.1/../../../../arm-atollic-eabi/lib/armv7e-m/fpu\libc_nano.a(lib_a-init.o)
__init_array_start                                c:/program files (x86)/atollic/truestudio for stm32 9.3.0/armtools/bin/../lib/gcc/arm-atollic-eabi/6.3.1/../../../../arm-atollic-eabi/lib/armv7e-m/fpu\libc_nano.a(lib_a-init.o)
__libc_init_array                                 c:/program files (x86)/atollic/truestudio for stm32 9.3.0/armtools/bin/../lib/gcc/arm-atollic-eabi/6.3.1/../../../../arm-atollic-eabi/lib/armv7e-m/fpu\libc_nano.a(lib_a-init.o)
                                                  src\startup_stm32f40xx.o
__muldf3                                          c:/program files (x86)/atollic/truestudio for stm32 9.3.0/armtools/bin/../lib/gcc/arm-atollic-eabi/6.3.1/armv7e-m/fpu\libgcc.a(_arm_muldivdf3.o)
__preinit_array_end                               c:/program files (x86)/atollic/truestudio for stm32 9.3.0/armtools/bin/../lib/gcc/arm-atollic-eabi/6.3.1/../../../../arm-atollic-eabi/lib/armv7e-m/fpu\libc_nano.a(lib_a-init.o)
__preinit_array_start                             c:/program files (x86)/atollic/truestudio for stm32 9.3.0/armtools/bin/../lib/gcc/arm-atollic-eabi/6.3.1/../../../../arm-atollic-eabi/lib/armv7e-m/fpu\libc_nano.a(lib_a-init.o)
__register_frame_info                             c:/program files (x86)/atollic/truestudio for stm32 9.3.0/armtools/bin/../lib/gcc/arm-atollic-eabi/6.3.1/armv7e-m/fpu/crtbegin.o
__subdf3                                          c:/program files (x86)/atollic/truestudio for stm32 9.3.0/armtools/bin/../lib/gcc/arm-atollic-eabi/6.3.1/armv7e-m/fpu\libgcc.a(_arm_addsubdf3.o)
__udivmoddi4                                      c:/program files (x86)/atollic/truestudio for stm32 9.3.0/armtools/bin/../lib/gcc/arm-atollic-eabi/6.3.1/armv7e-m/fpu\libgcc.a(_udivmoddi4.o)
                                                  c:/program files (x86)/atollic/truestudio for stm32 9.3.0/armtools/bin/../lib/gcc/arm-atollic-eabi/6.3.1/armv7e-m/fpu\libgcc.a(_aeabi_ldivmod.o)
_ebss                                             src\startup_stm32f40xx.o
_edata                                            src\startup_stm32f40xx.o
_estack                                           src\startup_stm32f40xx.o
_fini                                             c:/program files (x86)/atollic/truestudio for stm32 9.3.0/armtools/bin/../lib/gcc/arm-atollic-eabi/6.3.1/armv7e-m/fpu/crti.o
_init                                             c:/program files (x86)/atollic/truestudio for stm32 9.3.0/armtools/bin/../lib/gcc/arm-atollic-eabi/6.3.1/armv7e-m/fpu/crti.o
                                                  c:/program files (x86)/atollic/truestudio for stm32 9.3.0/armtools/bin/../lib/gcc/arm-atollic-eabi/6.3.1/../../../../arm-atollic-eabi/lib/armv7e-m/fpu\libc_nano.a(lib_a-init.o)
_sbss                                             src\startup_stm32f40xx.o
_sdata                                            src\startup_stm32f40xx.o
_sidata                                           src\startup_stm32f40xx.o
_write                                            c:/program files (x86)/atollic/truestudio for stm32 9.3.0/armtools/bin/../lib/gcc/arm-atollic-eabi/6.3.1/../../../../arm-atollic-eabi/lib/armv7e-m/fpu\libnosys.a(write.o)
                                                  src\tiny_printf.o
acc                                               src\main.o
advanced_counter_1                                src\main.o
advanced_counter_2                                src\main.o
average_array                                     src\main.o
average_index                                     src\main.o
bank                                              src\main.o
counterL                                          src\main.o
counterR                                          src\main.o
delay_ms                                          src\main.o
                                                  src\CAT25512.o
delay_ns                                          src\main.o
                                                  src\CAT25512.o
delay_us                                          src\main.o
                                                  src\HC165.o
divider                                           src\main.o
errno                                             c:/program files (x86)/atollic/truestudio for stm32 9.3.0/armtools/bin/../lib/gcc/arm-atollic-eabi/6.3.1/../../../../arm-atollic-eabi/lib/armv7e-m/fpu\libnosys.a(errno.o)
                                                  c:/program files (x86)/atollic/truestudio for stm32 9.3.0/armtools/bin/../lib/gcc/arm-atollic-eabi/6.3.1/../../../../arm-atollic-eabi/lib/armv7e-m/fpu\libnosys.a(write.o)
fiprintf                                          src\tiny_printf.o
fprintf                                           src\tiny_printf.o
fputs                                             src\tiny_printf.o
fwrite                                            src\tiny_printf.o
gDipConfig                                        src\main.o
gDisplayMode                                      src\main.o
gEditModeStepNum                                  src\main.o
gKeysNotValid                                     src\main.o
gPrevSequencerMode_1                              src\main.o
gPrevSequencerMode_2                              src\main.o
gSequenceReadvance_1                              src\main.o
gSequenceReadvance_2                              src\main.o
gSequenceStepNumber_1                             src\main.o
gSequenceStepNumber_2                             src\main.o
gSequencer1_AdvanceStep                           src\main.o
gSequencer2_AdvanceStep                           src\main.o
gSequencerMode_1                                  src\main.o
gSequencerMode_2                                  src\main.o
gStartMode_1                                      src\main.o
gStartMode_2                                      src\main.o
gStrobeKey                                        src\main.o
g_pfnVectors                                      src\startup_stm32f40xx.o
init_HC165                                        src\HC165.o
                                                  src\main.o
iprintf                                           src\tiny_printf.o
key_locked                                        src\main.o
keyb_proc                                         src\main.o
load_counter                                      src\main.o
mADC_init                                         src\main.o
mInterruptInit                                    src\main.o
mSin                                              src\main.o
mTimersInit                                       src\main.o
main                                              src\main.o
                                                  src\startup_stm32f40xx.o
offset                                            src\main.o
pots_step                                         src\main.o
previous_step                                     src\main.o
printf                                            src\tiny_printf.o
puts                                              src\tiny_printf.o
save_counter                                      src\main.o
siprintf                                          src\tiny_printf.o
sprintf                                           src\tiny_printf.o
strlen                                            c:/program files (x86)/atollic/truestudio for stm32 9.3.0/armtools/bin/../lib/gcc/arm-atollic-eabi/6.3.1/../../../../arm-atollic-eabi/lib/armv7e-m/fpu\libc_nano.a(lib_a-strlen.o)
                                                  src\tiny_printf.o
strobe_banana_flag1                               src\main.o
strobe_banana_flag2                               src\main.o
ts_formatlength                                   src\tiny_printf.o
ts_formatstring                                   src\tiny_printf.o
ts_itoa                                           src\tiny_printf.o
