stm32f4xx_spi.c:224:6:SPI_I2S_DeInit	8	static
stm32f4xx_spi.c:284:6:SPI_Init	8	static
stm32f4xx_spi.c:348:6:I2S_Init	20	static
stm32f4xx_spi.c:480:6:SPI_StructInit	0	static
stm32f4xx_spi.c:508:6:I2S_StructInit	0	static
stm32f4xx_spi.c:537:6:SPI_Cmd	0	static
stm32f4xx_spi.c:562:6:I2S_Cmd	0	static
stm32f4xx_spi.c:589:6:SPI_DataSizeConfig	0	static
stm32f4xx_spi.c:609:6:SPI_BiDirectionalLineConfig	0	static
stm32f4xx_spi.c:635:6:SPI_NSSInternalSoftwareConfig	0	static
stm32f4xx_spi.c:659:6:SPI_SSOutputCmd	0	static
stm32f4xx_spi.c:690:6:SPI_TIModeCmd	0	static
stm32f4xx_spi.c:727:6:I2S_FullDuplexConfig	12	static
stm32f4xx_spi.c:801:10:SPI_I2S_ReceiveData	0	static
stm32f4xx_spi.c:817:6:SPI_I2S_SendData	0	static
stm32f4xx_spi.c:907:6:SPI_CalculateCRC	0	static
stm32f4xx_spi.c:929:6:SPI_TransmitCRC	0	static
stm32f4xx_spi.c:947:10:SPI_GetCRC	0	static
stm32f4xx_spi.c:972:10:SPI_GetCRCPolynomial	0	static
stm32f4xx_spi.c:1009:6:SPI_I2S_DMACmd	0	static
stm32f4xx_spi.c:1117:6:SPI_I2S_ITConfig	0	static
stm32f4xx_spi.c:1161:12:SPI_I2S_GetFlagStatus	0	static
stm32f4xx_spi.c:1202:6:SPI_I2S_ClearFlag	0	static
stm32f4xx_spi.c:1227:10:SPI_I2S_GetITStatus	8	static
stm32f4xx_spi.c:1282:6:SPI_I2S_ClearITPendingBit	0	static
