stm32f4xx_rtc.c:2724:16:RTC_ByteToBcd2	0	static
stm32f4xx_rtc.c:2742:16:RTC_Bcd2ToByte	0	static
stm32f4xx_rtc.c:503:6:RTC_StructInit	0	static
stm32f4xx_rtc.c:525:6:RTC_WriteProtectionCmd	0	static
stm32f4xx_rtc.c:552:13:RTC_EnterInitMode	8	static
stm32f4xx_rtc.c:597:6:RTC_ExitInitMode	0	static
stm32f4xx_rtc.c:457:13:RTC_Init	16	static
stm32f4xx_rtc.c:619:13:RTC_WaitForSynchro	16	static
stm32f4xx_rtc.c:375:13:RTC_DeInit	24	static
stm32f4xx_rtc.c:662:13:RTC_RefClockCmd	16	static
stm32f4xx_rtc.c:710:6:RTC_BypassShadowCmd	0	static
stm32f4xx_rtc.c:765:13:RTC_SetTime	16	static
stm32f4xx_rtc.c:868:6:RTC_TimeStructInit	0	static
stm32f4xx_rtc.c:887:6:RTC_GetTime	16	static
stm32f4xx_rtc.c:920:10:RTC_GetSubSecond	0	static
stm32f4xx_rtc.c:945:13:RTC_SetDate	16	static
stm32f4xx_rtc.c:1036:6:RTC_DateStructInit	0	static
stm32f4xx_rtc.c:1055:6:RTC_GetDate	16	static
stm32f4xx_rtc.c:1115:6:RTC_SetAlarm	32	static
stm32f4xx_rtc.c:1226:6:RTC_AlarmStructInit	0	static
stm32f4xx_rtc.c:1256:6:RTC_GetAlarm	24	static
stm32f4xx_rtc.c:1310:13:RTC_AlarmCmd	16	static
stm32f4xx_rtc.c:1404:6:RTC_AlarmSubSecondConfig	8	static
stm32f4xx_rtc.c:1445:10:RTC_GetAlarmSubSecond	0	static
stm32f4xx_rtc.c:1494:6:RTC_WakeUpClockConfig	0	static
stm32f4xx_rtc.c:1521:6:RTC_SetWakeUpCounter	0	static
stm32f4xx_rtc.c:1542:10:RTC_GetWakeUpCounter	0	static
stm32f4xx_rtc.c:1554:13:RTC_WakeUpCmd	8	static
stm32f4xx_rtc.c:1631:6:RTC_DayLightSavingConfig	0	static
stm32f4xx_rtc.c:1658:10:RTC_GetStoreOperation	0	static
stm32f4xx_rtc.c:1697:6:RTC_OutputConfig	0	static
stm32f4xx_rtc.c:1751:13:RTC_CoarseCalibConfig	16	static
stm32f4xx_rtc.c:1792:13:RTC_CoarseCalibCmd	16	static
stm32f4xx_rtc.c:1838:6:RTC_CalibOutputCmd	0	static
stm32f4xx_rtc.c:1870:6:RTC_CalibOutputConfig	0	static
stm32f4xx_rtc.c:1906:13:RTC_SmoothCalibConfig	12	static
stm32f4xx_rtc.c:1982:6:RTC_TimeStampCmd	0	static
stm32f4xx_rtc.c:2026:6:RTC_GetTimeStamp	24	static
stm32f4xx_rtc.c:2070:10:RTC_GetTimeStampSubSecond	0	static
stm32f4xx_rtc.c:2105:6:RTC_TamperTriggerConfig	0	static
stm32f4xx_rtc.c:2131:6:RTC_TamperCmd	0	static
stm32f4xx_rtc.c:2162:6:RTC_TamperFilterConfig	0	static
stm32f4xx_rtc.c:2196:6:RTC_TamperSamplingFreqConfig	0	static
stm32f4xx_rtc.c:2219:6:RTC_TamperPinsPrechargeDuration	0	static
stm32f4xx_rtc.c:2239:6:RTC_TimeStampOnTamperDetectionCmd	0	static
stm32f4xx_rtc.c:2262:6:RTC_TamperPullUpCmd	0	static
stm32f4xx_rtc.c:2303:6:RTC_WriteBackupRegister	8	static
stm32f4xx_rtc.c:2324:10:RTC_ReadBackupRegister	8	static
stm32f4xx_rtc.c:2363:6:RTC_TamperPinSelection	0	static
stm32f4xx_rtc.c:2380:6:RTC_TimeStampPinSelection	0	static
stm32f4xx_rtc.c:2399:6:RTC_OutputTypeConfig	0	static
stm32f4xx_rtc.c:2437:13:RTC_SynchroShiftConfig	8	static
stm32f4xx_rtc.c:2557:6:RTC_ITConfig	0	static
stm32f4xx_rtc.c:2605:12:RTC_GetFlagStatus	0	static
stm32f4xx_rtc.c:2641:6:RTC_ClearFlag	0	static
stm32f4xx_rtc.c:2661:10:RTC_GetITStatus	0	static
stm32f4xx_rtc.c:2701:6:RTC_ClearITPendingBit	0	static
