stm32f4xx_sdio.c:266:6:SDIO_DeInit	8	static
stm32f4xx_sdio.c:279:6:SDIO_Init	8	static
stm32f4xx_sdio.c:317:6:SDIO_StructInit	0	static
stm32f4xx_sdio.c:334:6:SDIO_ClockCmd	0	static
stm32f4xx_sdio.c:350:6:SDIO_SetPowerState	0	static
stm32f4xx_sdio.c:367:10:SDIO_GetPowerState	0	static
stm32f4xx_sdio.c:399:6:SDIO_SendCommand	8	static
stm32f4xx_sdio.c:435:6:SDIO_CmdStructInit	0	static
stm32f4xx_sdio.c:450:9:SDIO_GetCommandResponse	0	static
stm32f4xx_sdio.c:465:10:SDIO_GetResponse	8	static
stm32f4xx_sdio.c:503:6:SDIO_DataConfig	8	static
stm32f4xx_sdio.c:544:6:SDIO_DataStructInit	0	static
stm32f4xx_sdio.c:560:10:SDIO_GetDataCounter	0	static
stm32f4xx_sdio.c:570:10:SDIO_ReadData	0	static
stm32f4xx_sdio.c:580:6:SDIO_WriteData	0	static
stm32f4xx_sdio.c:590:10:SDIO_GetFIFOCount	0	static
stm32f4xx_sdio.c:619:6:SDIO_StartSDIOReadWait	0	static
stm32f4xx_sdio.c:633:6:SDIO_StopSDIOReadWait	0	static
stm32f4xx_sdio.c:649:6:SDIO_SetSDIOReadWaitMode	0	static
stm32f4xx_sdio.c:663:6:SDIO_SetSDIOOperation	0	static
stm32f4xx_sdio.c:677:6:SDIO_SendSDIOSuspendCmd	0	static
stm32f4xx_sdio.c:709:6:SDIO_CommandCompletionCmd	0	static
stm32f4xx_sdio.c:723:6:SDIO_CEATAITCmd	0	static
stm32f4xx_sdio.c:737:6:SDIO_SendCEATACmd	0	static
stm32f4xx_sdio.c:769:6:SDIO_DMACmd	0	static
stm32f4xx_sdio.c:827:6:SDIO_ITConfig	0	static
stm32f4xx_sdio.c:912:6:SDIO_ClearFlag	0	static
stm32f4xx_sdio.c:951:10:SDIO_GetITStatus	0	static
stm32f4xx_sdio.c:875:12:SDIO_GetFlagStatus	0	static
stm32f4xx_sdio.c:987:6:SDIO_ClearITPendingBit	0	static
