stm32f4xx_tim.c:3204:13:TI1_Config	12	static
stm32f4xx_tim.c:3245:13:TI2_Config	12	static
stm32f4xx_tim.c:200:6:TIM_DeInit	8	static
stm32f4xx_tim.c:288:6:TIM_TimeBaseInit	0	static
stm32f4xx_tim.c:340:6:TIM_TimeBaseStructInit	0	static
stm32f4xx_tim.c:360:6:TIM_PrescalerConfig	0	static
stm32f4xx_tim.c:383:6:TIM_CounterModeConfig	0	static
stm32f4xx_tim.c:409:6:TIM_SetCounter	0	static
stm32f4xx_tim.c:424:6:TIM_SetAutoreload	0	static
stm32f4xx_tim.c:438:10:TIM_GetCounter	0	static
stm32f4xx_tim.c:452:10:TIM_GetPrescaler	0	static
stm32f4xx_tim.c:468:6:TIM_UpdateDisableConfig	0	static
stm32f4xx_tim.c:497:6:TIM_UpdateRequestConfig	0	static
stm32f4xx_tim.c:522:6:TIM_ARRPreloadConfig	0	static
stm32f4xx_tim.c:549:6:TIM_SelectOnePulseMode	0	static
stm32f4xx_tim.c:572:6:TIM_SetClockDivision	0	static
stm32f4xx_tim.c:592:6:TIM_Cmd	0	static
stm32f4xx_tim.c:673:6:TIM_OC1Init	16	static
stm32f4xx_tim.c:754:6:TIM_OC2Init	16	static
stm32f4xx_tim.c:835:6:TIM_OC3Init	16	static
stm32f4xx_tim.c:915:6:TIM_OC4Init	16	static
stm32f4xx_tim.c:978:6:TIM_OCStructInit	0	static
stm32f4xx_tim.c:1014:6:TIM_SelectOCxM	12	static
stm32f4xx_tim.c:1060:6:TIM_SetCompare1	0	static
stm32f4xx_tim.c:1076:6:TIM_SetCompare2	0	static
stm32f4xx_tim.c:1091:6:TIM_SetCompare3	0	static
stm32f4xx_tim.c:1106:6:TIM_SetCompare4	0	static
stm32f4xx_tim.c:1124:6:TIM_ForcedOC1Config	0	static
stm32f4xx_tim.c:1153:6:TIM_ForcedOC2Config	0	static
stm32f4xx_tim.c:1181:6:TIM_ForcedOC3Config	0	static
stm32f4xx_tim.c:1210:6:TIM_ForcedOC4Config	0	static
stm32f4xx_tim.c:1238:6:TIM_OC1PreloadConfig	0	static
stm32f4xx_tim.c:1268:6:TIM_OC2PreloadConfig	0	static
stm32f4xx_tim.c:1297:6:TIM_OC3PreloadConfig	0	static
stm32f4xx_tim.c:1326:6:TIM_OC4PreloadConfig	0	static
stm32f4xx_tim.c:1355:6:TIM_OC1FastConfig	0	static
stm32f4xx_tim.c:1386:6:TIM_OC2FastConfig	0	static
stm32f4xx_tim.c:1416:6:TIM_OC3FastConfig	0	static
stm32f4xx_tim.c:1446:6:TIM_OC4FastConfig	0	static
stm32f4xx_tim.c:1476:6:TIM_ClearOC1Ref	0	static
stm32f4xx_tim.c:1506:6:TIM_ClearOC2Ref	0	static
stm32f4xx_tim.c:1535:6:TIM_ClearOC3Ref	0	static
stm32f4xx_tim.c:1564:6:TIM_ClearOC4Ref	0	static
stm32f4xx_tim.c:1593:6:TIM_OC1PolarityConfig	0	static
stm32f4xx_tim.c:1620:6:TIM_OC1NPolarityConfig	0	static
stm32f4xx_tim.c:1647:6:TIM_OC2PolarityConfig	0	static
stm32f4xx_tim.c:1674:6:TIM_OC2NPolarityConfig	0	static
stm32f4xx_tim.c:1701:6:TIM_OC3PolarityConfig	0	static
stm32f4xx_tim.c:1728:6:TIM_OC3NPolarityConfig	0	static
stm32f4xx_tim.c:1755:6:TIM_OC4PolarityConfig	0	static
stm32f4xx_tim.c:1786:6:TIM_CCxCmd	8	static
stm32f4xx_tim.c:1816:6:TIM_CCxNCmd	8	static
stm32f4xx_tim.c:1956:6:TIM_ICStructInit	0	static
stm32f4xx_tim.c:2032:10:TIM_GetCapture1	0	static
stm32f4xx_tim.c:2047:10:TIM_GetCapture2	0	static
stm32f4xx_tim.c:2061:10:TIM_GetCapture3	0	static
stm32f4xx_tim.c:2075:10:TIM_GetCapture4	0	static
stm32f4xx_tim.c:2095:6:TIM_SetIC1Prescaler	0	static
stm32f4xx_tim.c:2120:6:TIM_SetIC2Prescaler	0	static
stm32f4xx_tim.c:1975:6:TIM_PWMIConfig	24	static
stm32f4xx_tim.c:2144:6:TIM_SetIC3Prescaler	0	static
stm32f4xx_tim.c:2168:6:TIM_SetIC4Prescaler	0	static
stm32f4xx_tim.c:1900:6:TIM_ICInit	24	static
stm32f4xx_tim.c:2221:6:TIM_BDTRConfig	0	static
stm32f4xx_tim.c:2246:6:TIM_BDTRStructInit	0	static
stm32f4xx_tim.c:2265:6:TIM_CtrlPWMOutputs	0	static
stm32f4xx_tim.c:2290:6:TIM_SelectCOM	0	static
stm32f4xx_tim.c:2315:6:TIM_CCPreloadControl	0	static
stm32f4xx_tim.c:2410:6:TIM_GenerateEvent	0	static
stm32f4xx_tim.c:2443:12:TIM_GetFlagStatus	0	static
stm32f4xx_tim.c:2485:6:TIM_ClearFlag	0	static
stm32f4xx_tim.c:2513:10:TIM_GetITStatus	0	static
stm32f4xx_tim.c:2554:6:TIM_ClearITPendingBit	0	static
stm32f4xx_tim.c:2591:6:TIM_DMAConfig	0	static
stm32f4xx_tim.c:2618:6:TIM_DMACmd	0	static
stm32f4xx_tim.c:2372:6:TIM_ITConfig	0	static
stm32f4xx_tim.c:2644:6:TIM_SelectCCDMA	0	static
stm32f4xx_tim.c:2683:6:TIM_InternalClockConfig	0	static
stm32f4xx_tim.c:2704:6:TIM_ITRxExternalClockConfig	0	static
stm32f4xx_tim.c:2734:6:TIM_TIxExternalClockConfig	16	static
stm32f4xx_tim.c:2892:6:TIM_SelectInputTrigger	0	static
stm32f4xx_tim.c:2935:6:TIM_SelectOutputTrigger	0	static
stm32f4xx_tim.c:2959:6:TIM_SelectSlaveMode	0	static
stm32f4xx_tim.c:2982:6:TIM_SelectMasterSlaveMode	0	static
stm32f4xx_tim.c:3012:6:TIM_ETRConfig	8	static
stm32f4xx_tim.c:2774:6:TIM_ETRClockMode1Config	8	static
stm32f4xx_tim.c:2821:6:TIM_ETRClockMode2Config	8	static
stm32f4xx_tim.c:3070:6:TIM_EncoderInterfaceConfig	16	static
stm32f4xx_tim.c:3122:6:TIM_SelectHallSensor	0	static
stm32f4xx_tim.c:3173:6:TIM_RemapConfig	0	static
