stm32f4xx_fsmc.c:121:6:FSMC_NORSRAMDeInit	0	static
stm32f4xx_fsmc.c:148:6:FSMC_NORSRAMInit	12	static
stm32f4xx_fsmc.c:230:6:FSMC_NORSRAMStructInit	8	static
stm32f4xx_fsmc.c:273:6:FSMC_NORSRAMCmd	0	static
stm32f4xx_fsmc.c:346:6:FSMC_NANDDeInit	0	static
stm32f4xx_fsmc.c:377:6:FSMC_NANDInit	12	static
stm32f4xx_fsmc.c:442:6:FSMC_NANDStructInit	0	static
stm32f4xx_fsmc.c:471:6:FSMC_NANDCmd	0	static
stm32f4xx_fsmc.c:511:6:FSMC_NANDECCCmd	0	static
stm32f4xx_fsmc.c:550:10:FSMC_GetECC	0	static
stm32f4xx_fsmc.c:614:6:FSMC_PCCARDDeInit	0	static
stm32f4xx_fsmc.c:631:6:FSMC_PCCARDInit	8	static
stm32f4xx_fsmc.c:683:6:FSMC_PCCARDStructInit	0	static
stm32f4xx_fsmc.c:709:6:FSMC_PCCARDCmd	0	static
stm32f4xx_fsmc.c:756:6:FSMC_ITConfig	0	static
stm32f4xx_fsmc.c:816:12:FSMC_GetFlagStatus	0	static
stm32f4xx_fsmc.c:866:6:FSMC_ClearFlag	0	static
stm32f4xx_fsmc.c:901:10:FSMC_GetITStatus	0	static
stm32f4xx_fsmc.c:952:6:FSMC_ClearITPendingBit	0	static
