stm32f4xx_i2c.c:137:6:I2C_DeInit	8	static
stm32f4xx_i2c.c:180:6:I2C_Init	32	static
stm32f4xx_i2c.c:289:6:I2C_StructInit	0	static
stm32f4xx_i2c.c:313:6:I2C_Cmd	0	static
stm32f4xx_i2c.c:339:6:I2C_AnalogFilterCmd	0	static
stm32f4xx_i2c.c:365:6:I2C_DigitalFilterConfig	0	static
stm32f4xx_i2c.c:393:6:I2C_GenerateSTART	0	static
stm32f4xx_i2c.c:417:6:I2C_GenerateSTOP	0	static
stm32f4xx_i2c.c:445:6:I2C_Send7bitAddress	0	static
stm32f4xx_i2c.c:472:6:I2C_AcknowledgeConfig	0	static
stm32f4xx_i2c.c:495:6:I2C_OwnAddress2Config	0	static
stm32f4xx_i2c.c:522:6:I2C_DualAddressCmd	0	static
stm32f4xx_i2c.c:546:6:I2C_GeneralCallCmd	0	static
stm32f4xx_i2c.c:572:6:I2C_SoftwareResetCmd	0	static
stm32f4xx_i2c.c:596:6:I2C_StretchClockCmd	0	static
stm32f4xx_i2c.c:622:6:I2C_FastModeDutyCycleConfig	0	static
stm32f4xx_i2c.c:688:6:I2C_SMBusAlertConfig	0	static
stm32f4xx_i2c.c:712:6:I2C_ARPCmd	0	static
stm32f4xx_i2c.c:750:6:I2C_SendData	0	static
stm32f4xx_i2c.c:763:9:I2C_ReceiveData	0	static
stm32f4xx_i2c.c:794:6:I2C_TransmitPEC	0	static
stm32f4xx_i2c.c:825:6:I2C_PECPositionConfig	0	static
stm32f4xx_i2c.c:660:6:I2C_NACKPositionConfig	0	static
stm32f4xx_i2c.c:849:6:I2C_CalculatePEC	0	static
stm32f4xx_i2c.c:871:9:I2C_GetPEC	0	static
stm32f4xx_i2c.c:904:6:I2C_DMACmd	0	static
stm32f4xx_i2c.c:928:6:I2C_DMALastTransferCmd	0	static
stm32f4xx_i2c.c:1066:10:I2C_ReadRegister	8	static
stm32f4xx_i2c.c:1093:6:I2C_ITConfig	0	static
stm32f4xx_i2c.c:1152:13:I2C_CheckEvent	0	static
stm32f4xx_i2c.c:1200:10:I2C_GetLastEvent	0	static
stm32f4xx_i2c.c:1255:12:I2C_GetFlagStatus	8	static
stm32f4xx_i2c.c:1332:6:I2C_ClearFlag	0	static
stm32f4xx_i2c.c:1366:10:I2C_GetITStatus	0	static
stm32f4xx_i2c.c:1426:6:I2C_ClearITPendingBit	0	static
