stm32f4xx_hash.c:171:6:HASH_DeInit	8	static
stm32f4xx_hash.c:191:6:HASH_Init	12	static
stm32f4xx_hash.c:225:6:HASH_StructInit	0	static
stm32f4xx_hash.c:249:6:HASH_Reset	0	static
stm32f4xx_hash.c:291:6:HASH_SetLastWordValidBitsNbr	0	static
stm32f4xx_hash.c:306:6:HASH_DataIn	0	static
stm32f4xx_hash.c:317:9:HASH_GetInFIFOWordsNbr	0	static
stm32f4xx_hash.c:335:6:HASH_GetDigest	0	static
stm32f4xx_hash.c:353:6:HASH_StartDigest	0	static
stm32f4xx_hash.c:396:6:HASH_SaveContext	0	static
stm32f4xx_hash.c:418:6:HASH_RestoreContext	8	static
stm32f4xx_hash.c:465:6:HASH_AutoStartDigest	0	static
stm32f4xx_hash.c:489:6:HASH_DMACmd	0	static
stm32f4xx_hash.c:581:6:HASH_ITConfig	0	static
stm32f4xx_hash.c:610:12:HASH_GetFlagStatus	0	static
stm32f4xx_hash.c:651:6:HASH_ClearFlag	0	static
stm32f4xx_hash.c:667:10:HASH_GetITStatus	0	static
stm32f4xx_hash.c:701:6:HASH_ClearITPendingBit	0	static
