stm32f4xx_usart.c:187:6:USART_DeInit	8	static
stm32f4xx_usart.c:246:6:USART_Init	32	static
stm32f4xx_usart.c:359:6:USART_StructInit	0	static
stm32f4xx_usart.c:379:6:USART_ClockInit	8	static
stm32f4xx_usart.c:410:6:USART_ClockStructInit	0	static
stm32f4xx_usart.c:427:6:USART_Cmd	0	static
stm32f4xx_usart.c:453:6:USART_SetPrescaler	0	static
stm32f4xx_usart.c:474:6:USART_OverSampling8Cmd	0	static
stm32f4xx_usart.c:500:6:USART_OneBitMethodCmd	0	static
stm32f4xx_usart.c:557:6:USART_SendData	0	static
stm32f4xx_usart.c:573:10:USART_ReceiveData	0	static
stm32f4xx_usart.c:625:6:USART_SetAddress	0	static
stm32f4xx_usart.c:645:6:USART_ReceiverWakeUpCmd	0	static
stm32f4xx_usart.c:672:6:USART_WakeUpConfig	0	static
stm32f4xx_usart.c:741:6:USART_LINBreakDetectLengthConfig	0	static
stm32f4xx_usart.c:759:6:USART_LINCmd	0	static
stm32f4xx_usart.c:783:6:USART_SendBreak	0	static
stm32f4xx_usart.c:836:6:USART_HalfDuplexCmd	0	static
stm32f4xx_usart.c:920:6:USART_SetGuardTime	0	static
stm32f4xx_usart.c:939:6:USART_SmartCardCmd	0	static
stm32f4xx_usart.c:964:6:USART_SmartCardNACKCmd	0	static
stm32f4xx_usart.c:1035:6:USART_IrDAConfig	0	static
stm32f4xx_usart.c:1053:6:USART_IrDACmd	0	static
stm32f4xx_usart.c:1099:6:USART_DMACmd	0	static
stm32f4xx_usart.c:1231:6:USART_ITConfig	8	static
stm32f4xx_usart.c:1295:12:USART_GetFlagStatus	0	static
stm32f4xx_usart.c:1344:6:USART_ClearFlag	0	static
stm32f4xx_usart.c:1378:10:USART_GetITStatus	8	static
stm32f4xx_usart.c:1452:6:USART_ClearITPendingBit	0	static
