stm32f4xx_flash.c:183:6:FLASH_SetLatency	0	static
stm32f4xx_flash.c:198:6:FLASH_PrefetchBufferCmd	0	static
stm32f4xx_flash.c:220:6:FLASH_InstructionCacheCmd	0	static
stm32f4xx_flash.c:241:6:FLASH_DataCacheCmd	0	static
stm32f4xx_flash.c:262:6:FLASH_InstructionCacheReset	0	static
stm32f4xx_flash.c:273:6:FLASH_DataCacheReset	0	static
stm32f4xx_flash.c:317:6:FLASH_Unlock	0	static
stm32f4xx_flash.c:332:6:FLASH_Lock	0	static
stm32f4xx_flash.c:722:6:FLASH_OB_Unlock	0	static
stm32f4xx_flash.c:737:6:FLASH_OB_Lock	0	static
stm32f4xx_flash.c:898:6:FLASH_OB_BORConfig	0	static
stm32f4xx_flash.c:934:9:FLASH_OB_GetUser	0	static
stm32f4xx_flash.c:945:10:FLASH_OB_GetWRP	0	static
stm32f4xx_flash.c:957:10:FLASH_OB_GetWRP1	0	static
stm32f4xx_flash.c:970:12:FLASH_OB_GetRDP	0	static
stm32f4xx_flash.c:994:9:FLASH_OB_GetBOR	0	static
stm32f4xx_flash.c:1023:6:FLASH_ITConfig	0	static
stm32f4xx_flash.c:1054:12:FLASH_GetFlagStatus	0	static
stm32f4xx_flash.c:1084:6:FLASH_ClearFlag	0	static
stm32f4xx_flash.c:1099:14:FLASH_GetStatus	0	static
stm32f4xx_flash.c:1142:14:FLASH_WaitForLastOperation	16	static
stm32f4xx_flash.c:364:14:FLASH_EraseSector	16	static
stm32f4xx_flash.c:432:14:FLASH_EraseAllSectors	8	static
stm32f4xx_flash.c:504:14:FLASH_ProgramDoubleWord	24	static
stm32f4xx_flash.c:547:14:FLASH_ProgramWord	16	static
stm32f4xx_flash.c:589:14:FLASH_ProgramHalfWord	16	static
stm32f4xx_flash.c:631:14:FLASH_ProgramByte	16	static
stm32f4xx_flash.c:759:6:FLASH_OB_WRPConfig	16	static
stm32f4xx_flash.c:798:6:FLASH_OB_WRP1Config	16	static
stm32f4xx_flash.c:833:6:FLASH_OB_RDPConfig	8	static
stm32f4xx_flash.c:865:6:FLASH_OB_UserConfig	16	static
stm32f4xx_flash.c:915:14:FLASH_OB_Launch	0	static
