stm32f4xx_dcmi.c:126:6:DCMI_DeInit	0	static
stm32f4xx_dcmi.c:143:6:DCMI_Init	8	static
stm32f4xx_dcmi.c:185:6:DCMI_StructInit	0	static
stm32f4xx_dcmi.c:205:6:DCMI_CROPConfig	0	static
stm32f4xx_dcmi.c:223:6:DCMI_CROPCmd	0	static
stm32f4xx_dcmi.c:246:6:DCMI_SetEmbeddedSynchroCodes	0	static
stm32f4xx_dcmi.c:261:6:DCMI_JPEGCmd	0	static
stm32f4xx_dcmi.c:299:6:DCMI_Cmd	0	static
stm32f4xx_dcmi.c:322:6:DCMI_CaptureCmd	0	static
stm32f4xx_dcmi.c:344:10:DCMI_ReadData	0	static
stm32f4xx_dcmi.c:377:6:DCMI_ITConfig	0	static
stm32f4xx_dcmi.c:414:12:DCMI_GetFlagStatus	0	static
stm32f4xx_dcmi.c:461:6:DCMI_ClearFlag	0	static
stm32f4xx_dcmi.c:483:10:DCMI_GetITStatus	0	static
stm32f4xx_dcmi.c:515:6:DCMI_ClearITPendingBit	0	static
