stm32f4xx_cryp.c:219:6:CRYP_DeInit	8	static
stm32f4xx_cryp.c:235:6:CRYP_Init	8	static
stm32f4xx_cryp.c:274:6:CRYP_StructInit	0	static
stm32f4xx_cryp.c:296:6:CRYP_KeyInit	0	static
stm32f4xx_cryp.c:315:6:CRYP_KeyStructInit	0	static
stm32f4xx_cryp.c:333:6:CRYP_IVInit	0	static
stm32f4xx_cryp.c:347:6:CRYP_IVStructInit	0	static
stm32f4xx_cryp.c:366:6:CRYP_PhaseConfig	0	static
stm32f4xx_cryp.c:391:6:CRYP_FIFOFlush	0	static
stm32f4xx_cryp.c:403:6:CRYP_Cmd	0	static
stm32f4xx_cryp.c:446:6:CRYP_DataIn	0	static
stm32f4xx_cryp.c:456:10:CRYP_DataOut	0	static
stm32f4xx_cryp.c:497:13:CRYP_SaveContext	32	static
stm32f4xx_cryp.c:602:6:CRYP_RestoreContext	0	static
stm32f4xx_cryp.c:681:6:CRYP_DMACmd	0	static
stm32f4xx_cryp.c:799:6:CRYP_ITConfig	0	static
stm32f4xx_cryp.c:827:10:CRYP_GetITStatus	0	static
stm32f4xx_cryp.c:853:17:CRYP_GetCmdStatus	0	static
stm32f4xx_cryp.c:883:12:CRYP_GetFlagStatus	0	static
