main.c:317:6:mADC_init	72	static
main.c:386:6:ADCPause	0	static
main.c:391:6:ADCResume	0	static
main.c:397:6:mInterruptInit	40	static
main.c:456:6:EXTI0_IRQHandler	0	static
main.c:475:6:InitStart_1_SignalTimer	8	static
main.c:491:6:InitStart_2_SignalTimer	8	static
main.c:504:6:InitClear_Timer	8	static
main.c:520:6:EXTI1_IRQHandler	0	static
main.c:633:15:SaveSequence	16	static
main.c:651:6:LoadSequence	16	static
main.c:694:19:GetStepWidth	8	static
main.c:739:14:GetStepVoltage	20	static
main.c:820:15:GetNextStep	24	static
main.c:539:6:EXTI9_5_IRQHandler	16	static
main.c:872:6:TIM4_IRQHandler	48	static
main.c:1030:6:TIM5_IRQHandler	40	static
main.c:1182:6:mTimersInit	40	static
main.c:1263:6:TIM8_UP_TIM13_IRQHandler	8	static
main.c:1276:6:TIM8_TRG_COM_TIM14_IRQHandler	8	static
main.c:1290:6:TIM3_IRQHandler	16	static
main.c:1320:6:TIM7_IRQHandler	16	static
main.c:1444:6:PulsesInit	32	static
main.c:1482:6:DisplayLedsIOInit	16	static
main.c:1499:6:InternalDACInit	32	static
main.c:1536:15:keyb_proc	128	static
main.c:2350:6:UpdateModeSection	16	static
main.c:2495:6:UpdateStepSection	8	static
main.c:2515:6:Calibration	32	static
main.c:2842:6:delay_ms	32	static
main.c:1349:6:TIM6_DAC_IRQHandler	24	static
main.c:2614:5:main	96	static
main.c:2852:6:delay_us	32	static
main.c:175:6:ADC_IRQHandler	40	static
main.c:2862:6:delay_ns	32	static
