Archive member included to satisfy reference by file (symbol)

c:/program files (x86)/atollic/truestudio for stm32 9.3.0/armtools/bin/../lib/gcc/arm-atollic-eabi/6.3.1/../../../../arm-atollic-eabi/lib/armv7e-m/fpu\libc_nano.a(lib_a-init.o)
                              src\startup_stm32f40xx.o (__libc_init_array)
c:/program files (x86)/atollic/truestudio for stm32 9.3.0/armtools/bin/../lib/gcc/arm-atollic-eabi/6.3.1/../../../../arm-atollic-eabi/lib/armv7e-m/fpu\libc_nano.a(lib_a-memset.o)
                              Libraries\STM32F4xx_StdPeriph_Driver\src\stm32f4xx_cryp_aes.o (memset)
c:/program files (x86)/atollic/truestudio for stm32 9.3.0/armtools/bin/../lib/gcc/arm-atollic-eabi/6.3.1/../../../../arm-atollic-eabi/lib/armv7e-m/fpu\libc_nano.a(lib_a-strlen.o)
                              src\tiny_printf.o (strlen)
c:/program files (x86)/atollic/truestudio for stm32 9.3.0/armtools/bin/../lib/gcc/arm-atollic-eabi/6.3.1/armv7e-m/fpu\libgcc.a(_arm_addsubdf3.o)
                              src\main.o (__aeabi_dadd)
c:/program files (x86)/atollic/truestudio for stm32 9.3.0/armtools/bin/../lib/gcc/arm-atollic-eabi/6.3.1/armv7e-m/fpu\libgcc.a(_arm_muldivdf3.o)
                              src\main.o (__aeabi_dmul)
c:/program files (x86)/atollic/truestudio for stm32 9.3.0/armtools/bin/../lib/gcc/arm-atollic-eabi/6.3.1/armv7e-m/fpu\libgcc.a(_arm_fixunsdfsi.o)
                              src\main.o (__aeabi_d2uiz)
c:/program files (x86)/atollic/truestudio for stm32 9.3.0/armtools/bin/../lib/gcc/arm-atollic-eabi/6.3.1/armv7e-m/fpu\libgcc.a(_aeabi_ldivmod.o)
                              src\main.o (__aeabi_ldivmod)
c:/program files (x86)/atollic/truestudio for stm32 9.3.0/armtools/bin/../lib/gcc/arm-atollic-eabi/6.3.1/armv7e-m/fpu\libgcc.a(_udivmoddi4.o)
                              c:/program files (x86)/atollic/truestudio for stm32 9.3.0/armtools/bin/../lib/gcc/arm-atollic-eabi/6.3.1/armv7e-m/fpu\libgcc.a(_aeabi_ldivmod.o) (__udivmoddi4)
c:/program files (x86)/atollic/truestudio for stm32 9.3.0/armtools/bin/../lib/gcc/arm-atollic-eabi/6.3.1/armv7e-m/fpu\libgcc.a(_dvmd_tls.o)
                              c:/program files (x86)/atollic/truestudio for stm32 9.3.0/armtools/bin/../lib/gcc/arm-atollic-eabi/6.3.1/armv7e-m/fpu\libgcc.a(_aeabi_ldivmod.o) (__aeabi_ldiv0)
c:/program files (x86)/atollic/truestudio for stm32 9.3.0/armtools/bin/../lib/gcc/arm-atollic-eabi/6.3.1/../../../../arm-atollic-eabi/lib/armv7e-m/fpu\libnosys.a(write.o)
                              src\tiny_printf.o (_write)
c:/program files (x86)/atollic/truestudio for stm32 9.3.0/armtools/bin/../lib/gcc/arm-atollic-eabi/6.3.1/../../../../arm-atollic-eabi/lib/armv7e-m/fpu\libnosys.a(errno.o)
                              c:/program files (x86)/atollic/truestudio for stm32 9.3.0/armtools/bin/../lib/gcc/arm-atollic-eabi/6.3.1/../../../../arm-atollic-eabi/lib/armv7e-m/fpu\libnosys.a(write.o) (errno)

Allocating common symbols
Common symbol       size              file

acc                 0x8               src\main.o
gDipConfig          0x1               src\main.o
ADC_result          0x4               src\main.o
errno               0x4               c:/program files (x86)/atollic/truestudio for stm32 9.3.0/armtools/bin/../lib/gcc/arm-atollic-eabi/6.3.1/../../../../arm-atollic-eabi/lib/armv7e-m/fpu\libnosys.a(errno.o)
DisplayUpdateFlags  0x1               src\main.o
average_array       0x500             src\main.o
AddData             0x20              src\main.o
average_index       0x80              src\main.o
divider             0x4               src\main.o
offset              0x4               src\main.o
Steps               0x200             src\main.o
RCC_Clocks          0x10              src\main.o

Discarded input sections

 .text          0x00000000        0x0 c:/program files (x86)/atollic/truestudio for stm32 9.3.0/armtools/bin/../lib/gcc/arm-atollic-eabi/6.3.1/armv7e-m/fpu/crti.o
 .data          0x00000000        0x0 c:/program files (x86)/atollic/truestudio for stm32 9.3.0/armtools/bin/../lib/gcc/arm-atollic-eabi/6.3.1/armv7e-m/fpu/crti.o
 .bss           0x00000000        0x0 c:/program files (x86)/atollic/truestudio for stm32 9.3.0/armtools/bin/../lib/gcc/arm-atollic-eabi/6.3.1/armv7e-m/fpu/crti.o
 .data          0x00000000        0x4 c:/program files (x86)/atollic/truestudio for stm32 9.3.0/armtools/bin/../lib/gcc/arm-atollic-eabi/6.3.1/armv7e-m/fpu/crtbegin.o
 .text          0x00000000        0x0 Libraries\STM32F4xx_StdPeriph_Driver\src\misc.o
 .data          0x00000000        0x0 Libraries\STM32F4xx_StdPeriph_Driver\src\misc.o
 .bss           0x00000000        0x0 Libraries\STM32F4xx_StdPeriph_Driver\src\misc.o
 .text.NVIC_PriorityGroupConfig
                0x00000000       0x14 Libraries\STM32F4xx_StdPeriph_Driver\src\misc.o
 .text.NVIC_SetVectorTable
                0x00000000       0x14 Libraries\STM32F4xx_StdPeriph_Driver\src\misc.o
 .text.NVIC_SystemLPConfig
[...]
Memory Configuration

Name             Origin             Length             Attributes
FLASH            0x08000000         0x00100000         xr
RAM              0x20000000         0x00020000         xrw
MEMORY_B1        0x60000000         0x00000000         xr
CCMRAM           0x10000000         0x00010000         rw
*default*        0x00000000         0xffffffff

Linker script and memory map

LOAD c:/program files (x86)/atollic/truestudio for stm32 9.3.0/armtools/bin/../lib/gcc/arm-atollic-eabi/6.3.1/armv7e-m/fpu/crti.o
LOAD c:/program files (x86)/atollic/truestudio for stm32 9.3.0/armtools/bin/../lib/gcc/arm-atollic-eabi/6.3.1/armv7e-m/fpu/crtbegin.o
LOAD Libraries\STM32F4xx_StdPeriph_Driver\src\misc.o
LOAD Libraries\STM32F4xx_StdPeriph_Driver\src\stm32f4xx_adc.o
LOAD Libraries\STM32F4xx_StdPeriph_Driver\src\stm32f4xx_can.o
LOAD Libraries\STM32F4xx_StdPeriph_Driver\src\stm32f4xx_crc.o
LOAD Libraries\STM32F4xx_StdPeriph_Driver\src\stm32f4xx_cryp.o
LOAD Libraries\STM32F4xx_StdPeriph_Driver\src\stm32f4xx_cryp_aes.o
LOAD Libraries\STM32F4xx_StdPeriph_Driver\src\stm32f4xx_cryp_des.o
LOAD Libraries\STM32F4xx_StdPeriph_Driver\src\stm32f4xx_cryp_tdes.o
LOAD Libraries\STM32F4xx_StdPeriph_Driver\src\stm32f4xx_dac.o
LOAD Libraries\STM32F4xx_StdPeriph_Driver\src\stm32f4xx_dbgmcu.o
LOAD Libraries\STM32F4xx_StdPeriph_Driver\src\stm32f4xx_dcmi.o
LOAD Libraries\STM32F4xx_StdPeriph_Driver\src\stm32f4xx_dma.o
LOAD Libraries\STM32F4xx_StdPeriph_Driver\src\stm32f4xx_exti.o
LOAD Libraries\STM32F4xx_StdPeriph_Driver\src\stm32f4xx_flash.o
LOAD Libraries\STM32F4xx_StdPeriph_Driver\src\stm32f4xx_fsmc.o
LOAD Libraries\STM32F4xx_StdPeriph_Driver\src\stm32f4xx_gpio.o
LOAD Libraries\STM32F4xx_StdPeriph_Driver\src\stm32f4xx_hash.o
LOAD Libraries\STM32F4xx_StdPeriph_Driver\src\stm32f4xx_hash_md5.o
LOAD Libraries\STM32F4xx_StdPeriph_Driver\src\stm32f4xx_hash_sha1.o
LOAD Libraries\STM32F4xx_StdPeriph_Driver\src\stm32f4xx_i2c.o
LOAD Libraries\STM32F4xx_StdPeriph_Driver\src\stm32f4xx_iwdg.o
LOAD Libraries\STM32F4xx_StdPeriph_Driver\src\stm32f4xx_pwr.o
LOAD Libraries\STM32F4xx_StdPeriph_Driver\src\stm32f4xx_rcc.o
LOAD Libraries\STM32F4xx_StdPeriph_Driver\src\stm32f4xx_rng.o
LOAD Libraries\STM32F4xx_StdPeriph_Driver\src\stm32f4xx_rtc.o
LOAD Libraries\STM32F4xx_StdPeriph_Driver\src\stm32f4xx_sdio.o
LOAD Libraries\STM32F4xx_StdPeriph_Driver\src\stm32f4xx_spi.o
LOAD Libraries\STM32F4xx_StdPeriph_Driver\src\stm32f4xx_syscfg.o
LOAD Libraries\STM32F4xx_StdPeriph_Driver\src\stm32f4xx_tim.o
LOAD Libraries\STM32F4xx_StdPeriph_Driver\src\stm32f4xx_usart.o
LOAD Libraries\STM32F4xx_StdPeriph_Driver\src\stm32f4xx_wwdg.o
LOAD src\CAT25512.o
LOAD src\HC165.o
LOAD src\MAX5135.o
LOAD src\adc_pots_selector.o
LOAD src\dip_config.o
LOAD src\expander.o
LOAD src\leds_modes.o
LOAD src\leds_step.o
LOAD src\main.o
LOAD src\startup_stm32f40xx.o
LOAD src\stm32f4xx_it.o
LOAD src\system_stm32f4xx.o
LOAD src\tiny_printf.o
                0x00000080                malloc_getpagesize_P = 0x80
START GROUP
LOAD c:/program files (x86)/atollic/truestudio for stm32 9.3.0/armtools/bin/../lib/gcc/arm-atollic-eabi/6.3.1/../../../../arm-atollic-eabi/lib/armv7e-m/fpu\libc_nano.a
LOAD c:/program files (x86)/atollic/truestudio for stm32 9.3.0/armtools/bin/../lib/gcc/arm-atollic-eabi/6.3.1/../../../../arm-atollic-eabi/lib/armv7e-m/fpu\libm.a
END GROUP
START GROUP
LOAD c:/program files (x86)/atollic/truestudio for stm32 9.3.0/armtools/bin/../lib/gcc/arm-atollic-eabi/6.3.1/armv7e-m/fpu\libgcc.a
LOAD c:/program files (x86)/atollic/truestudio for stm32 9.3.0/armtools/bin/../lib/gcc/arm-atollic-eabi/6.3.1/../../../../arm-atollic-eabi/lib/armv7e-m/fpu\libc_nano.a
END GROUP
START GROUP
LOAD c:/program files (x86)/atollic/truestudio for stm32 9.3.0/armtools/bin/../lib/gcc/arm-atollic-eabi/6.3.1/armv7e-m/fpu\libgcc.a
LOAD c:/program files (x86)/atollic/truestudio for stm32 9.3.0/armtools/bin/../lib/gcc/arm-atollic-eabi/6.3.1/../../../../arm-atollic-eabi/lib/armv7e-m/fpu\libc_nano.a
LOAD c:/program files (x86)/atollic/truestudio for stm32 9.3.0/armtools/bin/../lib/gcc/arm-atollic-eabi/6.3.1/../../../../arm-atollic-eabi/lib/armv7e-m/fpu\libnosys.a
END GROUP
START GROUP
LOAD c:/program files (x86)/atollic/truestudio for stm32 9.3.0/armtools/bin/../lib/gcc/arm-atollic-eabi/6.3.1/armv7e-m/fpu\libgcc.a
LOAD c:/program files (x86)/atollic/truestudio for stm32 9.3.0/armtools/bin/../lib/gcc/arm-atollic-eabi/6.3.1/../../../../arm-atollic-eabi/lib/armv7e-m/fpu\libc_nano.a
LOAD c:/program files (x86)/atollic/truestudio for stm32 9.3.0/armtools/bin/../lib/gcc/arm-atollic-eabi/6.3.1/../../../../arm-atollic-eabi/lib/armv7e-m/fpu\libnosys.a
END GROUP
LOAD c:/program files (x86)/atollic/truestudio for stm32 9.3.0/armtools/bin/../lib/gcc/arm-atollic-eabi/6.3.1/armv7e-m/fpu/crtend.o
LOAD c:/program files (x86)/atollic/truestudio for stm32 9.3.0/armtools/bin/../lib/gcc/arm-atollic-eabi/6.3.1/armv7e-m/fpu/crtn.o
                0x20020000                _estack = 0x20020000
                0x00000000                _Min_Heap_Size = 0x0
                0x00000400                _Min_Stack_Size = 0x400

.isr_vector     0x08000000      0x188
                0x08000000                . = ALIGN (0x4)
 *(.isr_vector)
 .isr_vector    0x08000000      0x188 src\startup_stm32f40xx.o
                0x08000000                g_pfnVectors
                0x08000188                . = ALIGN (0x4)

.text           0x08000188     0x5188
                0x08000188                . = ALIGN (0x4)
 *(.text)
 .text          0x08000188       0x40 c:/program files (x86)/atollic/truestudio for stm32 9.3.0/armtools/bin/../lib/gcc/arm-atollic-eabi/6.3.1/armv7e-m/fpu/crtbegin.o
 .text          0x080001c8      0x370 c:/program files (x86)/atollic/truestudio for stm32 9.3.0/armtools/bin/../lib/gcc/arm-atollic-eabi/6.3.1/armv7e-m/fpu\libgcc.a(_arm_addsubdf3.o)
                0x080001c8                __aeabi_drsub
                0x080001d0                __aeabi_dsub
                0x080001d0                __subdf3
                0x080001d4                __aeabi_dadd
                0x080001d4                __adddf3
                0x0800044c                __floatunsidf
                0x0800044c                __aeabi_ui2d
                0x0800046c                __floatsidf
                0x0800046c                __aeabi_i2d
                0x08000490                __aeabi_f2d
                0x08000490                __extendsfdf2
                0x080004cc                __floatundidf
                0x080004cc                __aeabi_ul2d
                0x080004dc                __floatdidf
                0x080004dc                __aeabi_l2d
 .text          0x08000538      0x424 c:/program files (x86)/atollic/truestudio for stm32 9.3.0/armtools/bin/../lib/gcc/arm-atollic-eabi/6.3.1/armv7e-m/fpu\libgcc.a(_arm_muldivdf3.o)
                0x08000538                __aeabi_dmul
                0x08000538                __muldf3
                0x0800078c                __divdf3
                0x0800078c                __aeabi_ddiv
 .text          0x0800095c       0x40 c:/program files (x86)/atollic/truestudio for stm32 9.3.0/armtools/bin/../lib/gcc/arm-atollic-eabi/6.3.1/armv7e-m/fpu\libgcc.a(_arm_fixunsdfsi.o)
                0x0800095c                __aeabi_d2uiz
                0x0800095c                __fixunsdfsi
 .text          0x0800099c       0xa0 c:/program files (x86)/atollic/truestudio for stm32 9.3.0/armtools/bin/../lib/gcc/arm-atollic-eabi/6.3.1/armv7e-m/fpu\libgcc.a(_aeabi_ldivmod.o)
                0x0800099c                __aeabi_ldivmod
 .text          0x08000a3c      0x2dc c:/program files (x86)/atollic/truestudio for stm32 9.3.0/armtools/bin/../lib/gcc/arm-atollic-eabi/6.3.1/armv7e-m/fpu\libgcc.a(_udivmoddi4.o)
                0x08000a3c                __udivmoddi4
 .text          0x08000d18        0x4 c:/program files (x86)/atollic/truestudio for stm32 9.3.0/armtools/bin/../lib/gcc/arm-atollic-eabi/6.3.1/armv7e-m/fpu\libgcc.a(_dvmd_tls.o)
                0x08000d18                __aeabi_idiv0
                0x08000d18                __aeabi_ldiv0
 *(.text*)
 .text.NVIC_Init
                0x08000d1c       0x68 Libraries\STM32F4xx_StdPeriph_Driver\src\misc.o
                0x08000d1c                NVIC_Init
 .text.ADC_Init
                0x08000d84       0x4c Libraries\STM32F4xx_StdPeriph_Driver\src\stm32f4xx_adc.o
                0x08000d84                ADC_Init
 .text.ADC_StructInit
                0x08000dd0       0x14 Libraries\STM32F4xx_StdPeriph_Driver\src\stm32f4xx_adc.o
                0x08000dd0                ADC_StructInit
 .text.ADC_Cmd  0x08000de4       0x12 Libraries\STM32F4xx_StdPeriph_Driver\src\stm32f4xx_adc.o
                0x08000de4                ADC_Cmd
 .text.ADC_RegularChannelConfig
                0x08000df6       0x8c Libraries\STM32F4xx_StdPeriph_Driver\src\stm32f4xx_adc.o
                0x08000df6                ADC_RegularChannelConfig
 .text.ADC_ITConfig
                0x08000e82       0x18 Libraries\STM32F4xx_StdPeriph_Driver\src\stm32f4xx_adc.o
                0x08000e82                ADC_ITConfig
 .text.ADC_GetFlagStatus
                0x08000e9a        0xc Libraries\STM32F4xx_StdPeriph_Driver\src\stm32f4xx_adc.o
                0x08000e9a                ADC_GetFlagStatus
 .text.ADC_ClearFlag
                0x08000ea6        0x6 Libraries\STM32F4xx_StdPeriph_Driver\src\stm32f4xx_adc.o
                0x08000ea6                ADC_ClearFlag
 .text.DAC_DeInit
                0x08000eac       0x1a Libraries\STM32F4xx_StdPeriph_Driver\src\stm32f4xx_dac.o
                0x08000eac                DAC_DeInit
 *fill*         0x08000ec6        0x2 
 .text.DAC_Init
                0x08000ec8       0x2c Libraries\STM32F4xx_StdPeriph_Driver\src\stm32f4xx_dac.o
                0x08000ec8                DAC_Init
 .text.DAC_StructInit
                0x08000ef4        0xc Libraries\STM32F4xx_StdPeriph_Driver\src\stm32f4xx_dac.o
                0x08000ef4                DAC_StructInit
 .text.DAC_Cmd  0x08000f00       0x20 Libraries\STM32F4xx_StdPeriph_Driver\src\stm32f4xx_dac.o
                0x08000f00                DAC_Cmd
 .text.DAC_SetChannel1Data
                0x08000f20       0x20 Libraries\STM32F4xx_StdPeriph_Driver\src\stm32f4xx_dac.o
                0x08000f20                DAC_SetChannel1Data
 .text.DAC_SetChannel2Data
                0x08000f40       0x20 Libraries\STM32F4xx_StdPeriph_Driver\src\stm32f4xx_dac.o
                0x08000f40                DAC_SetChannel2Data
 .text.EXTI_DeInit
                0x08000f60       0x1c Libraries\STM32F4xx_StdPeriph_Driver\src\stm32f4xx_exti.o
                0x08000f60                EXTI_DeInit
 .text.EXTI_Init
                0x08000f7c       0x74 Libraries\STM32F4xx_StdPeriph_Driver\src\stm32f4xx_exti.o
                0x08000f7c                EXTI_Init
 .text.EXTI_ClearITPendingBit
                0x08000ff0        0xc Libraries\STM32F4xx_StdPeriph_Driver\src\stm32f4xx_exti.o
                0x08000ff0                EXTI_ClearITPendingBit
 .text.GPIO_Init
                0x08000ffc       0x9c Libraries\STM32F4xx_StdPeriph_Driver\src\stm32f4xx_gpio.o
                0x08000ffc                GPIO_Init
 .text.GPIO_StructInit
                0x08001098       0x12 Libraries\STM32F4xx_StdPeriph_Driver\src\stm32f4xx_gpio.o
                0x08001098                GPIO_StructInit
 .text.GPIO_ReadInputDataBit
                0x080010aa        0xc Libraries\STM32F4xx_StdPeriph_Driver\src\stm32f4xx_gpio.o
                0x080010aa                GPIO_ReadInputDataBit
 .text.GPIO_SetBits
                0x080010b6        0x4 Libraries\STM32F4xx_StdPeriph_Driver\src\stm32f4xx_gpio.o
                0x080010b6                GPIO_SetBits
 .text.GPIO_ResetBits
                0x080010ba        0x4 Libraries\STM32F4xx_StdPeriph_Driver\src\stm32f4xx_gpio.o
                0x080010ba                GPIO_ResetBits
 .text.GPIO_PinAFConfig
                0x080010be       0x24 Libraries\STM32F4xx_StdPeriph_Driver\src\stm32f4xx_gpio.o
                0x080010be                GPIO_PinAFConfig
 *fill*         0x080010e2        0x2 
 .text.RCC_GetClocksFreq
                0x080010e4       0x88 Libraries\STM32F4xx_StdPeriph_Driver\src\stm32f4xx_rcc.o
                0x080010e4                RCC_GetClocksFreq
 .text.RCC_AHB1PeriphClockCmd
                0x0800116c       0x18 Libraries\STM32F4xx_StdPeriph_Driver\src\stm32f4xx_rcc.o
                0x0800116c                RCC_AHB1PeriphClockCmd
 .text.RCC_APB1PeriphClockCmd
                0x08001184       0x18 Libraries\STM32F4xx_StdPeriph_Driver\src\stm32f4xx_rcc.o
                0x08001184                RCC_APB1PeriphClockCmd
 .text.RCC_APB2PeriphClockCmd
                0x0800119c       0x18 Libraries\STM32F4xx_StdPeriph_Driver\src\stm32f4xx_rcc.o
                0x0800119c                RCC_APB2PeriphClockCmd
 .text.RCC_APB1PeriphResetCmd
                0x080011b4       0x18 Libraries\STM32F4xx_StdPeriph_Driver\src\stm32f4xx_rcc.o
                0x080011b4                RCC_APB1PeriphResetCmd
 .text.RCC_APB2PeriphResetCmd
                0x080011cc       0x18 Libraries\STM32F4xx_StdPeriph_Driver\src\stm32f4xx_rcc.o
                0x080011cc                RCC_APB2PeriphResetCmd
 .text.SPI_I2S_DeInit
                0x080011e4       0xb8 Libraries\STM32F4xx_StdPeriph_Driver\src\stm32f4xx_spi.o
                0x080011e4                SPI_I2S_DeInit
 .text.SPI_Init
                0x0800129c       0x3e Libraries\STM32F4xx_StdPeriph_Driver\src\stm32f4xx_spi.o
                0x0800129c                SPI_Init
 .text.SPI_StructInit
                0x080012da       0x18 Libraries\STM32F4xx_StdPeriph_Driver\src\stm32f4xx_spi.o
                0x080012da                SPI_StructInit
 .text.SPI_Cmd  0x080012f2       0x18 Libraries\STM32F4xx_StdPeriph_Driver\src\stm32f4xx_spi.o
                0x080012f2                SPI_Cmd
 .text.SPI_NSSInternalSoftwareConfig
                0x0800130a       0x1e Libraries\STM32F4xx_StdPeriph_Driver\src\stm32f4xx_spi.o
                0x0800130a                SPI_NSSInternalSoftwareConfig
 .text.SPI_I2S_ReceiveData
                0x08001328        0x6 Libraries\STM32F4xx_StdPeriph_Driver\src\stm32f4xx_spi.o
                0x08001328                SPI_I2S_ReceiveData
 .text.SPI_I2S_SendData
                0x0800132e        0x4 Libraries\STM32F4xx_StdPeriph_Driver\src\stm32f4xx_spi.o
                0x0800132e                SPI_I2S_SendData
 .text.SPI_I2S_GetFlagStatus
                0x08001332        0xc Libraries\STM32F4xx_StdPeriph_Driver\src\stm32f4xx_spi.o
                0x08001332                SPI_I2S_GetFlagStatus
 .text.SYSCFG_EXTILineConfig
                0x0800133e       0x2a Libraries\STM32F4xx_StdPeriph_Driver\src\stm32f4xx_syscfg.o
                0x0800133e                SYSCFG_EXTILineConfig
 .text.TIM_TimeBaseInit
                0x08001368       0x7c Libraries\STM32F4xx_StdPeriph_Driver\src\stm32f4xx_tim.o
                0x08001368                TIM_TimeBaseInit
 .text.TIM_TimeBaseStructInit
                0x080013e4       0x12 Libraries\STM32F4xx_StdPeriph_Driver\src\stm32f4xx_tim.o
                0x080013e4                TIM_TimeBaseStructInit
 .text.TIM_SetCounter
                0x080013f6        0x4 Libraries\STM32F4xx_StdPeriph_Driver\src\stm32f4xx_tim.o
                0x080013f6                TIM_SetCounter
 .text.TIM_ARRPreloadConfig
                0x080013fa       0x18 Libraries\STM32F4xx_StdPeriph_Driver\src\stm32f4xx_tim.o
                0x080013fa                TIM_ARRPreloadConfig
 .text.TIM_Cmd  0x08001412       0x18 Libraries\STM32F4xx_StdPeriph_Driver\src\stm32f4xx_tim.o
                0x08001412                TIM_Cmd
 .text.TIM_SetCompare2
                0x0800142a        0x4 Libraries\STM32F4xx_StdPeriph_Driver\src\stm32f4xx_tim.o
                0x0800142a                TIM_SetCompare2
 .text.TIM_CCxCmd
                0x0800142e       0x1e Libraries\STM32F4xx_StdPeriph_Driver\src\stm32f4xx_tim.o
                0x0800142e                TIM_CCxCmd
 .text.TIM_GetITStatus
                0x0800144c       0x16 Libraries\STM32F4xx_StdPeriph_Driver\src\stm32f4xx_tim.o
                0x0800144c                TIM_GetITStatus
 .text.TIM_ClearITPendingBit
                0x08001462        0x8 Libraries\STM32F4xx_StdPeriph_Driver\src\stm32f4xx_tim.o
                0x08001462                TIM_ClearITPendingBit
 .text.TIM_DMACmd
                0x0800146a       0x12 Libraries\STM32F4xx_StdPeriph_Driver\src\stm32f4xx_tim.o
                0x0800146a                TIM_DMACmd
 .text.TIM_ITConfig
                0x0800147c        0x4 Libraries\STM32F4xx_StdPeriph_Driver\src\stm32f4xx_tim.o
                0x0800147c                TIM_ITConfig
 .text.TIM_SelectOutputTrigger
                0x08001480       0x16 Libraries\STM32F4xx_StdPeriph_Driver\src\stm32f4xx_tim.o
                0x08001480                TIM_SelectOutputTrigger
 *fill*         0x08001496        0x2 
 .text.CAT25512_SendByte
                0x08001498       0x38 src\CAT25512.o
                0x08001498                CAT25512_SendByte
 .text.CAT25512_RecieveData
                0x080014d0       0x34 src\CAT25512.o
                0x080014d0                CAT25512_RecieveData
 .text.CAT25512_init
                0x08001504      0x104 src\CAT25512.o
                0x08001504                CAT25512_init
 .text.CAT25512_ReadStatusRegister
                0x08001608       0x34 src\CAT25512.o
                0x08001608                CAT25512_ReadStatusRegister
 .text.CAT25512_WREN
                0x0800163c       0x28 src\CAT25512.o
                0x0800163c                CAT25512_WREN
 .text.CAT25512_write_block
                0x08001664       0xb4 src\CAT25512.o
                0x08001664                CAT25512_write_block
 .text.CAT25512_read_block
                0x08001718       0x4c src\CAT25512.o
                0x08001718                CAT25512_read_block
 .text.init_HC165
                0x08001764       0x54 src\HC165.o
                0x08001764                init_HC165
 .text.HC165_LatchUp
                0x080017b8       0x34 src\HC165.o
                0x080017b8                HC165_LatchUp
 .text.HC165_GetByte
                0x080017ec       0x68 src\HC165.o
                0x080017ec                HC165_GetByte
 .text.HC165_GetDWord
                0x08001854       0x26 src\HC165.o
                0x08001854                HC165_GetDWord
 .text.HC165_GetDWord1
                0x0800187a       0x1c src\HC165.o
                0x0800187a                HC165_GetDWord1
 *fill*         0x08001896        0x2 
 .text.GetButton
                0x08001898       0x38 src\HC165.o
                0x08001898                GetButton
 .text.SendData
                0x080018d0       0x38 src\MAX5135.o
                0x080018d0                SendData
 .text.MAX5135_SendPack
                0x08001908       0x30 src\MAX5135.o
                0x08001908                MAX5135_SendPack
 .text.MAX5135init
                0x08001938       0xd0 src\MAX5135.o
                0x08001938                MAX5135init
 .text.MAX5135_DAC_send
                0x08001a08       0x4a src\MAX5135.o
                0x08001a08                MAX5135_DAC_send
 *fill*         0x08001a52        0x2 
 .text.ADC_POTS_selector_init
                0x08001a54       0x38 src\adc_pots_selector.o
                0x08001a54                ADC_POTS_selector_init
 .text.ADC_POTS_selector_SendByte
                0x08001a8c       0x38 src\adc_pots_selector.o
                0x08001a8c                ADC_POTS_selector_SendByte
 .text.ADC_POTS_selector_SendDWord
                0x08001ac4       0x38 src\adc_pots_selector.o
                0x08001ac4                ADC_POTS_selector_SendDWord
 .text.ADC_POTS_selector_Ch
                0x08001afc       0x14 src\adc_pots_selector.o
                0x08001afc                ADC_POTS_selector_Ch
 .text.DipConfig_init
                0x08001b10       0x1c src\dip_config.o
                0x08001b10                DipConfig_init
 .text.GetDipConfig
                0x08001b2c       0x54 src\dip_config.o
                0x08001b2c                GetDipConfig
 .text.Init_Expander_GPIO
                0x08001b80       0x34 src\expander.o
                0x08001b80                Init_Expander_GPIO
 .text.Is_Expander_Present
                0x08001bb4        0xc src\expander.o
                0x08001bb4                Is_Expander_Present
 .text.LEDS_modes_init
                0x08001bc0       0x34 src\leds_modes.o
                0x08001bc0                LEDS_modes_init
 .text.LEDS_modes_SendByte
                0x08001bf4       0x48 src\leds_modes.o
                0x08001bf4                LEDS_modes_SendByte
 .text.LEDS_modes_SendStruct
                0x08001c3c       0x38 src\leds_modes.o
                0x08001c3c                LEDS_modes_SendStruct
 .text.LED_STEP_init
                0x08001c74       0x38 src\leds_step.o
                0x08001c74                LED_STEP_init
 .text.LED_STEP_SendByte
                0x08001cac       0x4c src\leds_step.o
                0x08001cac                LED_STEP_SendByte
 .text.LED_STEP_SendWord
                0x08001cf8       0x30 src\leds_step.o
                0x08001cf8                LED_STEP_SendWord
 .text.LED_STEP_LightStep
                0x08001d28       0x64 src\leds_step.o
                0x08001d28                LED_STEP_LightStep
 .text.mADC_init
                0x08001d8c      0x15c src\main.o
                0x08001d8c                mADC_init
 .text.mInterruptInit
                0x08001ee8       0xf0 src\main.o
                0x08001ee8                mInterruptInit
 .text.EXTI0_IRQHandler
                0x08001fd8       0x50 src\main.o
                0x08001fd8                EXTI0_IRQHandler
 .text.InitStart_1_SignalTimer
                0x08002028       0x3c src\main.o
                0x08002028                InitStart_1_SignalTimer
 .text.InitStart_2_SignalTimer
                0x08002064       0x3c src\main.o
                0x08002064                InitStart_2_SignalTimer
 .text.InitClear_Timer
                0x080020a0       0x40 src\main.o
                0x080020a0                InitClear_Timer
 .text.EXTI1_IRQHandler
                0x080020e0       0x50 src\main.o
                0x080020e0                EXTI1_IRQHandler
 .text.SaveSequence
                0x08002130       0x78 src\main.o
                0x08002130                SaveSequence
 .text.LoadSequence
                0x080021a8      0x100 src\main.o
                0x080021a8                LoadSequence
 .text.GetStepWidth
                0x080022a8       0x54 src\main.o
                0x080022a8                GetStepWidth
 .text.GetStepVoltage
                0x080022fc      0x220 src\main.o
                0x080022fc                GetStepVoltage
 .text.GetNextStep
                0x0800251c       0x84 src\main.o
                0x0800251c                GetNextStep
 .text.EXTI9_5_IRQHandler
                0x080025a0      0x1c0 src\main.o
                0x080025a0                EXTI9_5_IRQHandler
 .text.TIM4_IRQHandler
                0x08002760      0x3ac src\main.o
                0x08002760                TIM4_IRQHandler
 *fill*         0x08002b0c        0x4 
 .text.TIM5_IRQHandler
                0x08002b10      0x3c8 src\main.o
                0x08002b10                TIM5_IRQHandler
 .text.mTimersInit
                0x08002ed8      0x184 src\main.o
                0x08002ed8                mTimersInit
 .text.TIM8_UP_TIM13_IRQHandler
                0x0800305c       0x44 src\main.o
                0x0800305c                TIM8_UP_TIM13_IRQHandler
 .text.TIM8_TRG_COM_TIM14_IRQHandler
                0x080030a0       0x48 src\main.o
                0x080030a0                TIM8_TRG_COM_TIM14_IRQHandler
 .text.TIM3_IRQHandler
                0x080030e8       0xa8 src\main.o
                0x080030e8                TIM3_IRQHandler
 .text.TIM7_IRQHandler
                0x08003190       0xa0 src\main.o
                0x08003190                TIM7_IRQHandler
 .text.PulsesInit
                0x08003230       0x90 src\main.o
                0x08003230                PulsesInit
 .text.DisplayLedsIOInit
                0x080032c0       0x34 src\main.o
                0x080032c0                DisplayLedsIOInit
 .text.InternalDACInit
                0x080032f4       0x74 src\main.o
                0x080032f4                InternalDACInit
 .text.keyb_proc
                0x08003368      0xf24 src\main.o
                0x08003368                keyb_proc
 .text.UpdateModeSection
                0x0800428c      0x3d0 src\main.o
                0x0800428c                UpdateModeSection
 .text.UpdateStepSection
                0x0800465c       0x60 src\main.o
                0x0800465c                UpdateStepSection
 .text.Calibration
                0x080046bc      0x138 src\main.o
                0x080046bc                Calibration
 .text.delay_ms
                0x080047f4       0x2a src\main.o
                0x080047f4                delay_ms
 *fill*         0x0800481e        0x2 
 .text.TIM6_DAC_IRQHandler
                0x08004820      0x1d4 src\main.o
                0x08004820                TIM6_DAC_IRQHandler
 *fill*         0x080049f4        0x4 
 .text.startup.main
                0x080049f8      0x3b0 src\main.o
                0x080049f8                main
 .text.delay_us
                0x08004da8       0x2c src\main.o
                0x08004da8                delay_us
 .text.ADC_IRQHandler
                0x08004dd4      0x364 src\main.o
                0x08004dd4                ADC_IRQHandler
 .text.delay_ns
                0x08005138       0x1c src\main.o
                0x08005138                delay_ns
 .text.Reset_Handler
                0x08005154       0x50 src\startup_stm32f40xx.o
                0x08005154                Reset_Handler
 .text.Default_Handler
                0x080051a4        0x2 src\startup_stm32f40xx.o
                0x080051a4                RTC_Alarm_IRQHandler
                0x080051a4                HASH_RNG_IRQHandler
                0x080051a4                EXTI2_IRQHandler
                0x080051a4                TIM8_CC_IRQHandler
                0x080051a4                TIM1_CC_IRQHandler
                0x080051a4                DMA2_Stream5_IRQHandler
                0x080051a4                DMA1_Stream5_IRQHandler
                0x080051a4                PVD_IRQHandler
                0x080051a4                SDIO_IRQHandler
                0x080051a4                TAMP_STAMP_IRQHandler
                0x080051a4                CAN2_RX1_IRQHandler
                0x080051a4                EXTI3_IRQHandler
                0x080051a4                TIM1_UP_TIM10_IRQHandler
                0x080051a4                I2C3_ER_IRQHandler
                0x080051a4                I2C2_EV_IRQHandler
                0x080051a4                DMA1_Stream2_IRQHandler
                0x080051a4                CAN1_RX0_IRQHandler
                0x080051a4                FPU_IRQHandler
                0x080051a4                OTG_HS_WKUP_IRQHandler
                0x080051a4                CAN2_SCE_IRQHandler
                0x080051a4                DMA2_Stream2_IRQHandler
                0x080051a4                SPI1_IRQHandler
                0x080051a4                TIM1_BRK_TIM9_IRQHandler
                0x080051a4                DCMI_IRQHandler
                0x080051a4                CAN2_RX0_IRQHandler
                0x080051a4                DMA2_Stream3_IRQHandler
                0x080051a4                USART6_IRQHandler
                0x080051a4                USART3_IRQHandler
                0x080051a4                CRYP_IRQHandler
                0x080051a4                CAN1_RX1_IRQHandler
                0x080051a4                UART5_IRQHandler
                0x080051a4                DMA2_Stream0_IRQHandler
                0x080051a4                I2C1_EV_IRQHandler
                0x080051a4                DMA1_Stream6_IRQHandler
                0x080051a4                DMA1_Stream1_IRQHandler
                0x080051a4                UART4_IRQHandler
                0x080051a4                RCC_IRQHandler
                0x080051a4                TIM8_BRK_TIM12_IRQHandler
                0x080051a4                Default_Handler
                0x080051a4                EXTI15_10_IRQHandler
                0x080051a4                DMA1_Stream7_IRQHandler
                0x080051a4                CAN2_TX_IRQHandler
                0x080051a4                DMA2_Stream7_IRQHandler
                0x080051a4                I2C3_EV_IRQHandler
                0x080051a4                RTC_WKUP_IRQHandler
                0x080051a4                ETH_WKUP_IRQHandler
                0x080051a4                SPI2_IRQHandler
                0x080051a4                OTG_HS_EP1_IN_IRQHandler
                0x080051a4                DMA1_Stream0_IRQHandler
                0x080051a4                CAN1_TX_IRQHandler
                0x080051a4                EXTI4_IRQHandler
                0x080051a4                FSMC_IRQHandler
                0x080051a4                ETH_IRQHandler
                0x080051a4                OTG_HS_EP1_OUT_IRQHandler
                0x080051a4                WWDG_IRQHandler
                0x080051a4                TIM2_IRQHandler
                0x080051a4                OTG_FS_WKUP_IRQHandler
                0x080051a4                TIM1_TRG_COM_TIM11_IRQHandler
                0x080051a4                OTG_HS_IRQHandler
                0x080051a4                USART2_IRQHandler
                0x080051a4                I2C2_ER_IRQHandler
                0x080051a4                DMA2_Stream1_IRQHandler
                0x080051a4                CAN1_SCE_IRQHandler
                0x080051a4                FLASH_IRQHandler
                0x080051a4                DMA2_Stream4_IRQHandler
                0x080051a4                USART1_IRQHandler
                0x080051a4                OTG_FS_IRQHandler
                0x080051a4                SPI3_IRQHandler
                0x080051a4                DMA1_Stream4_IRQHandler
                0x080051a4                I2C1_ER_IRQHandler
                0x080051a4                DMA2_Stream6_IRQHandler
                0x080051a4                DMA1_Stream3_IRQHandler
 .text.NMI_Handler
                0x080051a6        0x2 src\stm32f4xx_it.o
                0x080051a6                NMI_Handler
 .text.HardFault_Handler
                0x080051a8        0x2 src\stm32f4xx_it.o
                0x080051a8                HardFault_Handler
 .text.MemManage_Handler
                0x080051aa        0x2 src\stm32f4xx_it.o
                0x080051aa                MemManage_Handler
 .text.BusFault_Handler
                0x080051ac        0x2 src\stm32f4xx_it.o
                0x080051ac                BusFault_Handler
 .text.UsageFault_Handler
                0x080051ae        0x2 src\stm32f4xx_it.o
                0x080051ae                UsageFault_Handler
 .text.SVC_Handler
                0x080051b0        0x2 src\stm32f4xx_it.o
                0x080051b0                SVC_Handler
 .text.DebugMon_Handler
                0x080051b2        0x2 src\stm32f4xx_it.o
                0x080051b2                DebugMon_Handler
 .text.PendSV_Handler
                0x080051b4        0x2 src\stm32f4xx_it.o
                0x080051b4                PendSV_Handler
 .text.SysTick_Handler
                0x080051b6        0x2 src\stm32f4xx_it.o
                0x080051b6                SysTick_Handler
 .text.SystemInit
                0x080051b8       0xf8 src\system_stm32f4xx.o
                0x080051b8                SystemInit
 .text.__libc_init_array
                0x080052b0       0x48 c:/program files (x86)/atollic/truestudio for stm32 9.3.0/armtools/bin/../lib/gcc/arm-atollic-eabi/6.3.1/../../../../arm-atollic-eabi/lib/armv7e-m/fpu\libc_nano.a(lib_a-init.o)
                0x080052b0                __libc_init_array
 *(.glue_7)
 .glue_7        0x080052f8        0x0 linker stubs
 *(.glue_7t)
 .glue_7t       0x080052f8        0x0 linker stubs
 *(.eh_frame)
 .eh_frame      0x080052f8        0x0 c:/program files (x86)/atollic/truestudio for stm32 9.3.0/armtools/bin/../lib/gcc/arm-atollic-eabi/6.3.1/armv7e-m/fpu/crtbegin.o
 *(.init)
 .init          0x080052f8        0x4 c:/program files (x86)/atollic/truestudio for stm32 9.3.0/armtools/bin/../lib/gcc/arm-atollic-eabi/6.3.1/armv7e-m/fpu/crti.o
                0x080052f8                _init
 .init          0x080052fc        0x8 c:/program files (x86)/atollic/truestudio for stm32 9.3.0/armtools/bin/../lib/gcc/arm-atollic-eabi/6.3.1/armv7e-m/fpu/crtn.o
 *(.fini)
 .fini          0x08005304        0x4 c:/program files (x86)/atollic/truestudio for stm32 9.3.0/armtools/bin/../lib/gcc/arm-atollic-eabi/6.3.1/armv7e-m/fpu/crti.o
                0x08005304                _fini
 .fini          0x08005308        0x8 c:/program files (x86)/atollic/truestudio for stm32 9.3.0/armtools/bin/../lib/gcc/arm-atollic-eabi/6.3.1/armv7e-m/fpu/crtn.o
                0x08005310                . = ALIGN (0x4)
                0x08005310                _etext = .

.vfp11_veneer   0x08005310        0x0
 .vfp11_veneer  0x08005310        0x0 linker stubs

.v4_bx          0x08005310        0x0
 .v4_bx         0x08005310        0x0 linker stubs

.iplt           0x08005310        0x0
 .iplt          0x08005310        0x0 c:/program files (x86)/atollic/truestudio for stm32 9.3.0/armtools/bin/../lib/gcc/arm-atollic-eabi/6.3.1/armv7e-m/fpu/crtbegin.o

.rodata         0x08005310        0x0
                0x08005310                . = ALIGN (0x4)
 *(.rodata)
 *(.rodata*)
                0x08005310                . = ALIGN (0x4)

.ARM.extab
 *(.ARM.extab* .gnu.linkonce.armextab.*)

.ARM            0x08005310        0x8
                0x08005310                __exidx_start = .
 *(.ARM.exidx*)
 .ARM.exidx     0x08005310        0x8 c:/program files (x86)/atollic/truestudio for stm32 9.3.0/armtools/bin/../lib/gcc/arm-atollic-eabi/6.3.1/armv7e-m/fpu\libgcc.a(_udivmoddi4.o)
                0x08005318                __exidx_end = .

.rel.dyn        0x08005318        0x0
 .rel.iplt      0x08005318        0x0 c:/program files (x86)/atollic/truestudio for stm32 9.3.0/armtools/bin/../lib/gcc/arm-atollic-eabi/6.3.1/armv7e-m/fpu/crtbegin.o

.preinit_array  0x08005318        0x0
                0x08005318                PROVIDE (__preinit_array_start, .)
 *(.preinit_array*)
                0x08005318                PROVIDE (__preinit_array_end, .)

.init_array     0x08005318        0x4
                0x08005318                PROVIDE (__init_array_start, .)
 *(SORT(.init_array.*))
 *(.init_array*)
 .init_array    0x08005318        0x4 c:/program files (x86)/atollic/truestudio for stm32 9.3.0/armtools/bin/../lib/gcc/arm-atollic-eabi/6.3.1/armv7e-m/fpu/crtbegin.o
                0x0800531c                PROVIDE (__init_array_end, .)

.fini_array     0x0800531c        0x4
                [!provide]                PROVIDE (__fini_array_start, .)
 *(SORT(.fini_array.*))
 *(.fini_array*)
 .fini_array    0x0800531c        0x4 c:/program files (x86)/atollic/truestudio for stm32 9.3.0/armtools/bin/../lib/gcc/arm-atollic-eabi/6.3.1/armv7e-m/fpu/crtbegin.o
                [!provide]                PROVIDE (__fini_array_end, .)
                0x08005320                _sidata = LOADADDR (.data)

.data           0x20000000      0x278 load address 0x08005320
                0x20000000                . = ALIGN (0x4)
                0x20000000                _sdata = .
 *(.data)
 *(.data*)
 .data.APBAHBPrescTable
                0x20000000       0x10 Libraries\STM32F4xx_StdPeriph_Driver\src\stm32f4xx_rcc.o
 .data.ChSelData
                0x20000010      0x240 src\adc_pots_selector.o
                0x20000010                ChSelData
 .data.CalConstants
                0x20000250       0x20 src\main.o
                0x20000250                CalConstants
 .data.bank     0x20000270        0x1 src\main.o
                0x20000270                bank
 .data.pots_step
                0x20000271        0x2 src\main.o
                0x20000271                pots_step
 .data.previous_step
                0x20000273        0x2 src\main.o
                0x20000273                previous_step
                0x20000278                . = ALIGN (0x4)
 *fill*         0x20000275        0x3 
                0x20000278                _edata = .
                0x08005598                _siccmram = LOADADDR (.ccmram)

.igot.plt       0x20000278        0x0 load address 0x08005598
 .igot.plt      0x20000278        0x0 c:/program files (x86)/atollic/truestudio for stm32 9.3.0/armtools/bin/../lib/gcc/arm-atollic-eabi/6.3.1/armv7e-m/fpu/crtbegin.o

.ccmram         0x10000000        0x0 load address 0x08005598
                0x10000000                . = ALIGN (0x4)
                0x10000000                _sccmram = .
 *(.ccmram)
 *(.ccmram*)
                0x10000000                . = ALIGN (0x4)
                0x10000000                _eccmram = .
                0x10000000                . = ALIGN (0x4)

.bss            0x20000278      0x82c
                0x20000278                _sbss = .
                0x20000278                __bss_start__ = _sbss
 *(.bss)
 .bss           0x20000278       0x1c c:/program files (x86)/atollic/truestudio for stm32 9.3.0/armtools/bin/../lib/gcc/arm-atollic-eabi/6.3.1/armv7e-m/fpu/crtbegin.o
 *(.bss*)
 .bss.ADC_POT_sel_cnt
                0x20000294        0x1 src\main.o
                0x20000294                ADC_POT_sel_cnt
 *fill*         0x20000295        0x3 
 .bss.PreviousStep
                0x20000298        0x4 src\main.o
                0x20000298                PreviousStep
 .bss.PreviousStep_2
                0x2000029c        0x4 src\main.o
                0x2000029c                PreviousStep_2
 .bss.advanced_counter_1
                0x200002a0        0x1 src\main.o
                0x200002a0                advanced_counter_1
 .bss.advanced_counter_2
                0x200002a1        0x1 src\main.o
                0x200002a1                advanced_counter_2
 .bss.clear_counter1.9851
                0x200002a2        0x1 src\main.o
 .bss.clear_counter2.9852
                0x200002a3        0x1 src\main.o
 .bss.counterL  0x200002a4        0x2 src\main.o
                0x200002a4                counterL
 .bss.counterR  0x200002a6        0x2 src\main.o
                0x200002a6                counterR
 .bss.gDisplayMode
                0x200002a8        0x1 src\main.o
                0x200002a8                gDisplayMode
 .bss.gEditModeStepNum
                0x200002a9        0x1 src\main.o
                0x200002a9                gEditModeStepNum
 *fill*         0x200002aa        0x2 
 .bss.gFullStepWidth_1
                0x200002ac        0x4 src\main.o
 .bss.gFullStepWidth_2
                0x200002b0        0x4 src\main.o
 .bss.gKeysNotValid
                0x200002b4        0x1 src\main.o
                0x200002b4                gKeysNotValid
 .bss.gPrevSequencerMode_1
                0x200002b5        0x1 src\main.o
                0x200002b5                gPrevSequencerMode_1
 .bss.gPrevSequencerMode_2
                0x200002b6        0x1 src\main.o
                0x200002b6                gPrevSequencerMode_2
 .bss.gSequenceStepNumber_1
                0x200002b7        0x1 src\main.o
                0x200002b7                gSequenceStepNumber_1
 .bss.gSequenceStepNumber_2
                0x200002b8        0x1 src\main.o
                0x200002b8                gSequenceStepNumber_2
 .bss.gSequencerMode_1
                0x200002b9        0x1 src\main.o
                0x200002b9                gSequencerMode_1
 .bss.gSequencerMode_2
                0x200002ba        0x1 src\main.o
                0x200002ba                gSequencerMode_2
 *fill*         0x200002bb        0x1 
 .bss.gStepWidth_1
                0x200002bc        0x4 src\main.o
 .bss.gStepWidth_2
                0x200002c0        0x4 src\main.o
 .bss.key_locked
                0x200002c4        0x1 src\main.o
                0x200002c4                key_locked
 *fill*         0x200002c5        0x3 
 .bss.load_counter
                0x200002c8        0x4 src\main.o
                0x200002c8                load_counter
 .bss.save_counter
                0x200002cc        0x4 src\main.o
                0x200002cc                save_counter
 .bss.strobe_banana_flag1
                0x200002d0        0x1 src\main.o
                0x200002d0                strobe_banana_flag1
 .bss.strobe_banana_flag2
                0x200002d1        0x1 src\main.o
                0x200002d1                strobe_banana_flag2
 *(COMMON)
 *fill*         0x200002d2        0x6 
 COMMON         0x200002d8      0x7cc src\main.o
                0x200002d8                acc
                0x200002e0                gDipConfig
                0x200002e4                ADC_result
                0x200002e8                DisplayUpdateFlags
                0x200002ea                average_array
                0x200007ec                AddData
                0x2000080c                average_index
                0x2000088c                divider
                0x20000890                offset
                0x20000894                Steps
                0x20000a94                RCC_Clocks
                0x20000aa4                . = ALIGN (0x4)
                0x20000aa4                _ebss = .
                0x20000aa4                __bss_end__ = _ebss

._user_heap_stack
                0x20000aa4      0x400
                0x20000aa4                . = ALIGN (0x4)
                [!provide]                PROVIDE (end, .)
                [!provide]                PROVIDE (_end, .)
                0x20000aa4                . = (. + _Min_Heap_Size)
                0x20000ea4                . = (. + _Min_Stack_Size)
 *fill*         0x20000aa4      0x400 
                0x20000ea4                . = ALIGN (0x4)

.memory_b1_text
 *(.mb1text)
 *(.mb1text*)
 *(.mb1rodata)
 *(.mb1rodata*)

/DISCARD/
 libc.a(*)
 libm.a(*)
 libgcc.a(*)

.ARM.attributes
                0x00000000       0x30
 *(.ARM.attributes)
 .ARM.attributes
                0x00000000       0x22 c:/program files (x86)/atollic/truestudio for stm32 9.3.0/armtools/bin/../lib/gcc/arm-atollic-eabi/6.3.1/armv7e-m/fpu/crti.o
 .ARM.attributes
                0x00000022       0x34 c:/program files (x86)/atollic/truestudio for stm32 9.3.0/armtools/bin/../lib/gcc/arm-atollic-eabi/6.3.1/armv7e-m/fpu/crtbegin.o
 .ARM.attributes
                0x00000056       0x39 Libraries\STM32F4xx_StdPeriph_Driver\src\misc.o
 .ARM.attributes
                0x0000008f       0x39 Libraries\STM32F4xx_StdPeriph_Driver\src\stm32f4xx_adc.o
 .ARM.attributes
                0x000000c8       0x39 Libraries\STM32F4xx_StdPeriph_Driver\src\stm32f4xx_dac.o
 .ARM.attributes
                0x00000101       0x39 Libraries\STM32F4xx_StdPeriph_Driver\src\stm32f4xx_exti.o
 .ARM.attributes
                0x0000013a       0x39 Libraries\STM32F4xx_StdPeriph_Driver\src\stm32f4xx_gpio.o
 .ARM.attributes
                0x00000173       0x39 Libraries\STM32F4xx_StdPeriph_Driver\src\stm32f4xx_rcc.o
 .ARM.attributes
                0x000001ac       0x39 Libraries\STM32F4xx_StdPeriph_Driver\src\stm32f4xx_spi.o
 .ARM.attributes
                0x000001e5       0x39 Libraries\STM32F4xx_StdPeriph_Driver\src\stm32f4xx_syscfg.o
 .ARM.attributes
                0x0000021e       0x39 Libraries\STM32F4xx_StdPeriph_Driver\src\stm32f4xx_tim.o
 .ARM.attributes
                0x00000257       0x39 src\CAT25512.o
 .ARM.attributes
                0x00000290       0x39 src\HC165.o
 .ARM.attributes
                0x000002c9       0x39 src\MAX5135.o
 .ARM.attributes
                0x00000302       0x39 src\adc_pots_selector.o
 .ARM.attributes
                0x0000033b       0x39 src\dip_config.o
 .ARM.attributes
                0x00000374       0x39 src\expander.o
 .ARM.attributes
                0x000003ad       0x39 src\leds_modes.o
 .ARM.attributes
                0x000003e6       0x39 src\leds_step.o
 .ARM.attributes
                0x0000041f       0x39 src\main.o
 .ARM.attributes
                0x00000458       0x21 src\startup_stm32f40xx.o
 .ARM.attributes
                0x00000479       0x39 src\stm32f4xx_it.o
 .ARM.attributes
                0x000004b2       0x39 src\system_stm32f4xx.o
 .ARM.attributes
                0x000004eb       0x34 c:/program files (x86)/atollic/truestudio for stm32 9.3.0/armtools/bin/../lib/gcc/arm-atollic-eabi/6.3.1/../../../../arm-atollic-eabi/lib/armv7e-m/fpu\libc_nano.a(lib_a-init.o)
 .ARM.attributes
                0x0000051f       0x22 c:/program files (x86)/atollic/truestudio for stm32 9.3.0/armtools/bin/../lib/gcc/arm-atollic-eabi/6.3.1/armv7e-m/fpu\libgcc.a(_arm_addsubdf3.o)
 .ARM.attributes
                0x00000541       0x22 c:/program files (x86)/atollic/truestudio for stm32 9.3.0/armtools/bin/../lib/gcc/arm-atollic-eabi/6.3.1/armv7e-m/fpu\libgcc.a(_arm_muldivdf3.o)
 .ARM.attributes
                0x00000563       0x22 c:/program files (x86)/atollic/truestudio for stm32 9.3.0/armtools/bin/../lib/gcc/arm-atollic-eabi/6.3.1/armv7e-m/fpu\libgcc.a(_arm_fixunsdfsi.o)
 .ARM.attributes
                0x00000585       0x22 c:/program files (x86)/atollic/truestudio for stm32 9.3.0/armtools/bin/../lib/gcc/arm-atollic-eabi/6.3.1/armv7e-m/fpu\libgcc.a(_aeabi_ldivmod.o)
 .ARM.attributes
                0x000005a7       0x34 c:/program files (x86)/atollic/truestudio for stm32 9.3.0/armtools/bin/../lib/gcc/arm-atollic-eabi/6.3.1/armv7e-m/fpu\libgcc.a(_udivmoddi4.o)
 .ARM.attributes
                0x000005db       0x22 c:/program files (x86)/atollic/truestudio for stm32 9.3.0/armtools/bin/../lib/gcc/arm-atollic-eabi/6.3.1/armv7e-m/fpu\libgcc.a(_dvmd_tls.o)
 .ARM.attributes
                0x000005fd       0x22 c:/program files (x86)/atollic/truestudio for stm32 9.3.0/armtools/bin/../lib/gcc/arm-atollic-eabi/6.3.1/armv7e-m/fpu/crtn.o
OUTPUT(readRegtest.elf elf32-littlearm)

.comment        0x00000000       0x7c
 .comment       0x00000000       0x7c Libraries\STM32F4xx_StdPeriph_Driver\src\misc.o
                                 0x7d (size before relaxing)
 .comment       0x0000007c       0x7d Libraries\STM32F4xx_StdPeriph_Driver\src\stm32f4xx_adc.o
 .comment       0x0000007c       0x7d Libraries\STM32F4xx_StdPeriph_Driver\src\stm32f4xx_dac.o
 .comment       0x0000007c       0x7d Libraries\STM32F4xx_StdPeriph_Driver\src\stm32f4xx_exti.o
 .comment       0x0000007c       0x7d Libraries\STM32F4xx_StdPeriph_Driver\src\stm32f4xx_gpio.o
 .comment       0x0000007c       0x7d Libraries\STM32F4xx_StdPeriph_Driver\src\stm32f4xx_rcc.o
 .comment       0x0000007c       0x7d Libraries\STM32F4xx_StdPeriph_Driver\src\stm32f4xx_spi.o
 .comment       0x0000007c       0x7d Libraries\STM32F4xx_StdPeriph_Driver\src\stm32f4xx_syscfg.o
 .comment       0x0000007c       0x7d Libraries\STM32F4xx_StdPeriph_Driver\src\stm32f4xx_tim.o
 .comment       0x0000007c       0x7d src\CAT25512.o
 .comment       0x0000007c       0x7d src\HC165.o
 .comment       0x0000007c       0x7d src\MAX5135.o
 .comment       0x0000007c       0x7d src\adc_pots_selector.o
 .comment       0x0000007c       0x7d src\dip_config.o
 .comment       0x0000007c       0x7d src\expander.o
 .comment       0x0000007c       0x7d src\leds_modes.o
 .comment       0x0000007c       0x7d src\leds_step.o
 .comment       0x0000007c       0x7d src\main.o
 .comment       0x0000007c       0x7d src\stm32f4xx_it.o
 .comment       0x0000007c       0x7d src\system_stm32f4xx.o

.debug_frame    0x00000000      0x1c4
 .debug_frame   0x00000000       0x2c c:/program files (x86)/atollic/truestudio for stm32 9.3.0/armtools/bin/../lib/gcc/arm-atollic-eabi/6.3.1/../../../../arm-atollic-eabi/lib/armv7e-m/fpu\libc_nano.a(lib_a-init.o)
 .debug_frame   0x0000002c       0xac c:/program files (x86)/atollic/truestudio for stm32 9.3.0/armtools/bin/../lib/gcc/arm-atollic-eabi/6.3.1/armv7e-m/fpu\libgcc.a(_arm_addsubdf3.o)
 .debug_frame   0x000000d8       0x50 c:/program files (x86)/atollic/truestudio for stm32 9.3.0/armtools/bin/../lib/gcc/arm-atollic-eabi/6.3.1/armv7e-m/fpu\libgcc.a(_arm_muldivdf3.o)
 .debug_frame   0x00000128       0x24 c:/program files (x86)/atollic/truestudio for stm32 9.3.0/armtools/bin/../lib/gcc/arm-atollic-eabi/6.3.1/armv7e-m/fpu\libgcc.a(_arm_fixunsdfsi.o)
 .debug_frame   0x0000014c       0x44 c:/program files (x86)/atollic/truestudio for stm32 9.3.0/armtools/bin/../lib/gcc/arm-atollic-eabi/6.3.1/armv7e-m/fpu\libgcc.a(_aeabi_ldivmod.o)
 .debug_frame   0x00000190       0x34 c:/program files (x86)/atollic/truestudio for stm32 9.3.0/armtools/bin/../lib/gcc/arm-atollic-eabi/6.3.1/armv7e-m/fpu\libgcc.a(_udivmoddi4.o)

.stabstr        0x00000000       0x3f
 .stabstr       0x00000000       0x3f c:/program files (x86)/atollic/truestudio for stm32 9.3.0/armtools/bin/../lib/gcc/arm-atollic-eabi/6.3.1/../../../../arm-atollic-eabi/lib/armv7e-m/fpu\libnosys.a(write.o)

Cross Reference Table

Symbol                                            File
ADCPause                                          src\main.o
ADCResume                                         src\main.o
ADC_AnalogWatchdogCmd                             Libraries\STM32F4xx_StdPeriph_Driver\src\stm32f4xx_adc.o
ADC_AnalogWatchdogSingleChannelConfig             Libraries\STM32F4xx_StdPeriph_Driver\src\stm32f4xx_adc.o
ADC_AnalogWatchdogThresholdsConfig                Libraries\STM32F4xx_StdPeriph_Driver\src\stm32f4xx_adc.o
ADC_AutoInjectedConvCmd                           Libraries\STM32F4xx_StdPeriph_Driver\src\stm32f4xx_adc.o
ADC_ClearFlag                                     Libraries\STM32F4xx_StdPeriph_Driver\src\stm32f4xx_adc.o
                                                  src\main.o
ADC_ClearITPendingBit                             Libraries\STM32F4xx_StdPeriph_Driver\src\stm32f4xx_adc.o
ADC_Cmd                                           Libraries\STM32F4xx_StdPeriph_Driver\src\stm32f4xx_adc.o
                                                  src\main.o
ADC_CommonInit                                    Libraries\STM32F4xx_StdPeriph_Driver\src\stm32f4xx_adc.o
ADC_CommonStructInit                              Libraries\STM32F4xx_StdPeriph_Driver\src\stm32f4xx_adc.o
ADC_ContinuousModeCmd                             Libraries\STM32F4xx_StdPeriph_Driver\src\stm32f4xx_adc.o
ADC_DMACmd                                        Libraries\STM32F4xx_StdPeriph_Driver\src\stm32f4xx_adc.o
ADC_DMARequestAfterLastTransferCmd                Libraries\STM32F4xx_StdPeriph_Driver\src\stm32f4xx_adc.o
ADC_DeInit                                        Libraries\STM32F4xx_StdPeriph_Driver\src\stm32f4xx_adc.o
ADC_DiscModeChannelCountConfig                    Libraries\STM32F4xx_StdPeriph_Driver\src\stm32f4xx_adc.o
ADC_DiscModeCmd                                   Libraries\STM32F4xx_StdPeriph_Driver\src\stm32f4xx_adc.o
ADC_EOCOnEachRegularChannelCmd                    Libraries\STM32F4xx_StdPeriph_Driver\src\stm32f4xx_adc.o
ADC_ExternalTrigInjectedConvConfig                Libraries\STM32F4xx_StdPeriph_Driver\src\stm32f4xx_adc.o
ADC_ExternalTrigInjectedConvEdgeConfig            Libraries\STM32F4xx_StdPeriph_Driver\src\stm32f4xx_adc.o
ADC_GetConversionValue                            Libraries\STM32F4xx_StdPeriph_Driver\src\stm32f4xx_adc.o
ADC_GetFlagStatus                                 Libraries\STM32F4xx_StdPeriph_Driver\src\stm32f4xx_adc.o
                                                  src\main.o
ADC_GetITStatus                                   Libraries\STM32F4xx_StdPeriph_Driver\src\stm32f4xx_adc.o
ADC_GetInjectedConversionValue                    Libraries\STM32F4xx_StdPeriph_Driver\src\stm32f4xx_adc.o
ADC_GetMultiModeConversionValue                   Libraries\STM32F4xx_StdPeriph_Driver\src\stm32f4xx_adc.o
ADC_GetSoftwareStartConvStatus                    Libraries\STM32F4xx_StdPeriph_Driver\src\stm32f4xx_adc.o
ADC_GetSoftwareStartInjectedConvCmdStatus         Libraries\STM32F4xx_StdPeriph_Driver\src\stm32f4xx_adc.o
ADC_IRQHandler                                    src\main.o
ADC_ITConfig                                      Libraries\STM32F4xx_StdPeriph_Driver\src\stm32f4xx_adc.o
                                                  src\main.o
ADC_Init                                          Libraries\STM32F4xx_StdPeriph_Driver\src\stm32f4xx_adc.o
                                                  src\main.o
ADC_InjectedChannelConfig                         Libraries\STM32F4xx_StdPeriph_Driver\src\stm32f4xx_adc.o
ADC_InjectedDiscModeCmd                           Libraries\STM32F4xx_StdPeriph_Driver\src\stm32f4xx_adc.o
ADC_InjectedSequencerLengthConfig                 Libraries\STM32F4xx_StdPeriph_Driver\src\stm32f4xx_adc.o
ADC_MultiModeDMARequestAfterLastTransferCmd       Libraries\STM32F4xx_StdPeriph_Driver\src\stm32f4xx_adc.o
ADC_POTS_selector_Ch                              src\adc_pots_selector.o
                                                  src\main.o
ADC_POTS_selector_SendByte                        src\adc_pots_selector.o
ADC_POTS_selector_SendDWord                       src\adc_pots_selector.o
ADC_POTS_selector_init                            src\adc_pots_selector.o
                                                  src\main.o
ADC_POT_sel_cnt                                   src\main.o
ADC_RegularChannelConfig                          Libraries\STM32F4xx_StdPeriph_Driver\src\stm32f4xx_adc.o
                                                  src\main.o
ADC_SetInjectedOffset                             Libraries\STM32F4xx_StdPeriph_Driver\src\stm32f4xx_adc.o
ADC_SoftwareStartConv                             Libraries\STM32F4xx_StdPeriph_Driver\src\stm32f4xx_adc.o
ADC_SoftwareStartInjectedConv                     Libraries\STM32F4xx_StdPeriph_Driver\src\stm32f4xx_adc.o
ADC_StructInit                                    Libraries\STM32F4xx_StdPeriph_Driver\src\stm32f4xx_adc.o
                                                  src\main.o
ADC_TempSensorVrefintCmd                          Libraries\STM32F4xx_StdPeriph_Driver\src\stm32f4xx_adc.o
ADC_VBATCmd                                       Libraries\STM32F4xx_StdPeriph_Driver\src\stm32f4xx_adc.o
ADC_result                                        src\main.o
AHBPrescTable                                     src\system_stm32f4xx.o
AddData                                           src\main.o
BusFault_Handler                                  src\stm32f4xx_it.o
                                                  src\startup_stm32f40xx.o
CAN1_RX0_IRQHandler                               src\startup_stm32f40xx.o
CAN1_RX1_IRQHandler                               src\startup_stm32f40xx.o
CAN1_SCE_IRQHandler                               src\startup_stm32f40xx.o
CAN1_TX_IRQHandler                                src\startup_stm32f40xx.o
CAN2_RX0_IRQHandler                               src\startup_stm32f40xx.o
CAN2_RX1_IRQHandler                               src\startup_stm32f40xx.o
CAN2_SCE_IRQHandler                               src\startup_stm32f40xx.o
CAN2_TX_IRQHandler                                src\startup_stm32f40xx.o
CAN_CancelTransmit                                Libraries\STM32F4xx_StdPeriph_Driver\src\stm32f4xx_can.o
CAN_ClearFlag                                     Libraries\STM32F4xx_StdPeriph_Driver\src\stm32f4xx_can.o
CAN_ClearITPendingBit                             Libraries\STM32F4xx_StdPeriph_Driver\src\stm32f4xx_can.o
CAN_DBGFreeze                                     Libraries\STM32F4xx_StdPeriph_Driver\src\stm32f4xx_can.o
CAN_DeInit                                        Libraries\STM32F4xx_StdPeriph_Driver\src\stm32f4xx_can.o
CAN_FIFORelease                                   Libraries\STM32F4xx_StdPeriph_Driver\src\stm32f4xx_can.o
CAN_FilterInit                                    Libraries\STM32F4xx_StdPeriph_Driver\src\stm32f4xx_can.o
CAN_GetFlagStatus                                 Libraries\STM32F4xx_StdPeriph_Driver\src\stm32f4xx_can.o
CAN_GetITStatus                                   Libraries\STM32F4xx_StdPeriph_Driver\src\stm32f4xx_can.o
CAN_GetLSBTransmitErrorCounter                    Libraries\STM32F4xx_StdPeriph_Driver\src\stm32f4xx_can.o
CAN_GetLastErrorCode                              Libraries\STM32F4xx_StdPeriph_Driver\src\stm32f4xx_can.o
CAN_GetReceiveErrorCounter                        Libraries\STM32F4xx_StdPeriph_Driver\src\stm32f4xx_can.o
CAN_ITConfig                                      Libraries\STM32F4xx_StdPeriph_Driver\src\stm32f4xx_can.o
CAN_Init                                          Libraries\STM32F4xx_StdPeriph_Driver\src\stm32f4xx_can.o
CAN_MessagePending                                Libraries\STM32F4xx_StdPeriph_Driver\src\stm32f4xx_can.o
CAN_OperatingModeRequest                          Libraries\STM32F4xx_StdPeriph_Driver\src\stm32f4xx_can.o
CAN_Receive                                       Libraries\STM32F4xx_StdPeriph_Driver\src\stm32f4xx_can.o
CAN_SlaveStartBank                                Libraries\STM32F4xx_StdPeriph_Driver\src\stm32f4xx_can.o
CAN_Sleep                                         Libraries\STM32F4xx_StdPeriph_Driver\src\stm32f4xx_can.o
CAN_StructInit                                    Libraries\STM32F4xx_StdPeriph_Driver\src\stm32f4xx_can.o
CAN_TTComModeCmd                                  Libraries\STM32F4xx_StdPeriph_Driver\src\stm32f4xx_can.o
CAN_Transmit                                      Libraries\STM32F4xx_StdPeriph_Driver\src\stm32f4xx_can.o
CAN_TransmitStatus                                Libraries\STM32F4xx_StdPeriph_Driver\src\stm32f4xx_can.o
CAN_WakeUp                                        Libraries\STM32F4xx_StdPeriph_Driver\src\stm32f4xx_can.o
CAT25512_ReadByte                                 src\CAT25512.o
CAT25512_ReadStatusRegister                       src\CAT25512.o
CAT25512_RecieveData                              src\CAT25512.o
CAT25512_SendByte                                 src\CAT25512.o
CAT25512_WRDI                                     src\CAT25512.o
CAT25512_WREN                                     src\CAT25512.o
CAT25512_WriteByte                                src\CAT25512.o
CAT25512_WriteStatusRegister                      src\CAT25512.o
CAT25512_init                                     src\CAT25512.o
                                                  src\main.o
CAT25512_read_block                               src\CAT25512.o
                                                  src\main.o
CAT25512_write_block                              src\CAT25512.o
                                                  src\main.o
CRC_CalcBlockCRC                                  Libraries\STM32F4xx_StdPeriph_Driver\src\stm32f4xx_crc.o
CRC_CalcCRC                                       Libraries\STM32F4xx_StdPeriph_Driver\src\stm32f4xx_crc.o
CRC_GetCRC                                        Libraries\STM32F4xx_StdPeriph_Driver\src\stm32f4xx_crc.o
CRC_GetIDRegister                                 Libraries\STM32F4xx_StdPeriph_Driver\src\stm32f4xx_crc.o
CRC_ResetDR                                       Libraries\STM32F4xx_StdPeriph_Driver\src\stm32f4xx_crc.o
CRC_SetIDRegister                                 Libraries\STM32F4xx_StdPeriph_Driver\src\stm32f4xx_crc.o
CRYP_AES_CBC                                      Libraries\STM32F4xx_StdPeriph_Driver\src\stm32f4xx_cryp_aes.o
CRYP_AES_CCM                                      Libraries\STM32F4xx_StdPeriph_Driver\src\stm32f4xx_cryp_aes.o
CRYP_AES_CTR                                      Libraries\STM32F4xx_StdPeriph_Driver\src\stm32f4xx_cryp_aes.o
CRYP_AES_ECB                                      Libraries\STM32F4xx_StdPeriph_Driver\src\stm32f4xx_cryp_aes.o
CRYP_AES_GCM                                      Libraries\STM32F4xx_StdPeriph_Driver\src\stm32f4xx_cryp_aes.o
CRYP_Cmd                                          Libraries\STM32F4xx_StdPeriph_Driver\src\stm32f4xx_cryp.o
                                                  Libraries\STM32F4xx_StdPeriph_Driver\src\stm32f4xx_cryp_tdes.o
                                                  Libraries\STM32F4xx_StdPeriph_Driver\src\stm32f4xx_cryp_des.o
                                                  Libraries\STM32F4xx_StdPeriph_Driver\src\stm32f4xx_cryp_aes.o
CRYP_DES_CBC                                      Libraries\STM32F4xx_StdPeriph_Driver\src\stm32f4xx_cryp_des.o
CRYP_DES_ECB                                      Libraries\STM32F4xx_StdPeriph_Driver\src\stm32f4xx_cryp_des.o
CRYP_DMACmd                                       Libraries\STM32F4xx_StdPeriph_Driver\src\stm32f4xx_cryp.o
CRYP_DataIn                                       Libraries\STM32F4xx_StdPeriph_Driver\src\stm32f4xx_cryp.o
                                                  Libraries\STM32F4xx_StdPeriph_Driver\src\stm32f4xx_cryp_tdes.o
                                                  Libraries\STM32F4xx_StdPeriph_Driver\src\stm32f4xx_cryp_des.o
                                                  Libraries\STM32F4xx_StdPeriph_Driver\src\stm32f4xx_cryp_aes.o
CRYP_DataOut                                      Libraries\STM32F4xx_StdPeriph_Driver\src\stm32f4xx_cryp.o
                                                  Libraries\STM32F4xx_StdPeriph_Driver\src\stm32f4xx_cryp_tdes.o
                                                  Libraries\STM32F4xx_StdPeriph_Driver\src\stm32f4xx_cryp_des.o
                                                  Libraries\STM32F4xx_StdPeriph_Driver\src\stm32f4xx_cryp_aes.o
CRYP_DeInit                                       Libraries\STM32F4xx_StdPeriph_Driver\src\stm32f4xx_cryp.o
CRYP_FIFOFlush                                    Libraries\STM32F4xx_StdPeriph_Driver\src\stm32f4xx_cryp.o
                                                  Libraries\STM32F4xx_StdPeriph_Driver\src\stm32f4xx_cryp_tdes.o
                                                  Libraries\STM32F4xx_StdPeriph_Driver\src\stm32f4xx_cryp_des.o
                                                  Libraries\STM32F4xx_StdPeriph_Driver\src\stm32f4xx_cryp_aes.o
CRYP_GetCmdStatus                                 Libraries\STM32F4xx_StdPeriph_Driver\src\stm32f4xx_cryp.o
                                                  Libraries\STM32F4xx_StdPeriph_Driver\src\stm32f4xx_cryp_tdes.o
                                                  Libraries\STM32F4xx_StdPeriph_Driver\src\stm32f4xx_cryp_des.o
                                                  Libraries\STM32F4xx_StdPeriph_Driver\src\stm32f4xx_cryp_aes.o
CRYP_GetFlagStatus                                Libraries\STM32F4xx_StdPeriph_Driver\src\stm32f4xx_cryp.o
                                                  Libraries\STM32F4xx_StdPeriph_Driver\src\stm32f4xx_cryp_tdes.o
                                                  Libraries\STM32F4xx_StdPeriph_Driver\src\stm32f4xx_cryp_des.o
                                                  Libraries\STM32F4xx_StdPeriph_Driver\src\stm32f4xx_cryp_aes.o
CRYP_GetITStatus                                  Libraries\STM32F4xx_StdPeriph_Driver\src\stm32f4xx_cryp.o
CRYP_IRQHandler                                   src\startup_stm32f40xx.o
CRYP_ITConfig                                     Libraries\STM32F4xx_StdPeriph_Driver\src\stm32f4xx_cryp.o
CRYP_IVInit                                       Libraries\STM32F4xx_StdPeriph_Driver\src\stm32f4xx_cryp.o
                                                  Libraries\STM32F4xx_StdPeriph_Driver\src\stm32f4xx_cryp_tdes.o
                                                  Libraries\STM32F4xx_StdPeriph_Driver\src\stm32f4xx_cryp_des.o
                                                  Libraries\STM32F4xx_StdPeriph_Driver\src\stm32f4xx_cryp_aes.o
CRYP_IVStructInit                                 Libraries\STM32F4xx_StdPeriph_Driver\src\stm32f4xx_cryp.o
CRYP_Init                                         Libraries\STM32F4xx_StdPeriph_Driver\src\stm32f4xx_cryp.o
                                                  Libraries\STM32F4xx_StdPeriph_Driver\src\stm32f4xx_cryp_tdes.o
                                                  Libraries\STM32F4xx_StdPeriph_Driver\src\stm32f4xx_cryp_des.o
                                                  Libraries\STM32F4xx_StdPeriph_Driver\src\stm32f4xx_cryp_aes.o
CRYP_KeyInit                                      Libraries\STM32F4xx_StdPeriph_Driver\src\stm32f4xx_cryp.o
                                                  Libraries\STM32F4xx_StdPeriph_Driver\src\stm32f4xx_cryp_tdes.o
                                                  Libraries\STM32F4xx_StdPeriph_Driver\src\stm32f4xx_cryp_des.o
                                                  Libraries\STM32F4xx_StdPeriph_Driver\src\stm32f4xx_cryp_aes.o
CRYP_KeyStructInit                                Libraries\STM32F4xx_StdPeriph_Driver\src\stm32f4xx_cryp.o
                                                  Libraries\STM32F4xx_StdPeriph_Driver\src\stm32f4xx_cryp_tdes.o
                                                  Libraries\STM32F4xx_StdPeriph_Driver\src\stm32f4xx_cryp_des.o
                                                  Libraries\STM32F4xx_StdPeriph_Driver\src\stm32f4xx_cryp_aes.o
CRYP_PhaseConfig                                  Libraries\STM32F4xx_StdPeriph_Driver\src\stm32f4xx_cryp.o
                                                  Libraries\STM32F4xx_StdPeriph_Driver\src\stm32f4xx_cryp_aes.o
CRYP_RestoreContext                               Libraries\STM32F4xx_StdPeriph_Driver\src\stm32f4xx_cryp.o
CRYP_SaveContext                                  Libraries\STM32F4xx_StdPeriph_Driver\src\stm32f4xx_cryp.o
CRYP_StructInit                                   Libraries\STM32F4xx_StdPeriph_Driver\src\stm32f4xx_cryp.o
CRYP_TDES_CBC                                     Libraries\STM32F4xx_StdPeriph_Driver\src\stm32f4xx_cryp_tdes.o
CRYP_TDES_ECB                                     Libraries\STM32F4xx_StdPeriph_Driver\src\stm32f4xx_cryp_tdes.o
CalConstants                                      src\main.o
Calibration                                       src\main.o
ChSelData                                         src\adc_pots_selector.o
DAC_ClearFlag                                     Libraries\STM32F4xx_StdPeriph_Driver\src\stm32f4xx_dac.o
DAC_ClearITPendingBit                             Libraries\STM32F4xx_StdPeriph_Driver\src\stm32f4xx_dac.o
DAC_Cmd                                           Libraries\STM32F4xx_StdPeriph_Driver\src\stm32f4xx_dac.o
                                                  src\main.o
DAC_DMACmd                                        Libraries\STM32F4xx_StdPeriph_Driver\src\stm32f4xx_dac.o
DAC_DeInit                                        Libraries\STM32F4xx_StdPeriph_Driver\src\stm32f4xx_dac.o
                                                  src\main.o
DAC_DualSoftwareTriggerCmd                        Libraries\STM32F4xx_StdPeriph_Driver\src\stm32f4xx_dac.o
DAC_GetDataOutputValue                            Libraries\STM32F4xx_StdPeriph_Driver\src\stm32f4xx_dac.o
DAC_GetFlagStatus                                 Libraries\STM32F4xx_StdPeriph_Driver\src\stm32f4xx_dac.o
DAC_GetITStatus                                   Libraries\STM32F4xx_StdPeriph_Driver\src\stm32f4xx_dac.o
DAC_ITConfig                                      Libraries\STM32F4xx_StdPeriph_Driver\src\stm32f4xx_dac.o
DAC_Init                                          Libraries\STM32F4xx_StdPeriph_Driver\src\stm32f4xx_dac.o
                                                  src\main.o
DAC_SetChannel1Data                               Libraries\STM32F4xx_StdPeriph_Driver\src\stm32f4xx_dac.o
                                                  src\main.o
DAC_SetChannel2Data                               Libraries\STM32F4xx_StdPeriph_Driver\src\stm32f4xx_dac.o
                                                  src\main.o
DAC_SetDualChannelData                            Libraries\STM32F4xx_StdPeriph_Driver\src\stm32f4xx_dac.o
DAC_SoftwareTriggerCmd                            Libraries\STM32F4xx_StdPeriph_Driver\src\stm32f4xx_dac.o
DAC_StructInit                                    Libraries\STM32F4xx_StdPeriph_Driver\src\stm32f4xx_dac.o
                                                  src\main.o
DAC_WaveGenerationCmd                             Libraries\STM32F4xx_StdPeriph_Driver\src\stm32f4xx_dac.o
DBGMCU_APB1PeriphConfig                           Libraries\STM32F4xx_StdPeriph_Driver\src\stm32f4xx_dbgmcu.o
DBGMCU_APB2PeriphConfig                           Libraries\STM32F4xx_StdPeriph_Driver\src\stm32f4xx_dbgmcu.o
DBGMCU_Config                                     Libraries\STM32F4xx_StdPeriph_Driver\src\stm32f4xx_dbgmcu.o
DBGMCU_GetDEVID                                   Libraries\STM32F4xx_StdPeriph_Driver\src\stm32f4xx_dbgmcu.o
DBGMCU_GetREVID                                   Libraries\STM32F4xx_StdPeriph_Driver\src\stm32f4xx_dbgmcu.o
DCMI_CROPCmd                                      Libraries\STM32F4xx_StdPeriph_Driver\src\stm32f4xx_dcmi.o
DCMI_CROPConfig                                   Libraries\STM32F4xx_StdPeriph_Driver\src\stm32f4xx_dcmi.o
DCMI_CaptureCmd                                   Libraries\STM32F4xx_StdPeriph_Driver\src\stm32f4xx_dcmi.o
DCMI_ClearFlag                                    Libraries\STM32F4xx_StdPeriph_Driver\src\stm32f4xx_dcmi.o
DCMI_ClearITPendingBit                            Libraries\STM32F4xx_StdPeriph_Driver\src\stm32f4xx_dcmi.o
DCMI_Cmd                                          Libraries\STM32F4xx_StdPeriph_Driver\src\stm32f4xx_dcmi.o
DCMI_DeInit                                       Libraries\STM32F4xx_StdPeriph_Driver\src\stm32f4xx_dcmi.o
DCMI_GetFlagStatus                                Libraries\STM32F4xx_StdPeriph_Driver\src\stm32f4xx_dcmi.o
DCMI_GetITStatus                                  Libraries\STM32F4xx_StdPeriph_Driver\src\stm32f4xx_dcmi.o
DCMI_IRQHandler                                   src\startup_stm32f40xx.o
DCMI_ITConfig                                     Libraries\STM32F4xx_StdPeriph_Driver\src\stm32f4xx_dcmi.o
DCMI_Init                                         Libraries\STM32F4xx_StdPeriph_Driver\src\stm32f4xx_dcmi.o
DCMI_JPEGCmd                                      Libraries\STM32F4xx_StdPeriph_Driver\src\stm32f4xx_dcmi.o
DCMI_ReadData                                     Libraries\STM32F4xx_StdPeriph_Driver\src\stm32f4xx_dcmi.o
DCMI_SetEmbeddedSynchroCodes                      Libraries\STM32F4xx_StdPeriph_Driver\src\stm32f4xx_dcmi.o
DCMI_StructInit                                   Libraries\STM32F4xx_StdPeriph_Driver\src\stm32f4xx_dcmi.o
DMA1_Stream0_IRQHandler                           src\startup_stm32f40xx.o
DMA1_Stream1_IRQHandler                           src\startup_stm32f40xx.o
DMA1_Stream2_IRQHandler                           src\startup_stm32f40xx.o
DMA1_Stream3_IRQHandler                           src\startup_stm32f40xx.o
DMA1_Stream4_IRQHandler                           src\startup_stm32f40xx.o
DMA1_Stream5_IRQHandler                           src\startup_stm32f40xx.o
DMA1_Stream6_IRQHandler                           src\startup_stm32f40xx.o
DMA1_Stream7_IRQHandler                           src\startup_stm32f40xx.o
DMA2_Stream0_IRQHandler                           src\startup_stm32f40xx.o
DMA2_Stream1_IRQHandler                           src\startup_stm32f40xx.o
DMA2_Stream2_IRQHandler                           src\startup_stm32f40xx.o
DMA2_Stream3_IRQHandler                           src\startup_stm32f40xx.o
DMA2_Stream4_IRQHandler                           src\startup_stm32f40xx.o
DMA2_Stream5_IRQHandler                           src\startup_stm32f40xx.o
DMA2_Stream6_IRQHandler                           src\startup_stm32f40xx.o
DMA2_Stream7_IRQHandler                           src\startup_stm32f40xx.o
DMA_ClearFlag                                     Libraries\STM32F4xx_StdPeriph_Driver\src\stm32f4xx_dma.o
DMA_ClearITPendingBit                             Libraries\STM32F4xx_StdPeriph_Driver\src\stm32f4xx_dma.o
DMA_Cmd                                           Libraries\STM32F4xx_StdPeriph_Driver\src\stm32f4xx_dma.o
DMA_DeInit                                        Libraries\STM32F4xx_StdPeriph_Driver\src\stm32f4xx_dma.o
DMA_DoubleBufferModeCmd                           Libraries\STM32F4xx_StdPeriph_Driver\src\stm32f4xx_dma.o
DMA_DoubleBufferModeConfig                        Libraries\STM32F4xx_StdPeriph_Driver\src\stm32f4xx_dma.o
DMA_FlowControllerConfig                          Libraries\STM32F4xx_StdPeriph_Driver\src\stm32f4xx_dma.o
DMA_GetCmdStatus                                  Libraries\STM32F4xx_StdPeriph_Driver\src\stm32f4xx_dma.o
DMA_GetCurrDataCounter                            Libraries\STM32F4xx_StdPeriph_Driver\src\stm32f4xx_dma.o
DMA_GetCurrentMemoryTarget                        Libraries\STM32F4xx_StdPeriph_Driver\src\stm32f4xx_dma.o
DMA_GetFIFOStatus                                 Libraries\STM32F4xx_StdPeriph_Driver\src\stm32f4xx_dma.o
DMA_GetFlagStatus                                 Libraries\STM32F4xx_StdPeriph_Driver\src\stm32f4xx_dma.o
DMA_GetITStatus                                   Libraries\STM32F4xx_StdPeriph_Driver\src\stm32f4xx_dma.o
DMA_ITConfig                                      Libraries\STM32F4xx_StdPeriph_Driver\src\stm32f4xx_dma.o
DMA_Init                                          Libraries\STM32F4xx_StdPeriph_Driver\src\stm32f4xx_dma.o
DMA_MemoryTargetConfig                            Libraries\STM32F4xx_StdPeriph_Driver\src\stm32f4xx_dma.o
DMA_PeriphIncOffsetSizeConfig                     Libraries\STM32F4xx_StdPeriph_Driver\src\stm32f4xx_dma.o
DMA_SetCurrDataCounter                            Libraries\STM32F4xx_StdPeriph_Driver\src\stm32f4xx_dma.o
DMA_StructInit                                    Libraries\STM32F4xx_StdPeriph_Driver\src\stm32f4xx_dma.o
DebugMon_Handler                                  src\stm32f4xx_it.o
                                                  src\startup_stm32f40xx.o
Default_Handler                                   src\startup_stm32f40xx.o
DipConfig_init                                    src\dip_config.o
                                                  src\main.o
DisplayLedsIOInit                                 src\main.o
DisplayUpdateFlags                                src\main.o
ETH_IRQHandler                                    src\startup_stm32f40xx.o
ETH_WKUP_IRQHandler                               src\startup_stm32f40xx.o
EXTI0_IRQHandler                                  src\main.o
EXTI15_10_IRQHandler                              src\startup_stm32f40xx.o
EXTI1_IRQHandler                                  src\main.o
EXTI2_IRQHandler                                  src\startup_stm32f40xx.o
EXTI3_IRQHandler                                  src\startup_stm32f40xx.o
EXTI4_IRQHandler                                  src\startup_stm32f40xx.o
EXTI9_5_IRQHandler                                src\main.o
EXTI_ClearFlag                                    Libraries\STM32F4xx_StdPeriph_Driver\src\stm32f4xx_exti.o
EXTI_ClearITPendingBit                            Libraries\STM32F4xx_StdPeriph_Driver\src\stm32f4xx_exti.o
                                                  src\main.o
EXTI_DeInit                                       Libraries\STM32F4xx_StdPeriph_Driver\src\stm32f4xx_exti.o
                                                  src\main.o
EXTI_GenerateSWInterrupt                          Libraries\STM32F4xx_StdPeriph_Driver\src\stm32f4xx_exti.o
EXTI_GetFlagStatus                                Libraries\STM32F4xx_StdPeriph_Driver\src\stm32f4xx_exti.o
EXTI_GetITStatus                                  Libraries\STM32F4xx_StdPeriph_Driver\src\stm32f4xx_exti.o
EXTI_Init                                         Libraries\STM32F4xx_StdPeriph_Driver\src\stm32f4xx_exti.o
                                                  src\main.o
EXTI_StructInit                                   Libraries\STM32F4xx_StdPeriph_Driver\src\stm32f4xx_exti.o
FLASH_ClearFlag                                   Libraries\STM32F4xx_StdPeriph_Driver\src\stm32f4xx_flash.o
FLASH_DataCacheCmd                                Libraries\STM32F4xx_StdPeriph_Driver\src\stm32f4xx_flash.o
FLASH_DataCacheReset                              Libraries\STM32F4xx_StdPeriph_Driver\src\stm32f4xx_flash.o
FLASH_EraseAllSectors                             Libraries\STM32F4xx_StdPeriph_Driver\src\stm32f4xx_flash.o
FLASH_EraseSector                                 Libraries\STM32F4xx_StdPeriph_Driver\src\stm32f4xx_flash.o
FLASH_GetFlagStatus                               Libraries\STM32F4xx_StdPeriph_Driver\src\stm32f4xx_flash.o
FLASH_GetStatus                                   Libraries\STM32F4xx_StdPeriph_Driver\src\stm32f4xx_flash.o
FLASH_IRQHandler                                  src\startup_stm32f40xx.o
FLASH_ITConfig                                    Libraries\STM32F4xx_StdPeriph_Driver\src\stm32f4xx_flash.o
FLASH_InstructionCacheCmd                         Libraries\STM32F4xx_StdPeriph_Driver\src\stm32f4xx_flash.o
FLASH_InstructionCacheReset                       Libraries\STM32F4xx_StdPeriph_Driver\src\stm32f4xx_flash.o
FLASH_Lock                                        Libraries\STM32F4xx_StdPeriph_Driver\src\stm32f4xx_flash.o
FLASH_OB_BORConfig                                Libraries\STM32F4xx_StdPeriph_Driver\src\stm32f4xx_flash.o
FLASH_OB_GetBOR                                   Libraries\STM32F4xx_StdPeriph_Driver\src\stm32f4xx_flash.o
FLASH_OB_GetRDP                                   Libraries\STM32F4xx_StdPeriph_Driver\src\stm32f4xx_flash.o
FLASH_OB_GetUser                                  Libraries\STM32F4xx_StdPeriph_Driver\src\stm32f4xx_flash.o
FLASH_OB_GetWRP                                   Libraries\STM32F4xx_StdPeriph_Driver\src\stm32f4xx_flash.o
FLASH_OB_GetWRP1                                  Libraries\STM32F4xx_StdPeriph_Driver\src\stm32f4xx_flash.o
FLASH_OB_Launch                                   Libraries\STM32F4xx_StdPeriph_Driver\src\stm32f4xx_flash.o
FLASH_OB_Lock                                     Libraries\STM32F4xx_StdPeriph_Driver\src\stm32f4xx_flash.o
FLASH_OB_RDPConfig                                Libraries\STM32F4xx_StdPeriph_Driver\src\stm32f4xx_flash.o
FLASH_OB_Unlock                                   Libraries\STM32F4xx_StdPeriph_Driver\src\stm32f4xx_flash.o
FLASH_OB_UserConfig                               Libraries\STM32F4xx_StdPeriph_Driver\src\stm32f4xx_flash.o
FLASH_OB_WRP1Config                               Libraries\STM32F4xx_StdPeriph_Driver\src\stm32f4xx_flash.o
FLASH_OB_WRPConfig                                Libraries\STM32F4xx_StdPeriph_Driver\src\stm32f4xx_flash.o
FLASH_PrefetchBufferCmd                           Libraries\STM32F4xx_StdPeriph_Driver\src\stm32f4xx_flash.o
FLASH_ProgramByte                                 Libraries\STM32F4xx_StdPeriph_Driver\src\stm32f4xx_flash.o
FLASH_ProgramDoubleWord                           Libraries\STM32F4xx_StdPeriph_Driver\src\stm32f4xx_flash.o
FLASH_ProgramHalfWord                             Libraries\STM32F4xx_StdPeriph_Driver\src\stm32f4xx_flash.o
FLASH_ProgramWord                                 Libraries\STM32F4xx_StdPeriph_Driver\src\stm32f4xx_flash.o
FLASH_SetLatency                                  Libraries\STM32F4xx_StdPeriph_Driver\src\stm32f4xx_flash.o
FLASH_Unlock                                      Libraries\STM32F4xx_StdPeriph_Driver\src\stm32f4xx_flash.o
FLASH_WaitForLastOperation                        Libraries\STM32F4xx_StdPeriph_Driver\src\stm32f4xx_flash.o
FPU_IRQHandler                                    src\startup_stm32f40xx.o
FSMC_ClearFlag                                    Libraries\STM32F4xx_StdPeriph_Driver\src\stm32f4xx_fsmc.o
FSMC_ClearITPendingBit                            Libraries\STM32F4xx_StdPeriph_Driver\src\stm32f4xx_fsmc.o
FSMC_GetECC                                       Libraries\STM32F4xx_StdPeriph_Driver\src\stm32f4xx_fsmc.o
FSMC_GetFlagStatus                                Libraries\STM32F4xx_StdPeriph_Driver\src\stm32f4xx_fsmc.o
FSMC_GetITStatus                                  Libraries\STM32F4xx_StdPeriph_Driver\src\stm32f4xx_fsmc.o
FSMC_IRQHandler                                   src\startup_stm32f40xx.o
FSMC_ITConfig                                     Libraries\STM32F4xx_StdPeriph_Driver\src\stm32f4xx_fsmc.o
FSMC_NANDCmd                                      Libraries\STM32F4xx_StdPeriph_Driver\src\stm32f4xx_fsmc.o
FSMC_NANDDeInit                                   Libraries\STM32F4xx_StdPeriph_Driver\src\stm32f4xx_fsmc.o
FSMC_NANDECCCmd                                   Libraries\STM32F4xx_StdPeriph_Driver\src\stm32f4xx_fsmc.o
FSMC_NANDInit                                     Libraries\STM32F4xx_StdPeriph_Driver\src\stm32f4xx_fsmc.o
FSMC_NANDStructInit                               Libraries\STM32F4xx_StdPeriph_Driver\src\stm32f4xx_fsmc.o
FSMC_NORSRAMCmd                                   Libraries\STM32F4xx_StdPeriph_Driver\src\stm32f4xx_fsmc.o
FSMC_NORSRAMDeInit                                Libraries\STM32F4xx_StdPeriph_Driver\src\stm32f4xx_fsmc.o
FSMC_NORSRAMInit                                  Libraries\STM32F4xx_StdPeriph_Driver\src\stm32f4xx_fsmc.o
FSMC_NORSRAMStructInit                            Libraries\STM32F4xx_StdPeriph_Driver\src\stm32f4xx_fsmc.o
FSMC_PCCARDCmd                                    Libraries\STM32F4xx_StdPeriph_Driver\src\stm32f4xx_fsmc.o
FSMC_PCCARDDeInit                                 Libraries\STM32F4xx_StdPeriph_Driver\src\stm32f4xx_fsmc.o
FSMC_PCCARDInit                                   Libraries\STM32F4xx_StdPeriph_Driver\src\stm32f4xx_fsmc.o
FSMC_PCCARDStructInit                             Libraries\STM32F4xx_StdPeriph_Driver\src\stm32f4xx_fsmc.o
GPIO_DeInit                                       Libraries\STM32F4xx_StdPeriph_Driver\src\stm32f4xx_gpio.o
GPIO_Init                                         Libraries\STM32F4xx_StdPeriph_Driver\src\stm32f4xx_gpio.o
                                                  src\main.o
                                                  src\leds_step.o
                                                  src\leds_modes.o
                                                  src\expander.o
                                                  src\dip_config.o
                                                  src\adc_pots_selector.o
                                                  src\MAX5135.o
                                                  src\HC165.o
                                                  src\CAT25512.o
GPIO_PinAFConfig                                  Libraries\STM32F4xx_StdPeriph_Driver\src\stm32f4xx_gpio.o
                                                  src\MAX5135.o
                                                  src\CAT25512.o
GPIO_PinLockConfig                                Libraries\STM32F4xx_StdPeriph_Driver\src\stm32f4xx_gpio.o
GPIO_ReadInputData                                Libraries\STM32F4xx_StdPeriph_Driver\src\stm32f4xx_gpio.o
GPIO_ReadInputDataBit                             Libraries\STM32F4xx_StdPeriph_Driver\src\stm32f4xx_gpio.o
                                                  src\main.o
                                                  src\dip_config.o
                                                  src\HC165.o
GPIO_ReadOutputData                               Libraries\STM32F4xx_StdPeriph_Driver\src\stm32f4xx_gpio.o
GPIO_ReadOutputDataBit                            Libraries\STM32F4xx_StdPeriph_Driver\src\stm32f4xx_gpio.o
GPIO_ResetBits                                    Libraries\STM32F4xx_StdPeriph_Driver\src\stm32f4xx_gpio.o
                                                  src\main.o
                                                  src\leds_step.o
                                                  src\leds_modes.o
                                                  src\MAX5135.o
                                                  src\HC165.o
                                                  src\CAT25512.o
GPIO_SetBits                                      Libraries\STM32F4xx_StdPeriph_Driver\src\stm32f4xx_gpio.o
                                                  src\main.o
                                                  src\leds_step.o
                                                  src\leds_modes.o
                                                  src\MAX5135.o
                                                  src\HC165.o
                                                  src\CAT25512.o
GPIO_StructInit                                   Libraries\STM32F4xx_StdPeriph_Driver\src\stm32f4xx_gpio.o
                                                  src\CAT25512.o
GPIO_ToggleBits                                   Libraries\STM32F4xx_StdPeriph_Driver\src\stm32f4xx_gpio.o
GPIO_Write                                        Libraries\STM32F4xx_StdPeriph_Driver\src\stm32f4xx_gpio.o
GPIO_WriteBit                                     Libraries\STM32F4xx_StdPeriph_Driver\src\stm32f4xx_gpio.o
GetButton                                         src\HC165.o
                                                  src\main.o
GetDipConfig                                      src\dip_config.o
                                                  src\main.o
                                                  src\expander.o
GetNextStep                                       src\main.o
GetStepVoltage                                    src\main.o
GetStepWidth                                      src\main.o
HASH_AutoStartDigest                              Libraries\STM32F4xx_StdPeriph_Driver\src\stm32f4xx_hash.o
HASH_ClearFlag                                    Libraries\STM32F4xx_StdPeriph_Driver\src\stm32f4xx_hash.o
HASH_ClearITPendingBit                            Libraries\STM32F4xx_StdPeriph_Driver\src\stm32f4xx_hash.o
HASH_DMACmd                                       Libraries\STM32F4xx_StdPeriph_Driver\src\stm32f4xx_hash.o
HASH_DataIn                                       Libraries\STM32F4xx_StdPeriph_Driver\src\stm32f4xx_hash.o
                                                  Libraries\STM32F4xx_StdPeriph_Driver\src\stm32f4xx_hash_sha1.o
                                                  Libraries\STM32F4xx_StdPeriph_Driver\src\stm32f4xx_hash_md5.o
HASH_DeInit                                       Libraries\STM32F4xx_StdPeriph_Driver\src\stm32f4xx_hash.o
                                                  Libraries\STM32F4xx_StdPeriph_Driver\src\stm32f4xx_hash_sha1.o
                                                  Libraries\STM32F4xx_StdPeriph_Driver\src\stm32f4xx_hash_md5.o
HASH_GetDigest                                    Libraries\STM32F4xx_StdPeriph_Driver\src\stm32f4xx_hash.o
                                                  Libraries\STM32F4xx_StdPeriph_Driver\src\stm32f4xx_hash_sha1.o
                                                  Libraries\STM32F4xx_StdPeriph_Driver\src\stm32f4xx_hash_md5.o
HASH_GetFlagStatus                                Libraries\STM32F4xx_StdPeriph_Driver\src\stm32f4xx_hash.o
                                                  Libraries\STM32F4xx_StdPeriph_Driver\src\stm32f4xx_hash_sha1.o
                                                  Libraries\STM32F4xx_StdPeriph_Driver\src\stm32f4xx_hash_md5.o
HASH_GetITStatus                                  Libraries\STM32F4xx_StdPeriph_Driver\src\stm32f4xx_hash.o
HASH_GetInFIFOWordsNbr                            Libraries\STM32F4xx_StdPeriph_Driver\src\stm32f4xx_hash.o
HASH_ITConfig                                     Libraries\STM32F4xx_StdPeriph_Driver\src\stm32f4xx_hash.o
HASH_Init                                         Libraries\STM32F4xx_StdPeriph_Driver\src\stm32f4xx_hash.o
                                                  Libraries\STM32F4xx_StdPeriph_Driver\src\stm32f4xx_hash_sha1.o
                                                  Libraries\STM32F4xx_StdPeriph_Driver\src\stm32f4xx_hash_md5.o
HASH_MD5                                          Libraries\STM32F4xx_StdPeriph_Driver\src\stm32f4xx_hash_md5.o
HASH_RNG_IRQHandler                               src\startup_stm32f40xx.o
HASH_Reset                                        Libraries\STM32F4xx_StdPeriph_Driver\src\stm32f4xx_hash.o
HASH_RestoreContext                               Libraries\STM32F4xx_StdPeriph_Driver\src\stm32f4xx_hash.o
HASH_SHA1                                         Libraries\STM32F4xx_StdPeriph_Driver\src\stm32f4xx_hash_sha1.o
HASH_SaveContext                                  Libraries\STM32F4xx_StdPeriph_Driver\src\stm32f4xx_hash.o
HASH_SetLastWordValidBitsNbr                      Libraries\STM32F4xx_StdPeriph_Driver\src\stm32f4xx_hash.o
                                                  Libraries\STM32F4xx_StdPeriph_Driver\src\stm32f4xx_hash_sha1.o
                                                  Libraries\STM32F4xx_StdPeriph_Driver\src\stm32f4xx_hash_md5.o
HASH_StartDigest                                  Libraries\STM32F4xx_StdPeriph_Driver\src\stm32f4xx_hash.o
                                                  Libraries\STM32F4xx_StdPeriph_Driver\src\stm32f4xx_hash_sha1.o
                                                  Libraries\STM32F4xx_StdPeriph_Driver\src\stm32f4xx_hash_md5.o
HASH_StructInit                                   Libraries\STM32F4xx_StdPeriph_Driver\src\stm32f4xx_hash.o
HC165_GetByte                                     src\HC165.o
HC165_GetDWord                                    src\HC165.o
HC165_GetDWord1                                   src\HC165.o
HC165_LatchUp                                     src\HC165.o
HMAC_MD5                                          Libraries\STM32F4xx_StdPeriph_Driver\src\stm32f4xx_hash_md5.o
HMAC_SHA1                                         Libraries\STM32F4xx_StdPeriph_Driver\src\stm32f4xx_hash_sha1.o
HardFault_Handler                                 src\stm32f4xx_it.o
                                                  src\startup_stm32f40xx.o
I2C1_ER_IRQHandler                                src\startup_stm32f40xx.o
I2C1_EV_IRQHandler                                src\startup_stm32f40xx.o
I2C2_ER_IRQHandler                                src\startup_stm32f40xx.o
I2C2_EV_IRQHandler                                src\startup_stm32f40xx.o
I2C3_ER_IRQHandler                                src\startup_stm32f40xx.o
I2C3_EV_IRQHandler                                src\startup_stm32f40xx.o
I2C_ARPCmd                                        Libraries\STM32F4xx_StdPeriph_Driver\src\stm32f4xx_i2c.o
I2C_AcknowledgeConfig                             Libraries\STM32F4xx_StdPeriph_Driver\src\stm32f4xx_i2c.o
I2C_AnalogFilterCmd                               Libraries\STM32F4xx_StdPeriph_Driver\src\stm32f4xx_i2c.o
I2C_CalculatePEC                                  Libraries\STM32F4xx_StdPeriph_Driver\src\stm32f4xx_i2c.o
I2C_CheckEvent                                    Libraries\STM32F4xx_StdPeriph_Driver\src\stm32f4xx_i2c.o
I2C_ClearFlag                                     Libraries\STM32F4xx_StdPeriph_Driver\src\stm32f4xx_i2c.o
I2C_ClearITPendingBit                             Libraries\STM32F4xx_StdPeriph_Driver\src\stm32f4xx_i2c.o
I2C_Cmd                                           Libraries\STM32F4xx_StdPeriph_Driver\src\stm32f4xx_i2c.o
I2C_DMACmd                                        Libraries\STM32F4xx_StdPeriph_Driver\src\stm32f4xx_i2c.o
I2C_DMALastTransferCmd                            Libraries\STM32F4xx_StdPeriph_Driver\src\stm32f4xx_i2c.o
I2C_DeInit                                        Libraries\STM32F4xx_StdPeriph_Driver\src\stm32f4xx_i2c.o
I2C_DigitalFilterConfig                           Libraries\STM32F4xx_StdPeriph_Driver\src\stm32f4xx_i2c.o
I2C_DualAddressCmd                                Libraries\STM32F4xx_StdPeriph_Driver\src\stm32f4xx_i2c.o
I2C_FastModeDutyCycleConfig                       Libraries\STM32F4xx_StdPeriph_Driver\src\stm32f4xx_i2c.o
I2C_GeneralCallCmd                                Libraries\STM32F4xx_StdPeriph_Driver\src\stm32f4xx_i2c.o
I2C_GenerateSTART                                 Libraries\STM32F4xx_StdPeriph_Driver\src\stm32f4xx_i2c.o
I2C_GenerateSTOP                                  Libraries\STM32F4xx_StdPeriph_Driver\src\stm32f4xx_i2c.o
I2C_GetFlagStatus                                 Libraries\STM32F4xx_StdPeriph_Driver\src\stm32f4xx_i2c.o
I2C_GetITStatus                                   Libraries\STM32F4xx_StdPeriph_Driver\src\stm32f4xx_i2c.o
I2C_GetLastEvent                                  Libraries\STM32F4xx_StdPeriph_Driver\src\stm32f4xx_i2c.o
I2C_GetPEC                                        Libraries\STM32F4xx_StdPeriph_Driver\src\stm32f4xx_i2c.o
I2C_ITConfig                                      Libraries\STM32F4xx_StdPeriph_Driver\src\stm32f4xx_i2c.o
I2C_Init                                          Libraries\STM32F4xx_StdPeriph_Driver\src\stm32f4xx_i2c.o
I2C_NACKPositionConfig                            Libraries\STM32F4xx_StdPeriph_Driver\src\stm32f4xx_i2c.o
I2C_OwnAddress2Config                             Libraries\STM32F4xx_StdPeriph_Driver\src\stm32f4xx_i2c.o
I2C_PECPositionConfig                             Libraries\STM32F4xx_StdPeriph_Driver\src\stm32f4xx_i2c.o
I2C_ReadRegister                                  Libraries\STM32F4xx_StdPeriph_Driver\src\stm32f4xx_i2c.o
I2C_ReceiveData                                   Libraries\STM32F4xx_StdPeriph_Driver\src\stm32f4xx_i2c.o
I2C_SMBusAlertConfig                              Libraries\STM32F4xx_StdPeriph_Driver\src\stm32f4xx_i2c.o
I2C_Send7bitAddress                               Libraries\STM32F4xx_StdPeriph_Driver\src\stm32f4xx_i2c.o
I2C_SendData                                      Libraries\STM32F4xx_StdPeriph_Driver\src\stm32f4xx_i2c.o
I2C_SoftwareResetCmd                              Libraries\STM32F4xx_StdPeriph_Driver\src\stm32f4xx_i2c.o
I2C_StretchClockCmd                               Libraries\STM32F4xx_StdPeriph_Driver\src\stm32f4xx_i2c.o
I2C_StructInit                                    Libraries\STM32F4xx_StdPeriph_Driver\src\stm32f4xx_i2c.o
I2C_TransmitPEC                                   Libraries\STM32F4xx_StdPeriph_Driver\src\stm32f4xx_i2c.o
I2S_Cmd                                           Libraries\STM32F4xx_StdPeriph_Driver\src\stm32f4xx_spi.o
I2S_FullDuplexConfig                              Libraries\STM32F4xx_StdPeriph_Driver\src\stm32f4xx_spi.o
I2S_Init                                          Libraries\STM32F4xx_StdPeriph_Driver\src\stm32f4xx_spi.o
I2S_StructInit                                    Libraries\STM32F4xx_StdPeriph_Driver\src\stm32f4xx_spi.o