CAT25512.c:9:6:CAT25512_SendByte	8	static
CAT25512.c:21:20:CAT25512_RecieveData	8	static
CAT25512.c:33:6:CAT25512_init	64	static
CAT25512.c:85:15:CAT25512_ReadStatusRegister	16	static
CAT25512.c:98:6:CAT25512_WriteStatusRegister	16	static
CAT25512.c:109:6:CAT25512_WREN	8	static
CAT25512.c:118:6:CAT25512_WRDI	8	static
CAT25512.c:127:6:CAT25512_WriteByte	16	static
CAT25512.c:139:15:CAT25512_ReadByte	16	static
CAT25512.c:153:6:CAT25512_write_block	24	static
CAT25512.c:201:6:CAT25512_read_block	16	static
